[LongTailCIFAR100] Train set created:
  Total samples          : 6,508
  Head class (0) count   : 300
  Tail class (99) count  : 3
  Target imbalance ratio : 100.0
  Achieved IR            : 100.00
  Augmentations           : Yes
[CE seed=88] Epoch   1/200 | LR 0.020000 | Train Loss 4.2916 | Train Acc 8.19% | GradNorm 2.99
[CE seed=88] Epoch  10/200 | LR 0.100000 | Train Loss 2.8345 | Train Acc 29.44% | GradNorm 1.31
[CE seed=88] Epoch  20/200 | LR 0.100000 | Train Loss 2.1124 | Train Acc 44.30% | GradNorm 1.53
[CE seed=88] Epoch  30/200 | LR 0.100000 | Train Loss 1.5830 | Train Acc 56.01% | GradNorm 1.69
[CE seed=88] Epoch  40/200 | LR 0.100000 | Train Loss 1.1663 | Train Acc 66.18% | GradNorm 1.74
[CE seed=88] Epoch  50/200 | LR 0.100000 | Train Loss 0.8940 | Train Acc 73.43% | GradNorm 1.85
[CE seed=88] Epoch  60/200 | LR 0.100000 | Train Loss 0.6781 | Train Acc 79.55% | GradNorm 1.79
[CE seed=88] Epoch  70/200 | LR 0.100000 | Train Loss 0.5440 | Train Acc 82.84% | GradNorm 1.77
[CE seed=88] Epoch  80/200 | LR 0.100000 | Train Loss 0.4417 | Train Acc 85.71% | GradNorm 1.75
[CE seed=88] Epoch  90/200 | LR 0.100000 | Train Loss 0.3980 | Train Acc 87.75% | GradNorm 1.74
[CE seed=88] Epoch 100/200 | LR 0.100000 | Train Loss 0.3699 | Train Acc 88.00% | GradNorm 1.70
[CE seed=88] Epoch 110/200 | LR 0.100000 | Train Loss 0.2867 | Train Acc 91.04% | GradNorm 1.55
[CE seed=88] Epoch 120/200 | LR 0.100000 | Train Loss 0.3350 | Train Acc 89.52% | GradNorm 1.69
[CE seed=88] Epoch 130/200 | LR 0.100000 | Train Loss 0.2625 | Train Acc 91.75% | GradNorm 1.60
[CE seed=88] Epoch 140/200 | LR 0.100000 | Train Loss 0.2306 | Train Acc 92.82% | GradNorm 1.48
[CE seed=88] Epoch 150/200 | LR 0.100000 | Train Loss 0.2569 | Train Acc 92.03% | GradNorm 1.57
[CE seed=88] Epoch 160/200 | LR 0.100000 | Train Loss 0.1790 | Train Acc 94.61% | GradNorm 1.33
[CE seed=88] Epoch 170/200 | LR 0.001000 | Train Loss 0.0578 | Train Acc 98.86% | GradNorm 0.63
[CE seed=88] Epoch 180/200 | LR 0.001000 | Train Loss 0.0470 | Train Acc 99.31% | GradNorm 0.53
[CE seed=88] Epoch 190/200 | LR 0.000010 | Train Loss 0.0481 | Train Acc 99.20% | GradNorm 0.54
[CE] checkpoint -> CE_seed88_final.pt
[CE seed=88] Epoch 200/200 | LR 0.000010 | Train Loss 0.0476 | Train Acc 99.19% | GradNorm 0.55
[CE seed=88] done in 680s (200 epochs, final-epoch model is the reported model)
History saved to /kaggle/working/rs3/runs/ridge_sinkhorn_3seed_v1/attempts/inner/ce/seed_88/outer_3/inner_1/20260928T162620.829238Z-4bdd33a669f7/expert_CE/seed_88/outer_3/inner_1/training_history.json
Loaded checkpoint from /kaggle/working/rs3/runs/ridge_sinkhorn_3seed_v1/attempts/inner/ce/seed_88/outer_3/inner_1/20260928T162620.829238Z-4bdd33a669f7/expert_CE/seed_88/outer_3/inner_1/checkpoints/CE_seed88_final.pt (epoch 200, seed 88)
[LongTailCIFAR100] Val set created:
  Total samples          : 2,170
  Head class (0) count   : 100
  Tail class (99) count  : 1
  Target imbalance ratio : 100.0
  Achieved IR            : 100.00
  Augmentations           : No
