[LongTailCIFAR100] Train set created:
  Total samples          : 6,509
  Head class (0) count   : 300
  Tail class (99) count  : 3
  Target imbalance ratio : 100.0
  Achieved IR            : 100.00
  Augmentations           : Yes
[Mixup seed=1034] Epoch   1/200 | LR 0.020000 | Train Loss 4.4151 | GradNorm 2.94
[Mixup seed=1034] Epoch  10/200 | LR 0.100000 | Train Loss 3.3633 | GradNorm 0.91
[Mixup seed=1034] Epoch  20/200 | LR 0.100000 | Train Loss 3.0602 | GradNorm 1.02
[Mixup seed=1034] Epoch  30/200 | LR 0.100000 | Train Loss 2.9378 | GradNorm 1.06
[Mixup seed=1034] Epoch  40/200 | LR 0.100000 | Train Loss 2.7810 | GradNorm 1.09
[Mixup seed=1034] Epoch  50/200 | LR 0.100000 | Train Loss 2.6865 | GradNorm 1.11
[Mixup seed=1034] Epoch  60/200 | LR 0.100000 | Train Loss 2.5318 | GradNorm 1.23
[Mixup seed=1034] Epoch  70/200 | LR 0.100000 | Train Loss 2.2894 | GradNorm 1.28
[Mixup seed=1034] Epoch  80/200 | LR 0.100000 | Train Loss 2.2603 | GradNorm 1.21
[Mixup seed=1034] Epoch  90/200 | LR 0.100000 | Train Loss 2.2067 | GradNorm 1.26
[Mixup seed=1034] Epoch 100/200 | LR 0.100000 | Train Loss 2.1450 | GradNorm 1.25
[Mixup seed=1034] Epoch 110/200 | LR 0.100000 | Train Loss 2.1999 | GradNorm 1.26
[Mixup seed=1034] Epoch 120/200 | LR 0.100000 | Train Loss 2.0773 | GradNorm 1.24
[Mixup seed=1034] Epoch 130/200 | LR 0.100000 | Train Loss 2.2228 | GradNorm 1.26
[Mixup seed=1034] Epoch 140/200 | LR 0.100000 | Train Loss 2.0667 | GradNorm 1.31
[Mixup seed=1034] Epoch 150/200 | LR 0.100000 | Train Loss 1.9590 | GradNorm 1.24
[Mixup seed=1034] Epoch 160/200 | LR 0.100000 | Train Loss 1.7548 | GradNorm 1.25
[Mixup seed=1034] Epoch 170/200 | LR 0.001000 | Train Loss 1.8368 | GradNorm 1.11
[Mixup seed=1034] Epoch 180/200 | LR 0.001000 | Train Loss 1.8442 | GradNorm 1.11
[Mixup seed=1034] Epoch 190/200 | LR 0.000010 | Train Loss 1.8539 | GradNorm 1.10
[Mixup] checkpoint -> Mixup_seed1034_final.pt
[Mixup seed=1034] Epoch 200/200 | LR 0.000010 | Train Loss 1.7763 | GradNorm 1.07
[Mixup seed=1034] done in 707s (200 epochs, final-epoch model is the reported model)
History saved to /kaggle/working/rs3/runs/ridge_sinkhorn_3seed_v1/attempts/inner/mixup/seed_1034/outer_2/inner_3/20260928T205600.038916Z-88c02921bfb9/expert_Mixup/seed_1034/outer_2/inner_3/training_history.json
Loaded checkpoint from /kaggle/working/rs3/runs/ridge_sinkhorn_3seed_v1/attempts/inner/mixup/seed_1034/outer_2/inner_3/20260928T205600.038916Z-88c02921bfb9/expert_Mixup/seed_1034/outer_2/inner_3/checkpoints/Mixup_seed1034_final.pt (epoch 200, seed 1034)
[LongTailCIFAR100] Val set created:
  Total samples          : 2,169
  Head class (0) count   : 100
  Tail class (99) count  : 1
  Target imbalance ratio : 100.0
  Achieved IR            : 100.00
  Augmentations           : No
