[LongTailCIFAR100] Train set created:
  Total samples          : 6,509
  Head class (0) count   : 300
  Tail class (99) count  : 3
  Target imbalance ratio : 100.0
  Achieved IR            : 100.00
  Augmentations           : Yes
[Mixup seed=88] Epoch   1/200 | LR 0.020000 | Train Loss 4.3482 | GradNorm 2.64
[Mixup seed=88] Epoch  10/200 | LR 0.100000 | Train Loss 3.4657 | GradNorm 0.87
[Mixup seed=88] Epoch  20/200 | LR 0.100000 | Train Loss 3.0801 | GradNorm 0.98
[Mixup seed=88] Epoch  30/200 | LR 0.100000 | Train Loss 2.8163 | GradNorm 1.07
[Mixup seed=88] Epoch  40/200 | LR 0.100000 | Train Loss 2.7789 | GradNorm 1.08
[Mixup seed=88] Epoch  50/200 | LR 0.100000 | Train Loss 2.5962 | GradNorm 1.18
[Mixup seed=88] Epoch  60/200 | LR 0.100000 | Train Loss 2.5054 | GradNorm 1.18
[Mixup seed=88] Epoch  70/200 | LR 0.100000 | Train Loss 2.1921 | GradNorm 1.23
[Mixup seed=88] Epoch  80/200 | LR 0.100000 | Train Loss 2.3110 | GradNorm 1.23
[Mixup seed=88] Epoch  90/200 | LR 0.100000 | Train Loss 2.2388 | GradNorm 1.24
[Mixup seed=88] Epoch 100/200 | LR 0.100000 | Train Loss 2.2726 | GradNorm 1.26
[Mixup seed=88] Epoch 110/200 | LR 0.100000 | Train Loss 2.1755 | GradNorm 1.29
[Mixup seed=88] Epoch 120/200 | LR 0.100000 | Train Loss 2.1222 | GradNorm 1.32
[Mixup seed=88] Epoch 130/200 | LR 0.100000 | Train Loss 2.0292 | GradNorm 1.24
[Mixup seed=88] Epoch 140/200 | LR 0.100000 | Train Loss 1.9671 | GradNorm 1.22
[Mixup seed=88] Epoch 150/200 | LR 0.100000 | Train Loss 2.2043 | GradNorm 1.37
[Mixup seed=88] Epoch 160/200 | LR 0.100000 | Train Loss 1.9662 | GradNorm 1.27
[Mixup seed=88] Epoch 170/200 | LR 0.001000 | Train Loss 1.9435 | GradNorm 1.11
[Mixup seed=88] Epoch 180/200 | LR 0.001000 | Train Loss 1.8004 | GradNorm 1.05
[Mixup seed=88] Epoch 190/200 | LR 0.000010 | Train Loss 1.8074 | GradNorm 1.08
[Mixup] checkpoint -> Mixup_seed88_final.pt
[Mixup seed=88] Epoch 200/200 | LR 0.000010 | Train Loss 1.8709 | GradNorm 1.09
[Mixup seed=88] done in 682s (200 epochs, final-epoch model is the reported model)
History saved to /kaggle/working/rs3/runs/ridge_sinkhorn_3seed_v1/attempts/inner/mixup/seed_88/outer_2/inner_2/20260928T231954.439632Z-0e79409a259a/expert_Mixup/seed_88/outer_2/inner_2/training_history.json
Loaded checkpoint from /kaggle/working/rs3/runs/ridge_sinkhorn_3seed_v1/attempts/inner/mixup/seed_88/outer_2/inner_2/20260928T231954.439632Z-0e79409a259a/expert_Mixup/seed_88/outer_2/inner_2/checkpoints/Mixup_seed88_final.pt (epoch 200, seed 88)
[LongTailCIFAR100] Val set created:
  Total samples          : 2,169
  Head class (0) count   : 100
  Tail class (99) count  : 1
  Target imbalance ratio : 100.0
  Achieved IR            : 100.00
  Augmentations           : No
