[LongTailCIFAR100] Train set created:
  Total samples          : 6,508
  Head class (0) count   : 300
  Tail class (99) count  : 3
  Target imbalance ratio : 100.0
  Achieved IR            : 100.00
  Augmentations           : Yes
[BalancedSoftmax seed=88] Epoch   1/200 | LR 0.020000 | Train Loss 4.2516 | Train Acc 2.50% | GradNorm 2.94
[BalancedSoftmax seed=88] Epoch  10/200 | LR 0.100000 | Train Loss 2.7737 | Train Acc 25.18% | GradNorm 1.30
[BalancedSoftmax seed=88] Epoch  20/200 | LR 0.100000 | Train Loss 2.0768 | Train Acc 37.55% | GradNorm 1.51
[BalancedSoftmax seed=88] Epoch  30/200 | LR 0.100000 | Train Loss 1.5936 | Train Acc 49.42% | GradNorm 1.68
[BalancedSoftmax seed=88] Epoch  40/200 | LR 0.100000 | Train Loss 1.2129 | Train Acc 57.28% | GradNorm 1.79
[BalancedSoftmax seed=88] Epoch  50/200 | LR 0.100000 | Train Loss 0.9281 | Train Acc 65.35% | GradNorm 1.89
[BalancedSoftmax seed=88] Epoch  60/200 | LR 0.100000 | Train Loss 0.7080 | Train Acc 72.68% | GradNorm 1.79
[BalancedSoftmax seed=88] Epoch  70/200 | LR 0.100000 | Train Loss 0.5715 | Train Acc 76.43% | GradNorm 1.78
[BalancedSoftmax seed=88] Epoch  80/200 | LR 0.100000 | Train Loss 0.4449 | Train Acc 80.59% | GradNorm 1.73
[BalancedSoftmax seed=88] Epoch  90/200 | LR 0.100000 | Train Loss 0.3960 | Train Acc 82.78% | GradNorm 1.75
[BalancedSoftmax seed=88] Epoch 100/200 | LR 0.100000 | Train Loss 0.3393 | Train Acc 85.10% | GradNorm 1.66
[BalancedSoftmax seed=88] Epoch 110/200 | LR 0.100000 | Train Loss 0.3327 | Train Acc 85.51% | GradNorm 1.66
[BalancedSoftmax seed=88] Epoch 120/200 | LR 0.100000 | Train Loss 0.3087 | Train Acc 86.43% | GradNorm 1.65
[BalancedSoftmax seed=88] Epoch 130/200 | LR 0.100000 | Train Loss 0.2895 | Train Acc 87.62% | GradNorm 1.64
[BalancedSoftmax seed=88] Epoch 140/200 | LR 0.100000 | Train Loss 0.2616 | Train Acc 88.48% | GradNorm 1.59
[BalancedSoftmax seed=88] Epoch 150/200 | LR 0.100000 | Train Loss 0.2184 | Train Acc 89.84% | GradNorm 1.49
[BalancedSoftmax seed=88] Epoch 160/200 | LR 0.100000 | Train Loss 0.2075 | Train Acc 90.67% | GradNorm 1.44
[BalancedSoftmax seed=88] Epoch 170/200 | LR 0.001000 | Train Loss 0.0633 | Train Acc 96.80% | GradNorm 0.70
[BalancedSoftmax seed=88] Epoch 180/200 | LR 0.001000 | Train Loss 0.0395 | Train Acc 98.05% | GradNorm 0.48
[BalancedSoftmax seed=88] Epoch 190/200 | LR 0.000010 | Train Loss 0.0414 | Train Acc 98.08% | GradNorm 0.49
[BalancedSoftmax] checkpoint -> BalancedSoftmax_seed88_final.pt
[BalancedSoftmax seed=88] Epoch 200/200 | LR 0.000010 | Train Loss 0.0409 | Train Acc 98.29% | GradNorm 0.49
[BalancedSoftmax seed=88] done in 691s (200 epochs, final-epoch model is the reported model)
History saved to /kaggle/working/rs3/runs/ridge_sinkhorn_3seed_v1/attempts/inner/balanced_softmax/seed_88/outer_0/inner_3/20260930T070633.436802Z-2360403ea78c/expert_BalancedSoftmax/seed_88/outer_0/inner_3/training_history.json
Loaded checkpoint from /kaggle/working/rs3/runs/ridge_sinkhorn_3seed_v1/attempts/inner/balanced_softmax/seed_88/outer_0/inner_3/20260930T070633.436802Z-2360403ea78c/expert_BalancedSoftmax/seed_88/outer_0/inner_3/checkpoints/BalancedSoftmax_seed88_final.pt (epoch 200, seed 88)
[LongTailCIFAR100] Val set created:
  Total samples          : 2,169
  Head class (0) count   : 100
  Tail class (99) count  : 1
  Target imbalance ratio : 100.0
  Achieved IR            : 100.00
  Augmentations           : No
