[LongTailCIFAR100] Train set created:
  Total samples          : 6,508
  Head class (0) count   : 300
  Tail class (99) count  : 3
  Target imbalance ratio : 100.0
  Achieved IR            : 100.00
  Augmentations           : Yes
[Mixup seed=88] Epoch   1/200 | LR 0.020000 | Train Loss 4.3682 | GradNorm 2.67
[Mixup seed=88] Epoch  10/200 | LR 0.100000 | Train Loss 3.4359 | GradNorm 0.88
[Mixup seed=88] Epoch  20/200 | LR 0.100000 | Train Loss 3.0275 | GradNorm 1.00
[Mixup seed=88] Epoch  30/200 | LR 0.100000 | Train Loss 2.7390 | GradNorm 1.09
[Mixup seed=88] Epoch  40/200 | LR 0.100000 | Train Loss 2.7596 | GradNorm 1.07
[Mixup seed=88] Epoch  50/200 | LR 0.100000 | Train Loss 2.5704 | GradNorm 1.17
[Mixup seed=88] Epoch  60/200 | LR 0.100000 | Train Loss 2.4776 | GradNorm 1.19
[Mixup seed=88] Epoch  70/200 | LR 0.100000 | Train Loss 2.2000 | GradNorm 1.22
[Mixup seed=88] Epoch  80/200 | LR 0.100000 | Train Loss 2.3121 | GradNorm 1.24
[Mixup seed=88] Epoch  90/200 | LR 0.100000 | Train Loss 2.2332 | GradNorm 1.23
[Mixup seed=88] Epoch 100/200 | LR 0.100000 | Train Loss 2.2534 | GradNorm 1.25
[Mixup seed=88] Epoch 110/200 | LR 0.100000 | Train Loss 2.1449 | GradNorm 1.29
[Mixup seed=88] Epoch 120/200 | LR 0.100000 | Train Loss 2.0982 | GradNorm 1.29
[Mixup seed=88] Epoch 130/200 | LR 0.100000 | Train Loss 2.0279 | GradNorm 1.23
[Mixup seed=88] Epoch 140/200 | LR 0.100000 | Train Loss 1.9613 | GradNorm 1.23
[Mixup seed=88] Epoch 150/200 | LR 0.100000 | Train Loss 2.1816 | GradNorm 1.31
[Mixup seed=88] Epoch 160/200 | LR 0.100000 | Train Loss 1.9408 | GradNorm 1.26
[Mixup seed=88] Epoch 170/200 | LR 0.001000 | Train Loss 1.9417 | GradNorm 1.11
[Mixup seed=88] Epoch 180/200 | LR 0.001000 | Train Loss 1.7825 | GradNorm 1.04
[Mixup seed=88] Epoch 190/200 | LR 0.000010 | Train Loss 1.8243 | GradNorm 1.08
[Mixup] checkpoint -> Mixup_seed88_final.pt
[Mixup seed=88] Epoch 200/200 | LR 0.000010 | Train Loss 1.8677 | GradNorm 1.07
[Mixup seed=88] done in 692s (200 epochs, final-epoch model is the reported model)
History saved to /kaggle/working/rs3/runs/ridge_sinkhorn_3seed_v1/attempts/inner/mixup/seed_88/outer_0/inner_2/20260930T032925.527883Z-2884969122f8/expert_Mixup/seed_88/outer_0/inner_2/training_history.json
Loaded checkpoint from /kaggle/working/rs3/runs/ridge_sinkhorn_3seed_v1/attempts/inner/mixup/seed_88/outer_0/inner_2/20260930T032925.527883Z-2884969122f8/expert_Mixup/seed_88/outer_0/inner_2/checkpoints/Mixup_seed88_final.pt (epoch 200, seed 88)
[LongTailCIFAR100] Val set created:
  Total samples          : 2,169
  Head class (0) count   : 100
  Tail class (99) count  : 1
  Target imbalance ratio : 100.0
  Achieved IR            : 100.00
  Augmentations           : No
