[LongTailCIFAR100] Train set created:
  Total samples          : 6,509
  Head class (0) count   : 300
  Tail class (99) count  : 3
  Target imbalance ratio : 100.0
  Achieved IR            : 100.00
  Augmentations           : Yes
[BalancedSoftmax seed=78] Epoch   1/200 | LR 0.020000 | Train Loss 4.3239 | Train Acc 3.47% | GradNorm 3.07
[BalancedSoftmax seed=78] Epoch  10/200 | LR 0.100000 | Train Loss 2.8121 | Train Acc 23.40% | GradNorm 1.33
[BalancedSoftmax seed=78] Epoch  20/200 | LR 0.100000 | Train Loss 2.0837 | Train Acc 38.64% | GradNorm 1.54
[BalancedSoftmax seed=78] Epoch  30/200 | LR 0.100000 | Train Loss 1.5512 | Train Acc 50.18% | GradNorm 1.68
[BalancedSoftmax seed=78] Epoch  40/200 | LR 0.100000 | Train Loss 1.1454 | Train Acc 59.26% | GradNorm 1.76
[BalancedSoftmax seed=78] Epoch  50/200 | LR 0.100000 | Train Loss 0.9316 | Train Acc 64.88% | GradNorm 1.90
[BalancedSoftmax seed=78] Epoch  60/200 | LR 0.100000 | Train Loss 0.6856 | Train Acc 72.05% | GradNorm 1.80
[BalancedSoftmax seed=78] Epoch  70/200 | LR 0.100000 | Train Loss 0.5054 | Train Acc 78.66% | GradNorm 1.74
[BalancedSoftmax seed=78] Epoch  80/200 | LR 0.100000 | Train Loss 0.4327 | Train Acc 82.02% | GradNorm 1.72
[BalancedSoftmax seed=78] Epoch  90/200 | LR 0.100000 | Train Loss 0.4079 | Train Acc 82.84% | GradNorm 1.77
[BalancedSoftmax seed=78] Epoch 100/200 | LR 0.100000 | Train Loss 0.2625 | Train Acc 87.85% | GradNorm 1.48
[BalancedSoftmax seed=78] Epoch 110/200 | LR 0.100000 | Train Loss 0.2358 | Train Acc 89.52% | GradNorm 1.44
[BalancedSoftmax seed=78] Epoch 120/200 | LR 0.100000 | Train Loss 0.2578 | Train Acc 88.03% | GradNorm 1.48
[BalancedSoftmax seed=78] Epoch 130/200 | LR 0.100000 | Train Loss 0.2645 | Train Acc 88.26% | GradNorm 1.59
[BalancedSoftmax seed=78] Epoch 140/200 | LR 0.100000 | Train Loss 0.2606 | Train Acc 88.39% | GradNorm 1.59
[BalancedSoftmax seed=78] Epoch 150/200 | LR 0.100000 | Train Loss 0.2155 | Train Acc 90.09% | GradNorm 1.47
[BalancedSoftmax seed=78] Epoch 160/200 | LR 0.100000 | Train Loss 0.2265 | Train Acc 89.68% | GradNorm 1.54
[BalancedSoftmax seed=78] Epoch 170/200 | LR 0.001000 | Train Loss 0.0584 | Train Acc 97.19% | GradNorm 0.63
[BalancedSoftmax seed=78] Epoch 180/200 | LR 0.001000 | Train Loss 0.0427 | Train Acc 98.26% | GradNorm 0.49
[BalancedSoftmax seed=78] Epoch 190/200 | LR 0.000010 | Train Loss 0.0445 | Train Acc 98.06% | GradNorm 0.53
[BalancedSoftmax] checkpoint -> BalancedSoftmax_seed78_final.pt
[BalancedSoftmax seed=78] Epoch 200/200 | LR 0.000010 | Train Loss 0.0408 | Train Acc 98.26% | GradNorm 0.48
[BalancedSoftmax seed=78] done in 730s (200 epochs, final-epoch model is the reported model)
History saved to /kaggle/working/rs3/runs/ridge_sinkhorn_3seed_v1/attempts/inner/balanced_softmax/seed_78/outer_2/inner_2/20260927T055406.889705Z-9a868320d579/expert_BalancedSoftmax/seed_78/outer_2/inner_2/training_history.json
Loaded checkpoint from /kaggle/working/rs3/runs/ridge_sinkhorn_3seed_v1/attempts/inner/balanced_softmax/seed_78/outer_2/inner_2/20260927T055406.889705Z-9a868320d579/expert_BalancedSoftmax/seed_78/outer_2/inner_2/checkpoints/BalancedSoftmax_seed78_final.pt (epoch 200, seed 78)
[LongTailCIFAR100] Val set created:
  Total samples          : 2,169
  Head class (0) count   : 100
  Tail class (99) count  : 1
  Target imbalance ratio : 100.0
  Achieved IR            : 100.00
  Augmentations           : No
