[LongTailCIFAR100] Train set created:
  Total samples          : 6,508
  Head class (0) count   : 300
  Tail class (99) count  : 3
  Target imbalance ratio : 100.0
  Achieved IR            : 100.00
  Augmentations           : Yes
[Mixup seed=88] Epoch   1/200 | LR 0.020000 | Train Loss 4.3627 | GradNorm 2.65
[Mixup seed=88] Epoch  10/200 | LR 0.100000 | Train Loss 3.4574 | GradNorm 0.87
[Mixup seed=88] Epoch  20/200 | LR 0.100000 | Train Loss 3.0970 | GradNorm 0.98
[Mixup seed=88] Epoch  30/200 | LR 0.100000 | Train Loss 2.8127 | GradNorm 1.08
[Mixup seed=88] Epoch  40/200 | LR 0.100000 | Train Loss 2.8127 | GradNorm 1.08
[Mixup seed=88] Epoch  50/200 | LR 0.100000 | Train Loss 2.6429 | GradNorm 1.14
[Mixup seed=88] Epoch  60/200 | LR 0.100000 | Train Loss 2.5273 | GradNorm 1.16
[Mixup seed=88] Epoch  70/200 | LR 0.100000 | Train Loss 2.2322 | GradNorm 1.20
[Mixup seed=88] Epoch  80/200 | LR 0.100000 | Train Loss 2.3769 | GradNorm 1.25
[Mixup seed=88] Epoch  90/200 | LR 0.100000 | Train Loss 2.2814 | GradNorm 1.22
[Mixup seed=88] Epoch 100/200 | LR 0.100000 | Train Loss 2.3043 | GradNorm 1.25
[Mixup seed=88] Epoch 110/200 | LR 0.100000 | Train Loss 2.2077 | GradNorm 1.30
[Mixup seed=88] Epoch 120/200 | LR 0.100000 | Train Loss 2.1516 | GradNorm 1.30
[Mixup seed=88] Epoch 130/200 | LR 0.100000 | Train Loss 2.0596 | GradNorm 1.24
[Mixup seed=88] Epoch 140/200 | LR 0.100000 | Train Loss 1.9842 | GradNorm 1.23
[Mixup seed=88] Epoch 150/200 | LR 0.100000 | Train Loss 2.1943 | GradNorm 1.33
[Mixup seed=88] Epoch 160/200 | LR 0.100000 | Train Loss 1.9812 | GradNorm 1.28
[Mixup seed=88] Epoch 170/200 | LR 0.001000 | Train Loss 1.9645 | GradNorm 1.11
[Mixup seed=88] Epoch 180/200 | LR 0.001000 | Train Loss 1.8087 | GradNorm 1.03
[Mixup seed=88] Epoch 190/200 | LR 0.000010 | Train Loss 1.8497 | GradNorm 1.08
[Mixup] checkpoint -> Mixup_seed88_final.pt
[Mixup seed=88] Epoch 200/200 | LR 0.000010 | Train Loss 1.8971 | GradNorm 1.08
[Mixup seed=88] done in 677s (200 epochs, final-epoch model is the reported model)
History saved to /kaggle/working/rs3/runs/ridge_sinkhorn_3seed_v1/attempts/inner/mixup/seed_88/outer_4/inner_1/20260929T002206.368992Z-b0d0a7a4ae9a/expert_Mixup/seed_88/outer_4/inner_1/training_history.json
Loaded checkpoint from /kaggle/working/rs3/runs/ridge_sinkhorn_3seed_v1/attempts/inner/mixup/seed_88/outer_4/inner_1/20260929T002206.368992Z-b0d0a7a4ae9a/expert_Mixup/seed_88/outer_4/inner_1/checkpoints/Mixup_seed88_final.pt (epoch 200, seed 88)
[LongTailCIFAR100] Val set created:
  Total samples          : 2,170
  Head class (0) count   : 100
  Tail class (99) count  : 1
  Target imbalance ratio : 100.0
  Achieved IR            : 100.00
  Augmentations           : No
