[LongTailCIFAR100] Train set created:
  Total samples          : 6,507
  Head class (0) count   : 300
  Tail class (99) count  : 3
  Target imbalance ratio : 100.0
  Achieved IR            : 100.00
  Augmentations           : Yes
[CE seed=1034] Epoch   1/200 | LR 0.020000 | Train Loss 4.3271 | Train Acc 7.42% | GradNorm 3.11
[CE seed=1034] Epoch  10/200 | LR 0.100000 | Train Loss 2.7890 | Train Acc 30.66% | GradNorm 1.34
[CE seed=1034] Epoch  20/200 | LR 0.100000 | Train Loss 2.0055 | Train Acc 46.07% | GradNorm 1.56
[CE seed=1034] Epoch  30/200 | LR 0.100000 | Train Loss 1.4932 | Train Acc 59.09% | GradNorm 1.64
[CE seed=1034] Epoch  40/200 | LR 0.100000 | Train Loss 1.1847 | Train Acc 65.56% | GradNorm 1.79
[CE seed=1034] Epoch  50/200 | LR 0.100000 | Train Loss 0.9052 | Train Acc 73.23% | GradNorm 1.87
[CE seed=1034] Epoch  60/200 | LR 0.100000 | Train Loss 0.6832 | Train Acc 78.70% | GradNorm 1.82
[CE seed=1034] Epoch  70/200 | LR 0.100000 | Train Loss 0.5351 | Train Acc 83.80% | GradNorm 1.74
[CE seed=1034] Epoch  80/200 | LR 0.100000 | Train Loss 0.4609 | Train Acc 85.14% | GradNorm 1.78
[CE seed=1034] Epoch  90/200 | LR 0.100000 | Train Loss 0.3232 | Train Acc 90.44% | GradNorm 1.53
[CE seed=1034] Epoch 100/200 | LR 0.100000 | Train Loss 0.3079 | Train Acc 90.06% | GradNorm 1.64
[CE seed=1034] Epoch 110/200 | LR 0.100000 | Train Loss 0.2846 | Train Acc 91.15% | GradNorm 1.57
[CE seed=1034] Epoch 120/200 | LR 0.100000 | Train Loss 0.2642 | Train Acc 91.33% | GradNorm 1.57
[CE seed=1034] Epoch 130/200 | LR 0.100000 | Train Loss 0.2724 | Train Acc 91.52% | GradNorm 1.63
[CE seed=1034] Epoch 140/200 | LR 0.100000 | Train Loss 0.2318 | Train Acc 92.53% | GradNorm 1.49
[CE seed=1034] Epoch 150/200 | LR 0.100000 | Train Loss 0.2462 | Train Acc 92.53% | GradNorm 1.54
[CE seed=1034] Epoch 160/200 | LR 0.100000 | Train Loss 0.1968 | Train Acc 93.78% | GradNorm 1.41
[CE seed=1034] Epoch 170/200 | LR 0.001000 | Train Loss 0.0580 | Train Acc 98.91% | GradNorm 0.62
[CE seed=1034] Epoch 180/200 | LR 0.001000 | Train Loss 0.0432 | Train Acc 99.42% | GradNorm 0.51
[CE seed=1034] Epoch 190/200 | LR 0.000010 | Train Loss 0.0433 | Train Acc 99.37% | GradNorm 0.50
[CE] checkpoint -> CE_seed1034_final.pt
[CE seed=1034] Epoch 200/200 | LR 0.000010 | Train Loss 0.0477 | Train Acc 99.19% | GradNorm 0.57
[CE seed=1034] done in 728s (200 epochs, final-epoch model is the reported model)
History saved to /kaggle/working/rs3/runs/ridge_sinkhorn_3seed_v1/attempts/inner/ce/seed_1034/outer_1/inner_0/20260927T083019.038969Z-0dc8efb6369b/expert_CE/seed_1034/outer_1/inner_0/training_history.json
Loaded checkpoint from /kaggle/working/rs3/runs/ridge_sinkhorn_3seed_v1/attempts/inner/ce/seed_1034/outer_1/inner_0/20260927T083019.038969Z-0dc8efb6369b/expert_CE/seed_1034/outer_1/inner_0/checkpoints/CE_seed1034_final.pt (epoch 200, seed 1034)
[LongTailCIFAR100] Val set created:
  Total samples          : 2,170
  Head class (0) count   : 100
  Tail class (99) count  : 1
  Target imbalance ratio : 100.0
  Achieved IR            : 100.00
  Augmentations           : No
