[LongTailCIFAR100] Train set created:
  Total samples          : 6,508
  Head class (0) count   : 300
  Tail class (99) count  : 3
  Target imbalance ratio : 100.0
  Achieved IR            : 100.00
  Augmentations           : Yes
[LAL seed=88] Epoch   1/200 | LR 0.020000 | Train Loss 4.2365 | Train Acc 2.35% | GradNorm 2.93
[LAL seed=88] Epoch  10/200 | LR 0.100000 | Train Loss 2.7542 | Train Acc 25.06% | GradNorm 1.37
[LAL seed=88] Epoch  20/200 | LR 0.100000 | Train Loss 1.9503 | Train Acc 40.89% | GradNorm 1.55
[LAL seed=88] Epoch  30/200 | LR 0.100000 | Train Loss 1.4647 | Train Acc 52.57% | GradNorm 1.67
[LAL seed=88] Epoch  40/200 | LR 0.100000 | Train Loss 1.1307 | Train Acc 60.20% | GradNorm 1.75
[LAL seed=88] Epoch  50/200 | LR 0.100000 | Train Loss 0.9071 | Train Acc 66.41% | GradNorm 1.85
[LAL seed=88] Epoch  60/200 | LR 0.100000 | Train Loss 0.6694 | Train Acc 73.39% | GradNorm 1.74
[LAL seed=88] Epoch  70/200 | LR 0.100000 | Train Loss 0.4797 | Train Acc 79.66% | GradNorm 1.66
[LAL seed=88] Epoch  80/200 | LR 0.100000 | Train Loss 0.4783 | Train Acc 79.82% | GradNorm 1.77
[LAL seed=88] Epoch  90/200 | LR 0.100000 | Train Loss 0.3588 | Train Acc 84.51% | GradNorm 1.62
[LAL seed=88] Epoch 100/200 | LR 0.100000 | Train Loss 0.3068 | Train Acc 86.85% | GradNorm 1.56
[LAL seed=88] Epoch 110/200 | LR 0.100000 | Train Loss 0.2631 | Train Acc 88.58% | GradNorm 1.51
[LAL seed=88] Epoch 120/200 | LR 0.100000 | Train Loss 0.2579 | Train Acc 88.84% | GradNorm 1.56
[LAL seed=88] Epoch 130/200 | LR 0.100000 | Train Loss 0.2445 | Train Acc 89.49% | GradNorm 1.52
[LAL seed=88] Epoch 140/200 | LR 0.100000 | Train Loss 0.2230 | Train Acc 90.61% | GradNorm 1.46
[LAL seed=88] Epoch 150/200 | LR 0.100000 | Train Loss 0.1991 | Train Acc 91.23% | GradNorm 1.39
[LAL seed=88] Epoch 160/200 | LR 0.100000 | Train Loss 0.2247 | Train Acc 90.26% | GradNorm 1.49
[LAL seed=88] Epoch 170/200 | LR 0.001000 | Train Loss 0.0582 | Train Acc 97.63% | GradNorm 0.62
[LAL seed=88] Epoch 180/200 | LR 0.001000 | Train Loss 0.0458 | Train Acc 98.06% | GradNorm 0.51
[LAL seed=88] Epoch 190/200 | LR 0.000010 | Train Loss 0.0432 | Train Acc 98.29% | GradNorm 0.49
[LAL] checkpoint -> LAL_seed88_final.pt
[LAL seed=88] Epoch 200/200 | LR 0.000010 | Train Loss 0.0443 | Train Acc 98.29% | GradNorm 0.49
[LAL seed=88] done in 725s (200 epochs, final-epoch model is the reported model)
History saved to /kaggle/working/rs3/runs/ridge_sinkhorn_3seed_v1/attempts/inner/logit_adjusted/seed_88/outer_1/inner_1/20260927T160739.116933Z-75f277cfa4c9/expert_LAL/seed_88/outer_1/inner_1/training_history.json
Loaded checkpoint from /kaggle/working/rs3/runs/ridge_sinkhorn_3seed_v1/attempts/inner/logit_adjusted/seed_88/outer_1/inner_1/20260927T160739.116933Z-75f277cfa4c9/expert_LAL/seed_88/outer_1/inner_1/checkpoints/LAL_seed88_final.pt (epoch 200, seed 88)
[LongTailCIFAR100] Val set created:
  Total samples          : 2,169
  Head class (0) count   : 100
  Tail class (99) count  : 1
  Target imbalance ratio : 100.0
  Achieved IR            : 100.00
  Augmentations           : No
