[LongTailCIFAR100] Train set created:
  Total samples          : 6,508
  Head class (0) count   : 300
  Tail class (99) count  : 3
  Target imbalance ratio : 100.0
  Achieved IR            : 100.00
  Augmentations           : Yes
[Mixup seed=78] Epoch   1/200 | LR 0.020000 | Train Loss 4.4006 | GradNorm 2.58
[Mixup seed=78] Epoch  10/200 | LR 0.100000 | Train Loss 3.4884 | GradNorm 0.88
[Mixup seed=78] Epoch  20/200 | LR 0.100000 | Train Loss 3.1701 | GradNorm 0.96
[Mixup seed=78] Epoch  30/200 | LR 0.100000 | Train Loss 2.9114 | GradNorm 1.08
[Mixup seed=78] Epoch  40/200 | LR 0.100000 | Train Loss 2.7297 | GradNorm 1.08
[Mixup seed=78] Epoch  50/200 | LR 0.100000 | Train Loss 2.5980 | GradNorm 1.14
[Mixup seed=78] Epoch  60/200 | LR 0.100000 | Train Loss 2.4576 | GradNorm 1.16
[Mixup seed=78] Epoch  70/200 | LR 0.100000 | Train Loss 2.3532 | GradNorm 1.20
[Mixup seed=78] Epoch  80/200 | LR 0.100000 | Train Loss 2.1591 | GradNorm 1.23
[Mixup seed=78] Epoch  90/200 | LR 0.100000 | Train Loss 2.2563 | GradNorm 1.24
[Mixup seed=78] Epoch 100/200 | LR 0.100000 | Train Loss 2.3397 | GradNorm 1.23
[Mixup seed=78] Epoch 110/200 | LR 0.100000 | Train Loss 2.1821 | GradNorm 1.24
[Mixup seed=78] Epoch 120/200 | LR 0.100000 | Train Loss 2.0510 | GradNorm 1.22
[Mixup seed=78] Epoch 130/200 | LR 0.100000 | Train Loss 2.2977 | GradNorm 1.28
[Mixup seed=78] Epoch 140/200 | LR 0.100000 | Train Loss 1.9230 | GradNorm 1.24
[Mixup seed=78] Epoch 150/200 | LR 0.100000 | Train Loss 2.1288 | GradNorm 1.24
[Mixup seed=78] Epoch 160/200 | LR 0.100000 | Train Loss 2.1497 | GradNorm 1.27
[Mixup seed=78] Epoch 170/200 | LR 0.001000 | Train Loss 1.7187 | GradNorm 1.03
[Mixup seed=78] Epoch 180/200 | LR 0.001000 | Train Loss 1.7174 | GradNorm 1.01
[Mixup seed=78] Epoch 190/200 | LR 0.000010 | Train Loss 1.7492 | GradNorm 1.01
[Mixup] checkpoint -> Mixup_seed78_final.pt
[Mixup seed=78] Epoch 200/200 | LR 0.000010 | Train Loss 1.8702 | GradNorm 1.06
[Mixup seed=78] done in 685s (200 epochs, final-epoch model is the reported model)
History saved to /kaggle/working/rs3/runs/ridge_sinkhorn_3seed_v1/attempts/inner/mixup/seed_78/outer_3/inner_1/20260930T195955.230503Z-ba871b6cba25/expert_Mixup/seed_78/outer_3/inner_1/training_history.json
Loaded checkpoint from /kaggle/working/rs3/runs/ridge_sinkhorn_3seed_v1/attempts/inner/mixup/seed_78/outer_3/inner_1/20260930T195955.230503Z-ba871b6cba25/expert_Mixup/seed_78/outer_3/inner_1/checkpoints/Mixup_seed78_final.pt (epoch 200, seed 78)
[LongTailCIFAR100] Val set created:
  Total samples          : 2,170
  Head class (0) count   : 100
  Tail class (99) count  : 1
  Target imbalance ratio : 100.0
  Achieved IR            : 100.00
  Augmentations           : No
