[LongTailCIFAR100] Train set created:
  Total samples          : 6,508
  Head class (0) count   : 300
  Tail class (99) count  : 3
  Target imbalance ratio : 100.0
  Achieved IR            : 100.00
  Augmentations           : Yes
[LAL seed=88] Epoch   1/200 | LR 0.020000 | Train Loss 4.2671 | Train Acc 2.03% | GradNorm 2.95
[LAL seed=88] Epoch  10/200 | LR 0.100000 | Train Loss 2.7791 | Train Acc 24.69% | GradNorm 1.33
[LAL seed=88] Epoch  20/200 | LR 0.100000 | Train Loss 2.0331 | Train Acc 39.07% | GradNorm 1.50
[LAL seed=88] Epoch  30/200 | LR 0.100000 | Train Loss 1.5113 | Train Acc 50.32% | GradNorm 1.63
[LAL seed=88] Epoch  40/200 | LR 0.100000 | Train Loss 1.1415 | Train Acc 59.73% | GradNorm 1.81
[LAL seed=88] Epoch  50/200 | LR 0.100000 | Train Loss 0.8828 | Train Acc 66.26% | GradNorm 1.82
[LAL seed=88] Epoch  60/200 | LR 0.100000 | Train Loss 0.6836 | Train Acc 73.36% | GradNorm 1.82
[LAL seed=88] Epoch  70/200 | LR 0.100000 | Train Loss 0.5273 | Train Acc 78.21% | GradNorm 1.82
[LAL seed=88] Epoch  80/200 | LR 0.100000 | Train Loss 0.4132 | Train Acc 81.98% | GradNorm 1.66
[LAL seed=88] Epoch  90/200 | LR 0.100000 | Train Loss 0.3511 | Train Acc 84.54% | GradNorm 1.68
[LAL seed=88] Epoch 100/200 | LR 0.100000 | Train Loss 0.3189 | Train Acc 86.54% | GradNorm 1.59
[LAL seed=88] Epoch 110/200 | LR 0.100000 | Train Loss 0.2801 | Train Acc 87.69% | GradNorm 1.55
[LAL seed=88] Epoch 120/200 | LR 0.100000 | Train Loss 0.2675 | Train Acc 88.63% | GradNorm 1.55
[LAL seed=88] Epoch 130/200 | LR 0.100000 | Train Loss 0.2510 | Train Acc 88.58% | GradNorm 1.55
[LAL seed=88] Epoch 140/200 | LR 0.100000 | Train Loss 0.1969 | Train Acc 91.00% | GradNorm 1.43
[LAL seed=88] Epoch 150/200 | LR 0.100000 | Train Loss 0.1908 | Train Acc 91.15% | GradNorm 1.40
[LAL seed=88] Epoch 160/200 | LR 0.100000 | Train Loss 0.1961 | Train Acc 91.44% | GradNorm 1.38
[LAL seed=88] Epoch 170/200 | LR 0.001000 | Train Loss 0.0563 | Train Acc 97.43% | GradNorm 0.61
[LAL seed=88] Epoch 180/200 | LR 0.001000 | Train Loss 0.0378 | Train Acc 98.54% | GradNorm 0.44
[LAL seed=88] Epoch 190/200 | LR 0.000010 | Train Loss 0.0384 | Train Acc 98.37% | GradNorm 0.46
[LAL] checkpoint -> LAL_seed88_final.pt
[LAL seed=88] Epoch 200/200 | LR 0.000010 | Train Loss 0.0408 | Train Acc 98.34% | GradNorm 0.49
[LAL seed=88] done in 724s (200 epochs, final-epoch model is the reported model)
History saved to /kaggle/working/rs3/runs/ridge_sinkhorn_3seed_v1/attempts/inner/logit_adjusted/seed_88/outer_0/inner_3/20260927T152746.748713Z-d3b77ab5d160/expert_LAL/seed_88/outer_0/inner_3/training_history.json
Loaded checkpoint from /kaggle/working/rs3/runs/ridge_sinkhorn_3seed_v1/attempts/inner/logit_adjusted/seed_88/outer_0/inner_3/20260927T152746.748713Z-d3b77ab5d160/expert_LAL/seed_88/outer_0/inner_3/checkpoints/LAL_seed88_final.pt (epoch 200, seed 88)
[LongTailCIFAR100] Val set created:
  Total samples          : 2,169
  Head class (0) count   : 100
  Tail class (99) count  : 1
  Target imbalance ratio : 100.0
  Achieved IR            : 100.00
  Augmentations           : No
