[LongTailCIFAR100] Train set created:
  Total samples          : 6,509
  Head class (0) count   : 300
  Tail class (99) count  : 3
  Target imbalance ratio : 100.0
  Achieved IR            : 100.00
  Augmentations           : Yes
[LAL seed=1034] Epoch   1/200 | LR 0.020000 | Train Loss 4.2970 | Train Acc 3.18% | GradNorm 3.36
[LAL seed=1034] Epoch  10/200 | LR 0.100000 | Train Loss 2.7602 | Train Acc 24.61% | GradNorm 1.34
[LAL seed=1034] Epoch  20/200 | LR 0.100000 | Train Loss 2.0805 | Train Acc 38.50% | GradNorm 1.54
[LAL seed=1034] Epoch  30/200 | LR 0.100000 | Train Loss 1.5949 | Train Acc 48.98% | GradNorm 1.68
[LAL seed=1034] Epoch  40/200 | LR 0.100000 | Train Loss 1.1663 | Train Acc 59.07% | GradNorm 1.79
[LAL seed=1034] Epoch  50/200 | LR 0.100000 | Train Loss 0.8915 | Train Acc 66.86% | GradNorm 1.87
[LAL seed=1034] Epoch  60/200 | LR 0.100000 | Train Loss 0.7099 | Train Acc 71.85% | GradNorm 1.87
[LAL seed=1034] Epoch  70/200 | LR 0.100000 | Train Loss 0.5111 | Train Acc 79.12% | GradNorm 1.73
[LAL seed=1034] Epoch  80/200 | LR 0.100000 | Train Loss 0.4617 | Train Acc 80.72% | GradNorm 1.79
[LAL seed=1034] Epoch  90/200 | LR 0.100000 | Train Loss 0.3677 | Train Acc 83.95% | GradNorm 1.66
[LAL seed=1034] Epoch 100/200 | LR 0.100000 | Train Loss 0.3099 | Train Acc 86.07% | GradNorm 1.56
[LAL seed=1034] Epoch 110/200 | LR 0.100000 | Train Loss 0.3161 | Train Acc 86.83% | GradNorm 1.66
[LAL seed=1034] Epoch 120/200 | LR 0.100000 | Train Loss 0.2125 | Train Acc 90.54% | GradNorm 1.37
[LAL seed=1034] Epoch 130/200 | LR 0.100000 | Train Loss 0.1999 | Train Acc 90.77% | GradNorm 1.36
[LAL seed=1034] Epoch 140/200 | LR 0.100000 | Train Loss 0.2226 | Train Acc 89.94% | GradNorm 1.45
[LAL seed=1034] Epoch 150/200 | LR 0.100000 | Train Loss 0.2530 | Train Acc 88.89% | GradNorm 1.58
[LAL seed=1034] Epoch 160/200 | LR 0.100000 | Train Loss 0.2071 | Train Acc 91.01% | GradNorm 1.45
[LAL seed=1034] Epoch 170/200 | LR 0.001000 | Train Loss 0.0610 | Train Acc 97.05% | GradNorm 0.66
[LAL seed=1034] Epoch 180/200 | LR 0.001000 | Train Loss 0.0438 | Train Acc 98.22% | GradNorm 0.50
[LAL seed=1034] Epoch 190/200 | LR 0.000010 | Train Loss 0.0394 | Train Acc 98.34% | GradNorm 0.49
[LAL] checkpoint -> LAL_seed1034_final.pt
[LAL seed=1034] Epoch 200/200 | LR 0.000010 | Train Loss 0.0455 | Train Acc 98.03% | GradNorm 0.56
[LAL seed=1034] done in 686s (200 epochs, final-epoch model is the reported model)
History saved to /kaggle/working/rs3/runs/ridge_sinkhorn_3seed_v1/attempts/inner/logit_adjusted/seed_1034/outer_2/inner_2/20260929T182232.585267Z-04869fad05d2/expert_LAL/seed_1034/outer_2/inner_2/training_history.json
Loaded checkpoint from /kaggle/working/rs3/runs/ridge_sinkhorn_3seed_v1/attempts/inner/logit_adjusted/seed_1034/outer_2/inner_2/20260929T182232.585267Z-04869fad05d2/expert_LAL/seed_1034/outer_2/inner_2/checkpoints/LAL_seed1034_final.pt (epoch 200, seed 1034)
[LongTailCIFAR100] Val set created:
  Total samples          : 2,169
  Head class (0) count   : 100
  Tail class (99) count  : 1
  Target imbalance ratio : 100.0
  Achieved IR            : 100.00
  Augmentations           : No
