[LongTailCIFAR100] Train set created:
  Total samples          : 6,509
  Head class (0) count   : 300
  Tail class (99) count  : 3
  Target imbalance ratio : 100.0
  Achieved IR            : 100.00
  Augmentations           : Yes
[LAL seed=88] Epoch   1/200 | LR 0.020000 | Train Loss 4.1927 | Train Acc 3.07% | GradNorm 3.04
[LAL seed=88] Epoch  10/200 | LR 0.100000 | Train Loss 2.6743 | Train Acc 27.22% | GradNorm 1.36
[LAL seed=88] Epoch  20/200 | LR 0.100000 | Train Loss 1.9535 | Train Acc 41.43% | GradNorm 1.54
[LAL seed=88] Epoch  30/200 | LR 0.100000 | Train Loss 1.4749 | Train Acc 51.65% | GradNorm 1.68
[LAL seed=88] Epoch  40/200 | LR 0.100000 | Train Loss 1.0826 | Train Acc 61.81% | GradNorm 1.76
[LAL seed=88] Epoch  50/200 | LR 0.100000 | Train Loss 0.8763 | Train Acc 66.37% | GradNorm 1.84
[LAL seed=88] Epoch  60/200 | LR 0.100000 | Train Loss 0.6475 | Train Acc 73.74% | GradNorm 1.77
[LAL seed=88] Epoch  70/200 | LR 0.100000 | Train Loss 0.5189 | Train Acc 78.54% | GradNorm 1.75
[LAL seed=88] Epoch  80/200 | LR 0.100000 | Train Loss 0.4161 | Train Acc 82.35% | GradNorm 1.70
[LAL seed=88] Epoch  90/200 | LR 0.100000 | Train Loss 0.3796 | Train Acc 84.13% | GradNorm 1.70
[LAL seed=88] Epoch 100/200 | LR 0.100000 | Train Loss 0.3006 | Train Acc 86.27% | GradNorm 1.54
[LAL seed=88] Epoch 110/200 | LR 0.100000 | Train Loss 0.2795 | Train Acc 87.60% | GradNorm 1.57
[LAL seed=88] Epoch 120/200 | LR 0.100000 | Train Loss 0.2556 | Train Acc 88.22% | GradNorm 1.52
[LAL seed=88] Epoch 130/200 | LR 0.100000 | Train Loss 0.2491 | Train Acc 89.15% | GradNorm 1.54
[LAL seed=88] Epoch 140/200 | LR 0.100000 | Train Loss 0.1761 | Train Acc 92.10% | GradNorm 1.29
[LAL seed=88] Epoch 150/200 | LR 0.100000 | Train Loss 0.2343 | Train Acc 89.63% | GradNorm 1.53
[LAL seed=88] Epoch 160/200 | LR 0.100000 | Train Loss 0.1795 | Train Acc 91.75% | GradNorm 1.36
[LAL seed=88] Epoch 170/200 | LR 0.001000 | Train Loss 0.0560 | Train Acc 97.79% | GradNorm 0.64
[LAL seed=88] Epoch 180/200 | LR 0.001000 | Train Loss 0.0420 | Train Acc 98.40% | GradNorm 0.51
[LAL seed=88] Epoch 190/200 | LR 0.000010 | Train Loss 0.0383 | Train Acc 98.46% | GradNorm 0.47
[LAL] checkpoint -> LAL_seed88_final.pt
[LAL seed=88] Epoch 200/200 | LR 0.000010 | Train Loss 0.0406 | Train Acc 98.45% | GradNorm 0.50
[LAL seed=88] done in 677s (200 epochs, final-epoch model is the reported model)
History saved to /kaggle/working/rs3/runs/ridge_sinkhorn_3seed_v1/attempts/inner/logit_adjusted/seed_88/outer_2/inner_3/20260930T154523.032437Z-814500565b21/expert_LAL/seed_88/outer_2/inner_3/training_history.json
Loaded checkpoint from /kaggle/working/rs3/runs/ridge_sinkhorn_3seed_v1/attempts/inner/logit_adjusted/seed_88/outer_2/inner_3/20260930T154523.032437Z-814500565b21/expert_LAL/seed_88/outer_2/inner_3/checkpoints/LAL_seed88_final.pt (epoch 200, seed 88)
[LongTailCIFAR100] Val set created:
  Total samples          : 2,169
  Head class (0) count   : 100
  Tail class (99) count  : 1
  Target imbalance ratio : 100.0
  Achieved IR            : 100.00
  Augmentations           : No
