[LongTailCIFAR100] Train set created:
  Total samples          : 6,508
  Head class (0) count   : 300
  Tail class (99) count  : 3
  Target imbalance ratio : 100.0
  Achieved IR            : 100.00
  Augmentations           : Yes
[LAL seed=78] Epoch   1/200 | LR 0.020000 | Train Loss 4.2566 | Train Acc 3.21% | GradNorm 2.88
[LAL seed=78] Epoch  10/200 | LR 0.100000 | Train Loss 2.8459 | Train Acc 22.85% | GradNorm 1.29
[LAL seed=78] Epoch  20/200 | LR 0.100000 | Train Loss 2.0901 | Train Acc 38.15% | GradNorm 1.49
[LAL seed=78] Epoch  30/200 | LR 0.100000 | Train Loss 1.5683 | Train Acc 49.71% | GradNorm 1.68
[LAL seed=78] Epoch  40/200 | LR 0.100000 | Train Loss 1.1876 | Train Acc 59.00% | GradNorm 1.78
[LAL seed=78] Epoch  50/200 | LR 0.100000 | Train Loss 0.9119 | Train Acc 66.01% | GradNorm 1.84
[LAL seed=78] Epoch  60/200 | LR 0.100000 | Train Loss 0.6333 | Train Acc 74.65% | GradNorm 1.72
[LAL seed=78] Epoch  70/200 | LR 0.100000 | Train Loss 0.5596 | Train Acc 77.17% | GradNorm 1.81
[LAL seed=78] Epoch  80/200 | LR 0.100000 | Train Loss 0.4171 | Train Acc 82.53% | GradNorm 1.65
[LAL seed=78] Epoch  90/200 | LR 0.100000 | Train Loss 0.3591 | Train Acc 84.65% | GradNorm 1.66
[LAL seed=78] Epoch 100/200 | LR 0.100000 | Train Loss 0.2634 | Train Acc 88.25% | GradNorm 1.45
[LAL seed=78] Epoch 110/200 | LR 0.100000 | Train Loss 0.2500 | Train Acc 88.83% | GradNorm 1.46
[LAL seed=78] Epoch 120/200 | LR 0.100000 | Train Loss 0.2829 | Train Acc 87.71% | GradNorm 1.61
[LAL seed=78] Epoch 130/200 | LR 0.100000 | Train Loss 0.2001 | Train Acc 90.73% | GradNorm 1.42
[LAL seed=78] Epoch 140/200 | LR 0.100000 | Train Loss 0.2421 | Train Acc 89.32% | GradNorm 1.49
[LAL seed=78] Epoch 150/200 | LR 0.100000 | Train Loss 0.2797 | Train Acc 88.15% | GradNorm 1.70
[LAL seed=78] Epoch 160/200 | LR 0.100000 | Train Loss 0.1950 | Train Acc 91.41% | GradNorm 1.41
[LAL seed=78] Epoch 170/200 | LR 0.001000 | Train Loss 0.0550 | Train Acc 97.88% | GradNorm 0.63
[LAL seed=78] Epoch 180/200 | LR 0.001000 | Train Loss 0.0376 | Train Acc 98.68% | GradNorm 0.46
[LAL seed=78] Epoch 190/200 | LR 0.000010 | Train Loss 0.0411 | Train Acc 98.22% | GradNorm 0.51
[LAL] checkpoint -> LAL_seed78_final.pt
[LAL seed=78] Epoch 200/200 | LR 0.000010 | Train Loss 0.0378 | Train Acc 98.43% | GradNorm 0.46
[LAL seed=78] done in 674s (200 epochs, final-epoch model is the reported model)
History saved to /kaggle/working/rs3/runs/ridge_sinkhorn_3seed_v1/attempts/inner/logit_adjusted/seed_78/outer_1/inner_1/20260929T195730.143648Z-b7a6b860fc5b/expert_LAL/seed_78/outer_1/inner_1/training_history.json
Loaded checkpoint from /kaggle/working/rs3/runs/ridge_sinkhorn_3seed_v1/attempts/inner/logit_adjusted/seed_78/outer_1/inner_1/20260929T195730.143648Z-b7a6b860fc5b/expert_LAL/seed_78/outer_1/inner_1/checkpoints/LAL_seed78_final.pt (epoch 200, seed 78)
[LongTailCIFAR100] Val set created:
  Total samples          : 2,169
  Head class (0) count   : 100
  Tail class (99) count  : 1
  Target imbalance ratio : 100.0
  Achieved IR            : 100.00
  Augmentations           : No
