[LongTailCIFAR100] Train set created:
  Total samples          : 6,509
  Head class (0) count   : 300
  Tail class (99) count  : 3
  Target imbalance ratio : 100.0
  Achieved IR            : 100.00
  Augmentations           : Yes
[CE seed=88] Epoch   1/200 | LR 0.020000 | Train Loss 4.2772 | Train Acc 7.41% | GradNorm 3.06
[CE seed=88] Epoch  10/200 | LR 0.100000 | Train Loss 2.7756 | Train Acc 30.67% | GradNorm 1.31
[CE seed=88] Epoch  20/200 | LR 0.100000 | Train Loss 2.0906 | Train Acc 44.25% | GradNorm 1.56
[CE seed=88] Epoch  30/200 | LR 0.100000 | Train Loss 1.5731 | Train Acc 55.75% | GradNorm 1.68
[CE seed=88] Epoch  40/200 | LR 0.100000 | Train Loss 1.2022 | Train Acc 65.13% | GradNorm 1.83
[CE seed=88] Epoch  50/200 | LR 0.100000 | Train Loss 0.9306 | Train Acc 71.90% | GradNorm 1.84
[CE seed=88] Epoch  60/200 | LR 0.100000 | Train Loss 0.7479 | Train Acc 76.60% | GradNorm 1.91
[CE seed=88] Epoch  70/200 | LR 0.100000 | Train Loss 0.5515 | Train Acc 82.56% | GradNorm 1.77
[CE seed=88] Epoch  80/200 | LR 0.100000 | Train Loss 0.4994 | Train Acc 84.19% | GradNorm 1.83
[CE seed=88] Epoch  90/200 | LR 0.100000 | Train Loss 0.4015 | Train Acc 87.69% | GradNorm 1.64
[CE seed=88] Epoch 100/200 | LR 0.100000 | Train Loss 0.3640 | Train Acc 89.03% | GradNorm 1.65
[CE seed=88] Epoch 110/200 | LR 0.100000 | Train Loss 0.3267 | Train Acc 89.57% | GradNorm 1.60
[CE seed=88] Epoch 120/200 | LR 0.100000 | Train Loss 0.2715 | Train Acc 91.49% | GradNorm 1.52
[CE seed=88] Epoch 130/200 | LR 0.100000 | Train Loss 0.3062 | Train Acc 90.46% | GradNorm 1.65
[CE seed=88] Epoch 140/200 | LR 0.100000 | Train Loss 0.3229 | Train Acc 89.83% | GradNorm 1.72
[CE seed=88] Epoch 150/200 | LR 0.100000 | Train Loss 0.1855 | Train Acc 94.59% | GradNorm 1.32
[CE seed=88] Epoch 160/200 | LR 0.100000 | Train Loss 0.2145 | Train Acc 93.49% | GradNorm 1.42
[CE seed=88] Epoch 170/200 | LR 0.001000 | Train Loss 0.0643 | Train Acc 98.63% | GradNorm 0.66
[CE seed=88] Epoch 180/200 | LR 0.001000 | Train Loss 0.0502 | Train Acc 99.23% | GradNorm 0.53
[CE seed=88] Epoch 190/200 | LR 0.000010 | Train Loss 0.0486 | Train Acc 99.12% | GradNorm 0.53
[CE] checkpoint -> CE_seed88_final.pt
[CE seed=88] Epoch 200/200 | LR 0.000010 | Train Loss 0.0440 | Train Acc 99.25% | GradNorm 0.49
[CE seed=88] done in 685s (200 epochs, final-epoch model is the reported model)
History saved to /kaggle/working/rs3/runs/ridge_sinkhorn_3seed_v1/attempts/inner/ce/seed_88/outer_3/inner_3/20260928T170153.335385Z-b92437104e50/expert_CE/seed_88/outer_3/inner_3/training_history.json
Loaded checkpoint from /kaggle/working/rs3/runs/ridge_sinkhorn_3seed_v1/attempts/inner/ce/seed_88/outer_3/inner_3/20260928T170153.335385Z-b92437104e50/expert_CE/seed_88/outer_3/inner_3/checkpoints/CE_seed88_final.pt (epoch 200, seed 88)
[LongTailCIFAR100] Val set created:
  Total samples          : 2,169
  Head class (0) count   : 100
  Tail class (99) count  : 1
  Target imbalance ratio : 100.0
  Achieved IR            : 100.00
  Augmentations           : No
