[LongTailCIFAR100] Train set created:
  Total samples          : 6,508
  Head class (0) count   : 300
  Tail class (99) count  : 3
  Target imbalance ratio : 100.0
  Achieved IR            : 100.00
  Augmentations           : Yes
[BalancedSoftmax seed=78] Epoch   1/200 | LR 0.020000 | Train Loss 4.2600 | Train Acc 3.75% | GradNorm 3.09
[BalancedSoftmax seed=78] Epoch  10/200 | LR 0.100000 | Train Loss 2.7512 | Train Acc 24.95% | GradNorm 1.36
[BalancedSoftmax seed=78] Epoch  20/200 | LR 0.100000 | Train Loss 1.9780 | Train Acc 39.92% | GradNorm 1.53
[BalancedSoftmax seed=78] Epoch  30/200 | LR 0.100000 | Train Loss 1.4295 | Train Acc 53.01% | GradNorm 1.69
[BalancedSoftmax seed=78] Epoch  40/200 | LR 0.100000 | Train Loss 1.0012 | Train Acc 63.06% | GradNorm 1.75
[BalancedSoftmax seed=78] Epoch  50/200 | LR 0.100000 | Train Loss 0.7847 | Train Acc 69.45% | GradNorm 1.81
[BalancedSoftmax seed=78] Epoch  60/200 | LR 0.100000 | Train Loss 0.6037 | Train Acc 75.06% | GradNorm 1.80
[BalancedSoftmax seed=78] Epoch  70/200 | LR 0.100000 | Train Loss 0.4948 | Train Acc 80.18% | GradNorm 1.74
[BalancedSoftmax seed=78] Epoch  80/200 | LR 0.100000 | Train Loss 0.3377 | Train Acc 84.79% | GradNorm 1.56
[BalancedSoftmax seed=78] Epoch  90/200 | LR 0.100000 | Train Loss 0.3253 | Train Acc 86.16% | GradNorm 1.56
[BalancedSoftmax seed=78] Epoch 100/200 | LR 0.100000 | Train Loss 0.2816 | Train Acc 87.65% | GradNorm 1.53
[BalancedSoftmax seed=78] Epoch 110/200 | LR 0.100000 | Train Loss 0.3011 | Train Acc 87.09% | GradNorm 1.67
[BalancedSoftmax seed=78] Epoch 120/200 | LR 0.100000 | Train Loss 0.2448 | Train Acc 88.81% | GradNorm 1.56
[BalancedSoftmax seed=78] Epoch 130/200 | LR 0.100000 | Train Loss 0.2473 | Train Acc 89.11% | GradNorm 1.53
[BalancedSoftmax seed=78] Epoch 140/200 | LR 0.100000 | Train Loss 0.2091 | Train Acc 90.49% | GradNorm 1.44
[BalancedSoftmax seed=78] Epoch 150/200 | LR 0.100000 | Train Loss 0.2708 | Train Acc 88.11% | GradNorm 1.63
[BalancedSoftmax seed=78] Epoch 160/200 | LR 0.100000 | Train Loss 0.1658 | Train Acc 92.56% | GradNorm 1.29
[BalancedSoftmax seed=78] Epoch 170/200 | LR 0.001000 | Train Loss 0.0506 | Train Acc 97.70% | GradNorm 0.58
[BalancedSoftmax seed=78] Epoch 180/200 | LR 0.001000 | Train Loss 0.0387 | Train Acc 98.39% | GradNorm 0.49
[BalancedSoftmax seed=78] Epoch 190/200 | LR 0.000010 | Train Loss 0.0374 | Train Acc 98.39% | GradNorm 0.47
[BalancedSoftmax] checkpoint -> BalancedSoftmax_seed78_final.pt
[BalancedSoftmax seed=78] Epoch 200/200 | LR 0.000010 | Train Loss 0.0332 | Train Acc 98.66% | GradNorm 0.42
[BalancedSoftmax seed=78] done in 667s (200 epochs, final-epoch model is the reported model)
History saved to /kaggle/working/rs3/runs/ridge_sinkhorn_3seed_v1/attempts/inner/balanced_softmax/seed_78/outer_3/inner_1/20260929T025934.242343Z-707ad9d129a5/expert_BalancedSoftmax/seed_78/outer_3/inner_1/training_history.json
Loaded checkpoint from /kaggle/working/rs3/runs/ridge_sinkhorn_3seed_v1/attempts/inner/balanced_softmax/seed_78/outer_3/inner_1/20260929T025934.242343Z-707ad9d129a5/expert_BalancedSoftmax/seed_78/outer_3/inner_1/checkpoints/BalancedSoftmax_seed78_final.pt (epoch 200, seed 78)
[LongTailCIFAR100] Val set created:
  Total samples          : 2,170
  Head class (0) count   : 100
  Tail class (99) count  : 1
  Target imbalance ratio : 100.0
  Achieved IR            : 100.00
  Augmentations           : No
