[LongTailCIFAR100] Train set created:
  Total samples          : 6,508
  Head class (0) count   : 300
  Tail class (99) count  : 3
  Target imbalance ratio : 100.0
  Achieved IR            : 100.00
  Augmentations           : Yes
[BalancedSoftmax seed=88] Epoch   1/200 | LR 0.020000 | Train Loss 4.2557 | Train Acc 2.41% | GradNorm 2.85
[BalancedSoftmax seed=88] Epoch  10/200 | LR 0.100000 | Train Loss 2.8606 | Train Acc 22.79% | GradNorm 1.31
[BalancedSoftmax seed=88] Epoch  20/200 | LR 0.100000 | Train Loss 2.1448 | Train Acc 36.95% | GradNorm 1.48
[BalancedSoftmax seed=88] Epoch  30/200 | LR 0.100000 | Train Loss 1.6046 | Train Acc 48.03% | GradNorm 1.65
[BalancedSoftmax seed=88] Epoch  40/200 | LR 0.100000 | Train Loss 1.2103 | Train Acc 58.19% | GradNorm 1.71
[BalancedSoftmax seed=88] Epoch  50/200 | LR 0.100000 | Train Loss 0.9090 | Train Acc 65.66% | GradNorm 1.81
[BalancedSoftmax seed=88] Epoch  60/200 | LR 0.100000 | Train Loss 0.7151 | Train Acc 71.83% | GradNorm 1.81
[BalancedSoftmax seed=88] Epoch  70/200 | LR 0.100000 | Train Loss 0.5715 | Train Acc 76.49% | GradNorm 1.82
[BalancedSoftmax seed=88] Epoch  80/200 | LR 0.100000 | Train Loss 0.4660 | Train Acc 80.30% | GradNorm 1.73
[BalancedSoftmax seed=88] Epoch  90/200 | LR 0.100000 | Train Loss 0.3727 | Train Acc 83.97% | GradNorm 1.62
[BalancedSoftmax seed=88] Epoch 100/200 | LR 0.100000 | Train Loss 0.3490 | Train Acc 84.39% | GradNorm 1.63
[BalancedSoftmax seed=88] Epoch 110/200 | LR 0.100000 | Train Loss 0.2899 | Train Acc 86.88% | GradNorm 1.57
[BalancedSoftmax seed=88] Epoch 120/200 | LR 0.100000 | Train Loss 0.2466 | Train Acc 88.94% | GradNorm 1.50
[BalancedSoftmax seed=88] Epoch 130/200 | LR 0.100000 | Train Loss 0.2809 | Train Acc 87.94% | GradNorm 1.59
[BalancedSoftmax seed=88] Epoch 140/200 | LR 0.100000 | Train Loss 0.2476 | Train Acc 88.78% | GradNorm 1.53
[BalancedSoftmax seed=88] Epoch 150/200 | LR 0.100000 | Train Loss 0.2441 | Train Acc 89.34% | GradNorm 1.53
[BalancedSoftmax seed=88] Epoch 160/200 | LR 0.100000 | Train Loss 0.2421 | Train Acc 89.47% | GradNorm 1.51
[BalancedSoftmax seed=88] Epoch 170/200 | LR 0.001000 | Train Loss 0.0666 | Train Acc 97.00% | GradNorm 0.66
[BalancedSoftmax seed=88] Epoch 180/200 | LR 0.001000 | Train Loss 0.0502 | Train Acc 97.97% | GradNorm 0.53
[BalancedSoftmax seed=88] Epoch 190/200 | LR 0.000010 | Train Loss 0.0527 | Train Acc 97.97% | GradNorm 0.57
[BalancedSoftmax] checkpoint -> BalancedSoftmax_seed88_final.pt
[BalancedSoftmax seed=88] Epoch 200/200 | LR 0.000010 | Train Loss 0.0511 | Train Acc 98.03% | GradNorm 0.54
[BalancedSoftmax seed=88] done in 691s (200 epochs, final-epoch model is the reported model)
History saved to /kaggle/working/rs3/runs/ridge_sinkhorn_3seed_v1/attempts/inner/balanced_softmax/seed_88/outer_3/inner_1/20260930T073559.671817Z-fca42b7b3f83/expert_BalancedSoftmax/seed_88/outer_3/inner_1/training_history.json
Loaded checkpoint from /kaggle/working/rs3/runs/ridge_sinkhorn_3seed_v1/attempts/inner/balanced_softmax/seed_88/outer_3/inner_1/20260930T073559.671817Z-fca42b7b3f83/expert_BalancedSoftmax/seed_88/outer_3/inner_1/checkpoints/BalancedSoftmax_seed88_final.pt (epoch 200, seed 88)
[LongTailCIFAR100] Val set created:
  Total samples          : 2,170
  Head class (0) count   : 100
  Tail class (99) count  : 1
  Target imbalance ratio : 100.0
  Achieved IR            : 100.00
  Augmentations           : No
