[LongTailCIFAR100] Train set created:
  Total samples          : 6,509
  Head class (0) count   : 300
  Tail class (99) count  : 3
  Target imbalance ratio : 100.0
  Achieved IR            : 100.00
  Augmentations           : Yes
[CE seed=1034] Epoch   1/200 | LR 0.020000 | Train Loss 4.3553 | Train Acc 6.94% | GradNorm 3.07
[CE seed=1034] Epoch  10/200 | LR 0.100000 | Train Loss 2.6912 | Train Acc 32.06% | GradNorm 1.38
[CE seed=1034] Epoch  20/200 | LR 0.100000 | Train Loss 1.9922 | Train Acc 47.33% | GradNorm 1.57
[CE seed=1034] Epoch  30/200 | LR 0.100000 | Train Loss 1.4525 | Train Acc 59.03% | GradNorm 1.69
[CE seed=1034] Epoch  40/200 | LR 0.100000 | Train Loss 1.0734 | Train Acc 68.07% | GradNorm 1.81
[CE seed=1034] Epoch  50/200 | LR 0.100000 | Train Loss 0.8185 | Train Acc 75.33% | GradNorm 1.85
[CE seed=1034] Epoch  60/200 | LR 0.100000 | Train Loss 0.6369 | Train Acc 80.38% | GradNorm 1.79
[CE seed=1034] Epoch  70/200 | LR 0.100000 | Train Loss 0.4817 | Train Acc 85.24% | GradNorm 1.74
[CE seed=1034] Epoch  80/200 | LR 0.100000 | Train Loss 0.3787 | Train Acc 88.19% | GradNorm 1.68
[CE seed=1034] Epoch  90/200 | LR 0.100000 | Train Loss 0.3426 | Train Acc 88.94% | GradNorm 1.63
[CE seed=1034] Epoch 100/200 | LR 0.100000 | Train Loss 0.3205 | Train Acc 89.83% | GradNorm 1.65
[CE seed=1034] Epoch 110/200 | LR 0.100000 | Train Loss 0.3048 | Train Acc 90.47% | GradNorm 1.66
[CE seed=1034] Epoch 120/200 | LR 0.100000 | Train Loss 0.2971 | Train Acc 90.44% | GradNorm 1.72
[CE seed=1034] Epoch 130/200 | LR 0.100000 | Train Loss 0.2138 | Train Acc 93.35% | GradNorm 1.42
[CE seed=1034] Epoch 140/200 | LR 0.100000 | Train Loss 0.2281 | Train Acc 92.92% | GradNorm 1.54
[CE seed=1034] Epoch 150/200 | LR 0.100000 | Train Loss 0.2391 | Train Acc 92.72% | GradNorm 1.56
[CE seed=1034] Epoch 160/200 | LR 0.100000 | Train Loss 0.2217 | Train Acc 93.26% | GradNorm 1.53
[CE seed=1034] Epoch 170/200 | LR 0.001000 | Train Loss 0.0613 | Train Acc 98.77% | GradNorm 0.65
[CE seed=1034] Epoch 180/200 | LR 0.001000 | Train Loss 0.0483 | Train Acc 99.06% | GradNorm 0.57
[CE seed=1034] Epoch 190/200 | LR 0.000010 | Train Loss 0.0454 | Train Acc 99.34% | GradNorm 0.53
[CE] checkpoint -> CE_seed1034_final.pt
[CE seed=1034] Epoch 200/200 | LR 0.000010 | Train Loss 0.0466 | Train Acc 99.11% | GradNorm 0.56
[CE seed=1034] done in 689s (200 epochs, final-epoch model is the reported model)
History saved to /kaggle/working/rs3/runs/ridge_sinkhorn_3seed_v1/attempts/inner/ce/seed_1034/outer_4/inner_3/20260930T083638.176978Z-76b1da3a1ac2/expert_CE/seed_1034/outer_4/inner_3/training_history.json
Loaded checkpoint from /kaggle/working/rs3/runs/ridge_sinkhorn_3seed_v1/attempts/inner/ce/seed_1034/outer_4/inner_3/20260930T083638.176978Z-76b1da3a1ac2/expert_CE/seed_1034/outer_4/inner_3/checkpoints/CE_seed1034_final.pt (epoch 200, seed 1034)
[LongTailCIFAR100] Val set created:
  Total samples          : 2,169
  Head class (0) count   : 100
  Tail class (99) count  : 1
  Target imbalance ratio : 100.0
  Achieved IR            : 100.00
  Augmentations           : No
