Console output logged to: ./root_cause_output.log
Device: cuda
CUDA available: True
GPU: Tesla T4
[LongTailCIFAR100] Val set created:
  Total samples          : 9,754
  Head class (0) count   : 450
  Tail class (99) count  : 4
  Target imbalance ratio : 100.0
  Achieved IR            : 112.50
  Augmentations           : No
Train: 3000, Val: 5000

Processing LAL...
  Done in 3s

Processing PaCo...
  Done in 4s

Processing Mixup...
  Done in 5s

Building combined matrices...
Train: (3000, 192), Val: (5000, 192)

============================================================
COMPUTING METRICS
============================================================
1. Uniform averaging:                    51.12%
2. Oracle (any correct):                 62.90%
   Irrecoverable samples:                37.1%
3. Oracle-weighted (perfect soft):       63.04%
   Gain over uniform:                    +11.92%
4. Loss-based oracle (perfect hard):     62.40%
5. Calibrated confidence:                51.44%
   Temps: LAL=1.853, PaCo=1.333, Mixup=1.257
   Selection: LAL=34.7% PaCo=47.6% Mixup=17.8%

6. Learned soft gate (training)...
   BA: 49.32%  avg_weights=[0.396,0.604,0.000]

7. Routing opportunity:
   Uniform wrong:         2444 / 5000 (48.9%)
   Could be saved:        596 / 5000 (11.9%)
   Irrecoverable:         1848 / 5000 (37.0%)

============================================================
ROOT CAUSE GAPS
============================================================

  Oracle (upper bound):                 62.90%
  Uniform averaging:                    51.12%
  Loss-based oracle (best possible):    62.40%
  Oracle-weighted (perfect soft):       63.04%
  Calibrated confidence:               51.44%
  Learned soft gate:                    49.32%
  Best possible (perfect on savable):   63.04%

  Gaps:
    Miscalibration:          10.96%
    Hard vs soft routing:    -0.64%
    Feature learning:        13.72%  ← MAIN BOTTLENECK
    Total routing headroom:  11.28%

Results saved to ./root_cause_results.json

--- gaps json ---
{
  "oracle": 0.629,
  "uniform_ba": 0.5112000000000001,
  "oracle_weighted_ba": 0.6304,
  "loss_oracle_ba": 0.6240000000000001,
  "calibrated_conf_ba": 0.5144,
  "learned_gate_ba": 0.4932,
  "best_possible_ba": 0.6304,
  "irrecoverable_pct": 37.1,
  "savable_count": 596,
  "model_gap_calibration": 0.10960000000000014,
  "model_gap_soft_vs_hard": -0.00639999999999985,
  "model_gap_feature_learning": 0.13719999999999993,
  "model_gap_uniform_to_best": 0.11919999999999986,
  "times": {
    "extraction_mins": 0.1326214591662089
  },
  "selection_rates": {
    "LAL": 0.3466,
    "PaCo": 0.4758,
    "Mixup": 0.1776
  },
  "temperatures": {
    "LAL": 1.8527832173629342,
    "PaCo": 1.3334730467381315,
    "Mixup": 1.257417585036501
  },
  "learned_gate_weights": [
    0.3958657681941986,
    0.604134202003479,
    9.06184053169794e-15
  ]
}
--- end gaps json ---

Done in 0.1 minutes.
