[LongTailCIFAR100] Train set created:
  Total samples          : 6,507
  Head class (0) count   : 300
  Tail class (99) count  : 3
  Target imbalance ratio : 100.0
  Achieved IR            : 100.00
  Augmentations           : Yes
[LAL seed=88] Epoch   1/200 | LR 0.020000 | Train Loss 4.2252 | Train Acc 2.77% | GradNorm 2.92
[LAL seed=88] Epoch  10/200 | LR 0.100000 | Train Loss 2.7485 | Train Acc 25.46% | GradNorm 1.34
[LAL seed=88] Epoch  20/200 | LR 0.100000 | Train Loss 2.0179 | Train Acc 39.16% | GradNorm 1.55
[LAL seed=88] Epoch  30/200 | LR 0.100000 | Train Loss 1.4813 | Train Acc 51.16% | GradNorm 1.70
[LAL seed=88] Epoch  40/200 | LR 0.100000 | Train Loss 1.1248 | Train Acc 60.52% | GradNorm 1.80
[LAL seed=88] Epoch  50/200 | LR 0.100000 | Train Loss 0.8325 | Train Acc 68.20% | GradNorm 1.79
[LAL seed=88] Epoch  60/200 | LR 0.100000 | Train Loss 0.5913 | Train Acc 76.99% | GradNorm 1.68
[LAL seed=88] Epoch  70/200 | LR 0.100000 | Train Loss 0.4683 | Train Acc 80.42% | GradNorm 1.70
[LAL seed=88] Epoch  80/200 | LR 0.100000 | Train Loss 0.4432 | Train Acc 81.77% | GradNorm 1.73
[LAL seed=88] Epoch  90/200 | LR 0.100000 | Train Loss 0.2948 | Train Acc 86.77% | GradNorm 1.46
[LAL seed=88] Epoch 100/200 | LR 0.100000 | Train Loss 0.2815 | Train Acc 87.28% | GradNorm 1.52
[LAL seed=88] Epoch 110/200 | LR 0.100000 | Train Loss 0.2904 | Train Acc 87.38% | GradNorm 1.58
[LAL seed=88] Epoch 120/200 | LR 0.100000 | Train Loss 0.2133 | Train Acc 90.61% | GradNorm 1.38
[LAL seed=88] Epoch 130/200 | LR 0.100000 | Train Loss 0.2918 | Train Acc 88.07% | GradNorm 1.69
[LAL seed=88] Epoch 140/200 | LR 0.100000 | Train Loss 0.2490 | Train Acc 89.24% | GradNorm 1.60
[LAL seed=88] Epoch 150/200 | LR 0.100000 | Train Loss 0.1881 | Train Acc 91.04% | GradNorm 1.35
[LAL seed=88] Epoch 160/200 | LR 0.100000 | Train Loss 0.1897 | Train Acc 91.98% | GradNorm 1.39
[LAL seed=88] Epoch 170/200 | LR 0.001000 | Train Loss 0.0510 | Train Acc 97.60% | GradNorm 0.58
[LAL seed=88] Epoch 180/200 | LR 0.001000 | Train Loss 0.0395 | Train Acc 98.49% | GradNorm 0.46
[LAL seed=88] Epoch 190/200 | LR 0.000010 | Train Loss 0.0399 | Train Acc 98.62% | GradNorm 0.48
[LAL] checkpoint -> LAL_seed88_final.pt
[LAL seed=88] Epoch 200/200 | LR 0.000010 | Train Loss 0.0397 | Train Acc 98.46% | GradNorm 0.47
[LAL seed=88] done in 726s (200 epochs, final-epoch model is the reported model)
History saved to /kaggle/working/rs3/runs/ridge_sinkhorn_3seed_v1/attempts/inner/logit_adjusted/seed_88/outer_1/inner_0/20260927T154735.050578Z-5a4568ba881b/expert_LAL/seed_88/outer_1/inner_0/training_history.json
Loaded checkpoint from /kaggle/working/rs3/runs/ridge_sinkhorn_3seed_v1/attempts/inner/logit_adjusted/seed_88/outer_1/inner_0/20260927T154735.050578Z-5a4568ba881b/expert_LAL/seed_88/outer_1/inner_0/checkpoints/LAL_seed88_final.pt (epoch 200, seed 88)
[LongTailCIFAR100] Val set created:
  Total samples          : 2,170
  Head class (0) count   : 100
  Tail class (99) count  : 1
  Target imbalance ratio : 100.0
  Achieved IR            : 100.00
  Augmentations           : No
