[LongTailCIFAR100] Train set created:
  Total samples          : 6,508
  Head class (0) count   : 300
  Tail class (99) count  : 3
  Target imbalance ratio : 100.0
  Achieved IR            : 100.00
  Augmentations           : Yes
[Mixup seed=88] Epoch   1/200 | LR 0.020000 | Train Loss 4.3645 | GradNorm 2.72
[Mixup seed=88] Epoch  10/200 | LR 0.100000 | Train Loss 3.4680 | GradNorm 0.87
[Mixup seed=88] Epoch  20/200 | LR 0.100000 | Train Loss 3.0673 | GradNorm 1.01
[Mixup seed=88] Epoch  30/200 | LR 0.100000 | Train Loss 2.7936 | GradNorm 1.07
[Mixup seed=88] Epoch  40/200 | LR 0.100000 | Train Loss 2.7828 | GradNorm 1.09
[Mixup seed=88] Epoch  50/200 | LR 0.100000 | Train Loss 2.5891 | GradNorm 1.19
[Mixup seed=88] Epoch  60/200 | LR 0.100000 | Train Loss 2.4844 | GradNorm 1.20
[Mixup seed=88] Epoch  70/200 | LR 0.100000 | Train Loss 2.1797 | GradNorm 1.24
[Mixup seed=88] Epoch  80/200 | LR 0.100000 | Train Loss 2.3063 | GradNorm 1.24
[Mixup seed=88] Epoch  90/200 | LR 0.100000 | Train Loss 2.2344 | GradNorm 1.23
[Mixup seed=88] Epoch 100/200 | LR 0.100000 | Train Loss 2.2616 | GradNorm 1.24
[Mixup seed=88] Epoch 110/200 | LR 0.100000 | Train Loss 2.1638 | GradNorm 1.27
[Mixup seed=88] Epoch 120/200 | LR 0.100000 | Train Loss 2.0886 | GradNorm 1.27
[Mixup seed=88] Epoch 130/200 | LR 0.100000 | Train Loss 2.0295 | GradNorm 1.22
[Mixup seed=88] Epoch 140/200 | LR 0.100000 | Train Loss 1.9568 | GradNorm 1.22
[Mixup seed=88] Epoch 150/200 | LR 0.100000 | Train Loss 2.1710 | GradNorm 1.30
[Mixup seed=88] Epoch 160/200 | LR 0.100000 | Train Loss 1.9475 | GradNorm 1.25
[Mixup seed=88] Epoch 170/200 | LR 0.001000 | Train Loss 1.9482 | GradNorm 1.11
[Mixup seed=88] Epoch 180/200 | LR 0.001000 | Train Loss 1.7854 | GradNorm 1.04
[Mixup seed=88] Epoch 190/200 | LR 0.000010 | Train Loss 1.8265 | GradNorm 1.10
[Mixup] checkpoint -> Mixup_seed88_final.pt
[Mixup seed=88] Epoch 200/200 | LR 0.000010 | Train Loss 1.8682 | GradNorm 1.09
[Mixup seed=88] done in 684s (200 epochs, final-epoch model is the reported model)
History saved to /kaggle/working/rs3/runs/ridge_sinkhorn_3seed_v1/attempts/inner/mixup/seed_88/outer_3/inner_1/20260930T222819.155741Z-2bccb32a9337/expert_Mixup/seed_88/outer_3/inner_1/training_history.json
Loaded checkpoint from /kaggle/working/rs3/runs/ridge_sinkhorn_3seed_v1/attempts/inner/mixup/seed_88/outer_3/inner_1/20260930T222819.155741Z-2bccb32a9337/expert_Mixup/seed_88/outer_3/inner_1/checkpoints/Mixup_seed88_final.pt (epoch 200, seed 88)
[LongTailCIFAR100] Val set created:
  Total samples          : 2,170
  Head class (0) count   : 100
  Tail class (99) count  : 1
  Target imbalance ratio : 100.0
  Achieved IR            : 100.00
  Augmentations           : No
