[LongTailCIFAR100] Train set created:
  Total samples          : 6,508
  Head class (0) count   : 300
  Tail class (99) count  : 3
  Target imbalance ratio : 100.0
  Achieved IR            : 100.00
  Augmentations           : Yes
[BalancedSoftmax seed=1034] Epoch   1/200 | LR 0.020000 | Train Loss 4.2770 | Train Acc 2.95% | GradNorm 3.17
[BalancedSoftmax seed=1034] Epoch  10/200 | LR 0.100000 | Train Loss 2.7206 | Train Acc 24.78% | GradNorm 1.33
[BalancedSoftmax seed=1034] Epoch  20/200 | LR 0.100000 | Train Loss 2.0171 | Train Acc 39.51% | GradNorm 1.53
[BalancedSoftmax seed=1034] Epoch  30/200 | LR 0.100000 | Train Loss 1.5283 | Train Acc 50.89% | GradNorm 1.68
[BalancedSoftmax seed=1034] Epoch  40/200 | LR 0.100000 | Train Loss 1.1208 | Train Acc 60.46% | GradNorm 1.77
[BalancedSoftmax seed=1034] Epoch  50/200 | LR 0.100000 | Train Loss 0.8685 | Train Acc 67.67% | GradNorm 1.78
[BalancedSoftmax seed=1034] Epoch  60/200 | LR 0.100000 | Train Loss 0.7049 | Train Acc 72.39% | GradNorm 1.85
[BalancedSoftmax seed=1034] Epoch  70/200 | LR 0.100000 | Train Loss 0.5393 | Train Acc 77.87% | GradNorm 1.81
[BalancedSoftmax seed=1034] Epoch  80/200 | LR 0.100000 | Train Loss 0.3835 | Train Acc 83.51% | GradNorm 1.63
[BalancedSoftmax seed=1034] Epoch  90/200 | LR 0.100000 | Train Loss 0.3910 | Train Acc 83.41% | GradNorm 1.74
[BalancedSoftmax seed=1034] Epoch 100/200 | LR 0.100000 | Train Loss 0.3024 | Train Acc 86.88% | GradNorm 1.54
[BalancedSoftmax seed=1034] Epoch 110/200 | LR 0.100000 | Train Loss 0.2537 | Train Acc 88.38% | GradNorm 1.51
[BalancedSoftmax seed=1034] Epoch 120/200 | LR 0.100000 | Train Loss 0.2323 | Train Acc 90.23% | GradNorm 1.46
[BalancedSoftmax seed=1034] Epoch 130/200 | LR 0.100000 | Train Loss 0.2275 | Train Acc 90.00% | GradNorm 1.45
[BalancedSoftmax seed=1034] Epoch 140/200 | LR 0.100000 | Train Loss 0.3234 | Train Acc 86.28% | GradNorm 1.82
[BalancedSoftmax seed=1034] Epoch 150/200 | LR 0.100000 | Train Loss 0.1992 | Train Acc 91.44% | GradNorm 1.40
[BalancedSoftmax seed=1034] Epoch 160/200 | LR 0.100000 | Train Loss 0.2952 | Train Acc 87.58% | GradNorm 1.74
[BalancedSoftmax seed=1034] Epoch 170/200 | LR 0.001000 | Train Loss 0.0806 | Train Acc 96.65% | GradNorm 0.75
[BalancedSoftmax seed=1034] Epoch 180/200 | LR 0.001000 | Train Loss 0.0567 | Train Acc 97.71% | GradNorm 0.58
[BalancedSoftmax seed=1034] Epoch 190/200 | LR 0.000010 | Train Loss 0.0542 | Train Acc 97.70% | GradNorm 0.58
[BalancedSoftmax] checkpoint -> BalancedSoftmax_seed1034_final.pt
[BalancedSoftmax seed=1034] Epoch 200/200 | LR 0.000010 | Train Loss 0.0556 | Train Acc 97.99% | GradNorm 0.58
[BalancedSoftmax seed=1034] done in 669s (200 epochs, final-epoch model is the reported model)
History saved to /kaggle/working/rs3/runs/ridge_sinkhorn_3seed_v1/attempts/inner/balanced_softmax/seed_1034/outer_2/inner_0/20260929T005341.569685Z-03f3c3fb310a/expert_BalancedSoftmax/seed_1034/outer_2/inner_0/training_history.json
Loaded checkpoint from /kaggle/working/rs3/runs/ridge_sinkhorn_3seed_v1/attempts/inner/balanced_softmax/seed_1034/outer_2/inner_0/20260929T005341.569685Z-03f3c3fb310a/expert_BalancedSoftmax/seed_1034/outer_2/inner_0/checkpoints/BalancedSoftmax_seed1034_final.pt (epoch 200, seed 1034)
[LongTailCIFAR100] Val set created:
  Total samples          : 2,170
  Head class (0) count   : 100
  Tail class (99) count  : 1
  Target imbalance ratio : 100.0
  Achieved IR            : 100.00
  Augmentations           : No
