[LongTailCIFAR100] Train set created:
  Total samples          : 6,509
  Head class (0) count   : 300
  Tail class (99) count  : 3
  Target imbalance ratio : 100.0
  Achieved IR            : 100.00
  Augmentations           : Yes
[BalancedSoftmax seed=1034] Epoch   1/200 | LR 0.020000 | Train Loss 4.2476 | Train Acc 3.16% | GradNorm 3.16
[BalancedSoftmax seed=1034] Epoch  10/200 | LR 0.100000 | Train Loss 2.7895 | Train Acc 24.01% | GradNorm 1.31
[BalancedSoftmax seed=1034] Epoch  20/200 | LR 0.100000 | Train Loss 2.0851 | Train Acc 38.29% | GradNorm 1.48
[BalancedSoftmax seed=1034] Epoch  30/200 | LR 0.100000 | Train Loss 1.5812 | Train Acc 49.61% | GradNorm 1.69
[BalancedSoftmax seed=1034] Epoch  40/200 | LR 0.100000 | Train Loss 1.1978 | Train Acc 58.27% | GradNorm 1.79
[BalancedSoftmax seed=1034] Epoch  50/200 | LR 0.100000 | Train Loss 0.8839 | Train Acc 67.69% | GradNorm 1.83
[BalancedSoftmax seed=1034] Epoch  60/200 | LR 0.100000 | Train Loss 0.6897 | Train Acc 73.13% | GradNorm 1.81
[BalancedSoftmax seed=1034] Epoch  70/200 | LR 0.100000 | Train Loss 0.5267 | Train Acc 78.20% | GradNorm 1.78
[BalancedSoftmax seed=1034] Epoch  80/200 | LR 0.100000 | Train Loss 0.4392 | Train Acc 80.50% | GradNorm 1.75
[BalancedSoftmax seed=1034] Epoch  90/200 | LR 0.100000 | Train Loss 0.3659 | Train Acc 84.22% | GradNorm 1.66
[BalancedSoftmax seed=1034] Epoch 100/200 | LR 0.100000 | Train Loss 0.2783 | Train Acc 88.17% | GradNorm 1.48
[BalancedSoftmax seed=1034] Epoch 110/200 | LR 0.100000 | Train Loss 0.3625 | Train Acc 85.17% | GradNorm 1.77
[BalancedSoftmax seed=1034] Epoch 120/200 | LR 0.100000 | Train Loss 0.2807 | Train Acc 87.92% | GradNorm 1.55
[BalancedSoftmax seed=1034] Epoch 130/200 | LR 0.100000 | Train Loss 0.2109 | Train Acc 90.43% | GradNorm 1.40
[BalancedSoftmax seed=1034] Epoch 140/200 | LR 0.100000 | Train Loss 0.2861 | Train Acc 88.09% | GradNorm 1.64
[BalancedSoftmax seed=1034] Epoch 150/200 | LR 0.100000 | Train Loss 0.2173 | Train Acc 90.44% | GradNorm 1.51
[BalancedSoftmax seed=1034] Epoch 160/200 | LR 0.100000 | Train Loss 0.2088 | Train Acc 91.29% | GradNorm 1.42
[BalancedSoftmax seed=1034] Epoch 170/200 | LR 0.001000 | Train Loss 0.0629 | Train Acc 97.47% | GradNorm 0.65
[BalancedSoftmax seed=1034] Epoch 180/200 | LR 0.001000 | Train Loss 0.0421 | Train Acc 98.19% | GradNorm 0.49
[BalancedSoftmax seed=1034] Epoch 190/200 | LR 0.000010 | Train Loss 0.0471 | Train Acc 98.06% | GradNorm 0.53
[BalancedSoftmax] checkpoint -> BalancedSoftmax_seed1034_final.pt
[BalancedSoftmax seed=1034] Epoch 200/200 | LR 0.000010 | Train Loss 0.0461 | Train Acc 98.36% | GradNorm 0.52
[BalancedSoftmax seed=1034] done in 671s (200 epochs, final-epoch model is the reported model)
History saved to /kaggle/working/rs3/runs/ridge_sinkhorn_3seed_v1/attempts/inner/balanced_softmax/seed_1034/outer_4/inner_3/20260928T095420.962483Z-c7a121acb0ed/expert_BalancedSoftmax/seed_1034/outer_4/inner_3/training_history.json
Loaded checkpoint from /kaggle/working/rs3/runs/ridge_sinkhorn_3seed_v1/attempts/inner/balanced_softmax/seed_1034/outer_4/inner_3/20260928T095420.962483Z-c7a121acb0ed/expert_BalancedSoftmax/seed_1034/outer_4/inner_3/checkpoints/BalancedSoftmax_seed1034_final.pt (epoch 200, seed 1034)
[LongTailCIFAR100] Val set created:
  Total samples          : 2,169
  Head class (0) count   : 100
  Tail class (99) count  : 1
  Target imbalance ratio : 100.0
  Achieved IR            : 100.00
  Augmentations           : No
