[LongTailCIFAR100] Train set created:
  Total samples          : 6,508
  Head class (0) count   : 300
  Tail class (99) count  : 3
  Target imbalance ratio : 100.0
  Achieved IR            : 100.00
  Augmentations           : Yes
[Mixup seed=88] Epoch   1/200 | LR 0.020000 | Train Loss 4.3298 | GradNorm 2.62
[Mixup seed=88] Epoch  10/200 | LR 0.100000 | Train Loss 3.4795 | GradNorm 0.86
[Mixup seed=88] Epoch  20/200 | LR 0.100000 | Train Loss 3.1111 | GradNorm 1.01
[Mixup seed=88] Epoch  30/200 | LR 0.100000 | Train Loss 2.8177 | GradNorm 1.09
[Mixup seed=88] Epoch  40/200 | LR 0.100000 | Train Loss 2.8087 | GradNorm 1.10
[Mixup seed=88] Epoch  50/200 | LR 0.100000 | Train Loss 2.6460 | GradNorm 1.15
[Mixup seed=88] Epoch  60/200 | LR 0.100000 | Train Loss 2.5379 | GradNorm 1.18
[Mixup seed=88] Epoch  70/200 | LR 0.100000 | Train Loss 2.2155 | GradNorm 1.22
[Mixup seed=88] Epoch  80/200 | LR 0.100000 | Train Loss 2.3456 | GradNorm 1.23
[Mixup seed=88] Epoch  90/200 | LR 0.100000 | Train Loss 2.2745 | GradNorm 1.23
[Mixup seed=88] Epoch 100/200 | LR 0.100000 | Train Loss 2.2945 | GradNorm 1.24
[Mixup seed=88] Epoch 110/200 | LR 0.100000 | Train Loss 2.2005 | GradNorm 1.28
[Mixup seed=88] Epoch 120/200 | LR 0.100000 | Train Loss 2.1446 | GradNorm 1.30
[Mixup seed=88] Epoch 130/200 | LR 0.100000 | Train Loss 2.0718 | GradNorm 1.24
[Mixup seed=88] Epoch 140/200 | LR 0.100000 | Train Loss 2.0052 | GradNorm 1.24
[Mixup seed=88] Epoch 150/200 | LR 0.100000 | Train Loss 2.2161 | GradNorm 1.33
[Mixup seed=88] Epoch 160/200 | LR 0.100000 | Train Loss 1.9963 | GradNorm 1.26
[Mixup seed=88] Epoch 170/200 | LR 0.001000 | Train Loss 1.9828 | GradNorm 1.12
[Mixup seed=88] Epoch 180/200 | LR 0.001000 | Train Loss 1.8148 | GradNorm 1.04
[Mixup seed=88] Epoch 190/200 | LR 0.000010 | Train Loss 1.8613 | GradNorm 1.10
[Mixup] checkpoint -> Mixup_seed88_final.pt
[Mixup seed=88] Epoch 200/200 | LR 0.000010 | Train Loss 1.9002 | GradNorm 1.08
[Mixup seed=88] done in 685s (200 epochs, final-epoch model is the reported model)
History saved to /kaggle/working/rs3/runs/ridge_sinkhorn_3seed_v1/attempts/inner/mixup/seed_88/outer_1/inner_2/20260930T220635.886777Z-622a65b1df55/expert_Mixup/seed_88/outer_1/inner_2/training_history.json
Loaded checkpoint from /kaggle/working/rs3/runs/ridge_sinkhorn_3seed_v1/attempts/inner/mixup/seed_88/outer_1/inner_2/20260930T220635.886777Z-622a65b1df55/expert_Mixup/seed_88/outer_1/inner_2/checkpoints/Mixup_seed88_final.pt (epoch 200, seed 88)
[LongTailCIFAR100] Val set created:
  Total samples          : 2,169
  Head class (0) count   : 100
  Tail class (99) count  : 1
  Target imbalance ratio : 100.0
  Achieved IR            : 100.00
  Augmentations           : No
