[LongTailCIFAR100] Train set created:
  Total samples          : 6,507
  Head class (0) count   : 300
  Tail class (99) count  : 3
  Target imbalance ratio : 100.0
  Achieved IR            : 100.00
  Augmentations           : Yes
[Mixup seed=78] Epoch   1/200 | LR 0.020000 | Train Loss 4.3882 | GradNorm 2.62
[Mixup seed=78] Epoch  10/200 | LR 0.100000 | Train Loss 3.4520 | GradNorm 0.93
[Mixup seed=78] Epoch  20/200 | LR 0.100000 | Train Loss 3.1136 | GradNorm 1.02
[Mixup seed=78] Epoch  30/200 | LR 0.100000 | Train Loss 2.8230 | GradNorm 1.07
[Mixup seed=78] Epoch  40/200 | LR 0.100000 | Train Loss 2.6840 | GradNorm 1.10
[Mixup seed=78] Epoch  50/200 | LR 0.100000 | Train Loss 2.5731 | GradNorm 1.16
[Mixup seed=78] Epoch  60/200 | LR 0.100000 | Train Loss 2.4424 | GradNorm 1.16
[Mixup seed=78] Epoch  70/200 | LR 0.100000 | Train Loss 2.3420 | GradNorm 1.23
[Mixup seed=78] Epoch  80/200 | LR 0.100000 | Train Loss 2.1409 | GradNorm 1.23
[Mixup seed=78] Epoch  90/200 | LR 0.100000 | Train Loss 2.2213 | GradNorm 1.23
[Mixup seed=78] Epoch 100/200 | LR 0.100000 | Train Loss 2.3210 | GradNorm 1.24
[Mixup seed=78] Epoch 110/200 | LR 0.100000 | Train Loss 2.1792 | GradNorm 1.26
[Mixup seed=78] Epoch 120/200 | LR 0.100000 | Train Loss 2.0514 | GradNorm 1.23
[Mixup seed=78] Epoch 130/200 | LR 0.100000 | Train Loss 2.2652 | GradNorm 1.27
[Mixup seed=78] Epoch 140/200 | LR 0.100000 | Train Loss 1.9165 | GradNorm 1.25
[Mixup seed=78] Epoch 150/200 | LR 0.100000 | Train Loss 2.1189 | GradNorm 1.24
[Mixup seed=78] Epoch 160/200 | LR 0.100000 | Train Loss 2.1375 | GradNorm 1.25
[Mixup seed=78] Epoch 170/200 | LR 0.001000 | Train Loss 1.7180 | GradNorm 1.02
[Mixup seed=78] Epoch 180/200 | LR 0.001000 | Train Loss 1.6924 | GradNorm 0.98
[Mixup seed=78] Epoch 190/200 | LR 0.000010 | Train Loss 1.7526 | GradNorm 1.00
[Mixup] checkpoint -> Mixup_seed78_final.pt
[Mixup seed=78] Epoch 200/200 | LR 0.000010 | Train Loss 1.8834 | GradNorm 1.05
[Mixup seed=78] done in 671s (200 epochs, final-epoch model is the reported model)
History saved to /kaggle/working/rs3/runs/ridge_sinkhorn_3seed_v1/attempts/inner/mixup/seed_78/outer_1/inner_0/20260928T055106.443471Z-0e2e82e52b56/expert_Mixup/seed_78/outer_1/inner_0/training_history.json
Loaded checkpoint from /kaggle/working/rs3/runs/ridge_sinkhorn_3seed_v1/attempts/inner/mixup/seed_78/outer_1/inner_0/20260928T055106.443471Z-0e2e82e52b56/expert_Mixup/seed_78/outer_1/inner_0/checkpoints/Mixup_seed78_final.pt (epoch 200, seed 78)
[LongTailCIFAR100] Val set created:
  Total samples          : 2,170
  Head class (0) count   : 100
  Tail class (99) count  : 1
  Target imbalance ratio : 100.0
  Achieved IR            : 100.00
  Augmentations           : No
