[LongTailCIFAR100] Train set created:
  Total samples          : 6,509
  Head class (0) count   : 300
  Tail class (99) count  : 3
  Target imbalance ratio : 100.0
  Achieved IR            : 100.00
  Augmentations           : Yes
[Mixup seed=78] Epoch   1/200 | LR 0.020000 | Train Loss 4.4177 | GradNorm 2.47
[Mixup seed=78] Epoch  10/200 | LR 0.100000 | Train Loss 3.4524 | GradNorm 0.94
[Mixup seed=78] Epoch  20/200 | LR 0.100000 | Train Loss 3.1110 | GradNorm 1.02
[Mixup seed=78] Epoch  30/200 | LR 0.100000 | Train Loss 2.8523 | GradNorm 1.10
[Mixup seed=78] Epoch  40/200 | LR 0.100000 | Train Loss 2.6870 | GradNorm 1.09
[Mixup seed=78] Epoch  50/200 | LR 0.100000 | Train Loss 2.5653 | GradNorm 1.16
[Mixup seed=78] Epoch  60/200 | LR 0.100000 | Train Loss 2.4384 | GradNorm 1.16
[Mixup seed=78] Epoch  70/200 | LR 0.100000 | Train Loss 2.3232 | GradNorm 1.20
[Mixup seed=78] Epoch  80/200 | LR 0.100000 | Train Loss 2.1673 | GradNorm 1.24
[Mixup seed=78] Epoch  90/200 | LR 0.100000 | Train Loss 2.2373 | GradNorm 1.22
[Mixup seed=78] Epoch 100/200 | LR 0.100000 | Train Loss 2.2988 | GradNorm 1.22
[Mixup seed=78] Epoch 110/200 | LR 0.100000 | Train Loss 2.1786 | GradNorm 1.23
[Mixup seed=78] Epoch 120/200 | LR 0.100000 | Train Loss 2.0496 | GradNorm 1.22
[Mixup seed=78] Epoch 130/200 | LR 0.100000 | Train Loss 2.2570 | GradNorm 1.24
[Mixup seed=78] Epoch 140/200 | LR 0.100000 | Train Loss 1.9034 | GradNorm 1.24
[Mixup seed=78] Epoch 150/200 | LR 0.100000 | Train Loss 2.1173 | GradNorm 1.22
[Mixup seed=78] Epoch 160/200 | LR 0.100000 | Train Loss 2.1391 | GradNorm 1.26
[Mixup seed=78] Epoch 170/200 | LR 0.001000 | Train Loss 1.7183 | GradNorm 1.04
[Mixup seed=78] Epoch 180/200 | LR 0.001000 | Train Loss 1.7056 | GradNorm 1.01
[Mixup seed=78] Epoch 190/200 | LR 0.000010 | Train Loss 1.7584 | GradNorm 1.01
[Mixup] checkpoint -> Mixup_seed78_final.pt
[Mixup seed=78] Epoch 200/200 | LR 0.000010 | Train Loss 1.8591 | GradNorm 1.06
[Mixup seed=78] done in 690s (200 epochs, final-epoch model is the reported model)
History saved to /kaggle/working/rs3/runs/ridge_sinkhorn_3seed_v1/attempts/inner/mixup/seed_78/outer_3/inner_2/20260930T030827.064238Z-39dde4750d0f/expert_Mixup/seed_78/outer_3/inner_2/training_history.json
Loaded checkpoint from /kaggle/working/rs3/runs/ridge_sinkhorn_3seed_v1/attempts/inner/mixup/seed_78/outer_3/inner_2/20260930T030827.064238Z-39dde4750d0f/expert_Mixup/seed_78/outer_3/inner_2/checkpoints/Mixup_seed78_final.pt (epoch 200, seed 78)
[LongTailCIFAR100] Val set created:
  Total samples          : 2,169
  Head class (0) count   : 100
  Tail class (99) count  : 1
  Target imbalance ratio : 100.0
  Achieved IR            : 100.00
  Augmentations           : No
