[LongTailCIFAR100] Train set created:
  Total samples          : 6,509
  Head class (0) count   : 300
  Tail class (99) count  : 3
  Target imbalance ratio : 100.0
  Achieved IR            : 100.00
  Augmentations           : Yes
[CE seed=88] Epoch   1/200 | LR 0.020000 | Train Loss 4.2459 | Train Acc 7.91% | GradNorm 3.07
[CE seed=88] Epoch  10/200 | LR 0.100000 | Train Loss 2.7520 | Train Acc 31.28% | GradNorm 1.34
[CE seed=88] Epoch  20/200 | LR 0.100000 | Train Loss 2.0204 | Train Acc 46.86% | GradNorm 1.52
[CE seed=88] Epoch  30/200 | LR 0.100000 | Train Loss 1.5546 | Train Acc 57.37% | GradNorm 1.66
[CE seed=88] Epoch  40/200 | LR 0.100000 | Train Loss 1.1163 | Train Acc 68.06% | GradNorm 1.73
[CE seed=88] Epoch  50/200 | LR 0.100000 | Train Loss 0.9231 | Train Acc 72.76% | GradNorm 1.83
[CE seed=88] Epoch  60/200 | LR 0.100000 | Train Loss 0.6724 | Train Acc 80.00% | GradNorm 1.73
[CE seed=88] Epoch  70/200 | LR 0.100000 | Train Loss 0.5417 | Train Acc 82.78% | GradNorm 1.75
[CE seed=88] Epoch  80/200 | LR 0.100000 | Train Loss 0.4469 | Train Acc 85.82% | GradNorm 1.75
[CE seed=88] Epoch  90/200 | LR 0.100000 | Train Loss 0.3852 | Train Acc 87.79% | GradNorm 1.66
[CE seed=88] Epoch 100/200 | LR 0.100000 | Train Loss 0.3667 | Train Acc 87.94% | GradNorm 1.71
[CE seed=88] Epoch 110/200 | LR 0.100000 | Train Loss 0.3026 | Train Acc 90.41% | GradNorm 1.59
[CE seed=88] Epoch 120/200 | LR 0.100000 | Train Loss 0.2416 | Train Acc 92.43% | GradNorm 1.45
[CE seed=88] Epoch 130/200 | LR 0.100000 | Train Loss 0.2661 | Train Acc 91.73% | GradNorm 1.54
[CE seed=88] Epoch 140/200 | LR 0.100000 | Train Loss 0.2227 | Train Acc 93.21% | GradNorm 1.46
[CE seed=88] Epoch 150/200 | LR 0.100000 | Train Loss 0.2267 | Train Acc 93.03% | GradNorm 1.47
[CE seed=88] Epoch 160/200 | LR 0.100000 | Train Loss 0.2613 | Train Acc 91.84% | GradNorm 1.62
[CE seed=88] Epoch 170/200 | LR 0.001000 | Train Loss 0.0739 | Train Acc 98.48% | GradNorm 0.72
[CE seed=88] Epoch 180/200 | LR 0.001000 | Train Loss 0.0550 | Train Acc 99.00% | GradNorm 0.58
[CE seed=88] Epoch 190/200 | LR 0.000010 | Train Loss 0.0528 | Train Acc 99.19% | GradNorm 0.56
[CE] checkpoint -> CE_seed88_final.pt
[CE seed=88] Epoch 200/200 | LR 0.000010 | Train Loss 0.0515 | Train Acc 99.14% | GradNorm 0.55
[CE seed=88] done in 688s (200 epochs, final-epoch model is the reported model)
History saved to /kaggle/working/rs3/runs/ridge_sinkhorn_3seed_v1/attempts/inner/ce/seed_88/outer_2/inner_3/20260930T110144.302729Z-e5f15ef8ebbd/expert_CE/seed_88/outer_2/inner_3/training_history.json
Loaded checkpoint from /kaggle/working/rs3/runs/ridge_sinkhorn_3seed_v1/attempts/inner/ce/seed_88/outer_2/inner_3/20260930T110144.302729Z-e5f15ef8ebbd/expert_CE/seed_88/outer_2/inner_3/checkpoints/CE_seed88_final.pt (epoch 200, seed 88)
[LongTailCIFAR100] Val set created:
  Total samples          : 2,169
  Head class (0) count   : 100
  Tail class (99) count  : 1
  Target imbalance ratio : 100.0
  Achieved IR            : 100.00
  Augmentations           : No
