[LongTailCIFAR100] Train set created:
  Total samples          : 6,507
  Head class (0) count   : 300
  Tail class (99) count  : 3
  Target imbalance ratio : 100.0
  Achieved IR            : 100.00
  Augmentations           : Yes
[Mixup seed=88] Epoch   1/200 | LR 0.020000 | Train Loss 4.3460 | GradNorm 2.67
[Mixup seed=88] Epoch  10/200 | LR 0.100000 | Train Loss 3.4271 | GradNorm 0.92
[Mixup seed=88] Epoch  20/200 | LR 0.100000 | Train Loss 3.0452 | GradNorm 1.02
[Mixup seed=88] Epoch  30/200 | LR 0.100000 | Train Loss 2.7616 | GradNorm 1.10
[Mixup seed=88] Epoch  40/200 | LR 0.100000 | Train Loss 2.7509 | GradNorm 1.09
[Mixup seed=88] Epoch  50/200 | LR 0.100000 | Train Loss 2.5825 | GradNorm 1.15
[Mixup seed=88] Epoch  60/200 | LR 0.100000 | Train Loss 2.4725 | GradNorm 1.19
[Mixup seed=88] Epoch  70/200 | LR 0.100000 | Train Loss 2.1751 | GradNorm 1.20
[Mixup seed=88] Epoch  80/200 | LR 0.100000 | Train Loss 2.3154 | GradNorm 1.23
[Mixup seed=88] Epoch  90/200 | LR 0.100000 | Train Loss 2.2414 | GradNorm 1.21
[Mixup seed=88] Epoch 100/200 | LR 0.100000 | Train Loss 2.2531 | GradNorm 1.24
[Mixup seed=88] Epoch 110/200 | LR 0.100000 | Train Loss 2.1783 | GradNorm 1.29
[Mixup seed=88] Epoch 120/200 | LR 0.100000 | Train Loss 2.0897 | GradNorm 1.26
[Mixup seed=88] Epoch 130/200 | LR 0.100000 | Train Loss 2.0146 | GradNorm 1.23
[Mixup seed=88] Epoch 140/200 | LR 0.100000 | Train Loss 1.9577 | GradNorm 1.23
[Mixup seed=88] Epoch 150/200 | LR 0.100000 | Train Loss 2.1780 | GradNorm 1.33
[Mixup seed=88] Epoch 160/200 | LR 0.100000 | Train Loss 1.9491 | GradNorm 1.24
[Mixup seed=88] Epoch 170/200 | LR 0.001000 | Train Loss 1.9442 | GradNorm 1.12
[Mixup seed=88] Epoch 180/200 | LR 0.001000 | Train Loss 1.7983 | GradNorm 1.05
[Mixup seed=88] Epoch 190/200 | LR 0.000010 | Train Loss 1.8145 | GradNorm 1.10
[Mixup] checkpoint -> Mixup_seed88_final.pt
[Mixup seed=88] Epoch 200/200 | LR 0.000010 | Train Loss 1.8631 | GradNorm 1.09
[Mixup seed=88] done in 670s (200 epochs, final-epoch model is the reported model)
History saved to /kaggle/working/rs3/runs/ridge_sinkhorn_3seed_v1/attempts/inner/mixup/seed_88/outer_0/inner_0/20260928T071238.686565Z-eb2ade4b4cf4/expert_Mixup/seed_88/outer_0/inner_0/training_history.json
Loaded checkpoint from /kaggle/working/rs3/runs/ridge_sinkhorn_3seed_v1/attempts/inner/mixup/seed_88/outer_0/inner_0/20260928T071238.686565Z-eb2ade4b4cf4/expert_Mixup/seed_88/outer_0/inner_0/checkpoints/Mixup_seed88_final.pt (epoch 200, seed 88)
[LongTailCIFAR100] Val set created:
  Total samples          : 2,170
  Head class (0) count   : 100
  Tail class (99) count  : 1
  Target imbalance ratio : 100.0
  Achieved IR            : 100.00
  Augmentations           : No
