[LongTailCIFAR100] Train set created:
  Total samples          : 6,509
  Head class (0) count   : 300
  Tail class (99) count  : 3
  Target imbalance ratio : 100.0
  Achieved IR            : 100.00
  Augmentations           : Yes
[BalancedSoftmax seed=88] Epoch   1/200 | LR 0.020000 | Train Loss 4.2270 | Train Acc 2.00% | GradNorm 2.81
[BalancedSoftmax seed=88] Epoch  10/200 | LR 0.100000 | Train Loss 2.8813 | Train Acc 21.46% | GradNorm 1.30
[BalancedSoftmax seed=88] Epoch  20/200 | LR 0.100000 | Train Loss 2.1382 | Train Acc 36.89% | GradNorm 1.51
[BalancedSoftmax seed=88] Epoch  30/200 | LR 0.100000 | Train Loss 1.5430 | Train Acc 49.10% | GradNorm 1.69
[BalancedSoftmax seed=88] Epoch  40/200 | LR 0.100000 | Train Loss 1.1611 | Train Acc 58.72% | GradNorm 1.76
[BalancedSoftmax seed=88] Epoch  50/200 | LR 0.100000 | Train Loss 0.8832 | Train Acc 67.35% | GradNorm 1.79
[BalancedSoftmax seed=88] Epoch  60/200 | LR 0.100000 | Train Loss 0.6928 | Train Acc 72.90% | GradNorm 1.78
[BalancedSoftmax seed=88] Epoch  70/200 | LR 0.100000 | Train Loss 0.5688 | Train Acc 76.00% | GradNorm 1.75
[BalancedSoftmax seed=88] Epoch  80/200 | LR 0.100000 | Train Loss 0.4443 | Train Acc 80.63% | GradNorm 1.73
[BalancedSoftmax seed=88] Epoch  90/200 | LR 0.100000 | Train Loss 0.3488 | Train Acc 85.37% | GradNorm 1.60
[BalancedSoftmax seed=88] Epoch 100/200 | LR 0.100000 | Train Loss 0.2837 | Train Acc 87.25% | GradNorm 1.49
[BalancedSoftmax seed=88] Epoch 110/200 | LR 0.100000 | Train Loss 0.2688 | Train Acc 88.08% | GradNorm 1.51
[BalancedSoftmax seed=88] Epoch 120/200 | LR 0.100000 | Train Loss 0.2631 | Train Acc 88.19% | GradNorm 1.53
[BalancedSoftmax seed=88] Epoch 130/200 | LR 0.100000 | Train Loss 0.2463 | Train Acc 89.31% | GradNorm 1.51
[BalancedSoftmax seed=88] Epoch 140/200 | LR 0.100000 | Train Loss 0.2958 | Train Acc 87.86% | GradNorm 1.65
[BalancedSoftmax seed=88] Epoch 150/200 | LR 0.100000 | Train Loss 0.3020 | Train Acc 87.34% | GradNorm 1.70
[BalancedSoftmax seed=88] Epoch 160/200 | LR 0.100000 | Train Loss 0.2271 | Train Acc 89.91% | GradNorm 1.52
[BalancedSoftmax seed=88] Epoch 170/200 | LR 0.001000 | Train Loss 0.0691 | Train Acc 96.90% | GradNorm 0.70
[BalancedSoftmax seed=88] Epoch 180/200 | LR 0.001000 | Train Loss 0.0494 | Train Acc 98.13% | GradNorm 0.57
[BalancedSoftmax seed=88] Epoch 190/200 | LR 0.000010 | Train Loss 0.0491 | Train Acc 97.90% | GradNorm 0.56
[BalancedSoftmax] checkpoint -> BalancedSoftmax_seed88_final.pt
[BalancedSoftmax seed=88] Epoch 200/200 | LR 0.000010 | Train Loss 0.0460 | Train Acc 98.05% | GradNorm 0.51
[BalancedSoftmax seed=88] done in 669s (200 epochs, final-epoch model is the reported model)
History saved to /kaggle/working/rs3/runs/ridge_sinkhorn_3seed_v1/attempts/inner/balanced_softmax/seed_88/outer_3/inner_2/20260928T120655.689375Z-6ce60d23a08c/expert_BalancedSoftmax/seed_88/outer_3/inner_2/training_history.json
Loaded checkpoint from /kaggle/working/rs3/runs/ridge_sinkhorn_3seed_v1/attempts/inner/balanced_softmax/seed_88/outer_3/inner_2/20260928T120655.689375Z-6ce60d23a08c/expert_BalancedSoftmax/seed_88/outer_3/inner_2/checkpoints/BalancedSoftmax_seed88_final.pt (epoch 200, seed 88)
[LongTailCIFAR100] Val set created:
  Total samples          : 2,169
  Head class (0) count   : 100
  Tail class (99) count  : 1
  Target imbalance ratio : 100.0
  Achieved IR            : 100.00
  Augmentations           : No
