[LongTailCIFAR100] Train set created:
  Total samples          : 6,508
  Head class (0) count   : 300
  Tail class (99) count  : 3
  Target imbalance ratio : 100.0
  Achieved IR            : 100.00
  Augmentations           : Yes
[Mixup seed=1034] Epoch   1/200 | LR 0.020000 | Train Loss 4.4293 | GradNorm 2.56
[Mixup seed=1034] Epoch  10/200 | LR 0.100000 | Train Loss 3.4059 | GradNorm 0.88
[Mixup seed=1034] Epoch  20/200 | LR 0.100000 | Train Loss 3.0758 | GradNorm 1.02
[Mixup seed=1034] Epoch  30/200 | LR 0.100000 | Train Loss 2.9253 | GradNorm 1.07
[Mixup seed=1034] Epoch  40/200 | LR 0.100000 | Train Loss 2.7838 | GradNorm 1.09
[Mixup seed=1034] Epoch  50/200 | LR 0.100000 | Train Loss 2.6654 | GradNorm 1.10
[Mixup seed=1034] Epoch  60/200 | LR 0.100000 | Train Loss 2.5306 | GradNorm 1.24
[Mixup seed=1034] Epoch  70/200 | LR 0.100000 | Train Loss 2.2761 | GradNorm 1.26
[Mixup seed=1034] Epoch  80/200 | LR 0.100000 | Train Loss 2.2639 | GradNorm 1.19
[Mixup seed=1034] Epoch  90/200 | LR 0.100000 | Train Loss 2.2100 | GradNorm 1.27
[Mixup seed=1034] Epoch 100/200 | LR 0.100000 | Train Loss 2.1749 | GradNorm 1.27
[Mixup seed=1034] Epoch 110/200 | LR 0.100000 | Train Loss 2.1941 | GradNorm 1.26
[Mixup seed=1034] Epoch 120/200 | LR 0.100000 | Train Loss 2.0992 | GradNorm 1.26
[Mixup seed=1034] Epoch 130/200 | LR 0.100000 | Train Loss 2.2339 | GradNorm 1.28
[Mixup seed=1034] Epoch 140/200 | LR 0.100000 | Train Loss 2.0584 | GradNorm 1.26
[Mixup seed=1034] Epoch 150/200 | LR 0.100000 | Train Loss 1.9636 | GradNorm 1.26
[Mixup seed=1034] Epoch 160/200 | LR 0.100000 | Train Loss 1.7681 | GradNorm 1.24
[Mixup seed=1034] Epoch 170/200 | LR 0.001000 | Train Loss 1.8357 | GradNorm 1.09
[Mixup seed=1034] Epoch 180/200 | LR 0.001000 | Train Loss 1.8309 | GradNorm 1.09
[Mixup seed=1034] Epoch 190/200 | LR 0.000010 | Train Loss 1.8435 | GradNorm 1.09
[Mixup] checkpoint -> Mixup_seed1034_final.pt
[Mixup seed=1034] Epoch 200/200 | LR 0.000010 | Train Loss 1.7727 | GradNorm 1.05
[Mixup seed=1034] done in 682s (200 epochs, final-epoch model is the reported model)
History saved to /kaggle/working/rs3/runs/ridge_sinkhorn_3seed_v1/attempts/inner/mixup/seed_1034/outer_1/inner_1/20260930T173918.263658Z-ac4cc58d1799/expert_Mixup/seed_1034/outer_1/inner_1/training_history.json
Loaded checkpoint from /kaggle/working/rs3/runs/ridge_sinkhorn_3seed_v1/attempts/inner/mixup/seed_1034/outer_1/inner_1/20260930T173918.263658Z-ac4cc58d1799/expert_Mixup/seed_1034/outer_1/inner_1/checkpoints/Mixup_seed1034_final.pt (epoch 200, seed 1034)
[LongTailCIFAR100] Val set created:
  Total samples          : 2,169
  Head class (0) count   : 100
  Tail class (99) count  : 1
  Target imbalance ratio : 100.0
  Achieved IR            : 100.00
  Augmentations           : No
