[LongTailCIFAR100] Train set created:
  Total samples          : 6,508
  Head class (0) count   : 300
  Tail class (99) count  : 3
  Target imbalance ratio : 100.0
  Achieved IR            : 100.00
  Augmentations           : Yes
[LAL seed=88] Epoch   1/200 | LR 0.020000 | Train Loss 4.2479 | Train Acc 2.80% | GradNorm 2.96
[LAL seed=88] Epoch  10/200 | LR 0.100000 | Train Loss 2.7846 | Train Acc 24.49% | GradNorm 1.34
[LAL seed=88] Epoch  20/200 | LR 0.100000 | Train Loss 2.0740 | Train Acc 38.52% | GradNorm 1.52
[LAL seed=88] Epoch  30/200 | LR 0.100000 | Train Loss 1.5410 | Train Acc 49.03% | GradNorm 1.72
[LAL seed=88] Epoch  40/200 | LR 0.100000 | Train Loss 1.1560 | Train Acc 59.27% | GradNorm 1.80
[LAL seed=88] Epoch  50/200 | LR 0.100000 | Train Loss 0.8675 | Train Acc 68.16% | GradNorm 1.79
[LAL seed=88] Epoch  60/200 | LR 0.100000 | Train Loss 0.6595 | Train Acc 73.52% | GradNorm 1.82
[LAL seed=88] Epoch  70/200 | LR 0.100000 | Train Loss 0.5579 | Train Acc 77.24% | GradNorm 1.79
[LAL seed=88] Epoch  80/200 | LR 0.100000 | Train Loss 0.4646 | Train Acc 80.45% | GradNorm 1.79
[LAL seed=88] Epoch  90/200 | LR 0.100000 | Train Loss 0.3408 | Train Acc 85.08% | GradNorm 1.63
[LAL seed=88] Epoch 100/200 | LR 0.100000 | Train Loss 0.2908 | Train Acc 86.97% | GradNorm 1.55
[LAL seed=88] Epoch 110/200 | LR 0.100000 | Train Loss 0.2928 | Train Acc 87.42% | GradNorm 1.59
[LAL seed=88] Epoch 120/200 | LR 0.100000 | Train Loss 0.2861 | Train Acc 87.42% | GradNorm 1.60
[LAL seed=88] Epoch 130/200 | LR 0.100000 | Train Loss 0.2384 | Train Acc 89.07% | GradNorm 1.54
[LAL seed=88] Epoch 140/200 | LR 0.100000 | Train Loss 0.2610 | Train Acc 88.46% | GradNorm 1.54
[LAL seed=88] Epoch 150/200 | LR 0.100000 | Train Loss 0.2910 | Train Acc 87.08% | GradNorm 1.66
[LAL seed=88] Epoch 160/200 | LR 0.100000 | Train Loss 0.2342 | Train Acc 89.47% | GradNorm 1.57
[LAL seed=88] Epoch 170/200 | LR 0.001000 | Train Loss 0.0671 | Train Acc 97.03% | GradNorm 0.71
[LAL seed=88] Epoch 180/200 | LR 0.001000 | Train Loss 0.0448 | Train Acc 98.23% | GradNorm 0.51
[LAL seed=88] Epoch 190/200 | LR 0.000010 | Train Loss 0.0449 | Train Acc 98.33% | GradNorm 0.50
[LAL] checkpoint -> LAL_seed88_final.pt
[LAL seed=88] Epoch 200/200 | LR 0.000010 | Train Loss 0.0437 | Train Acc 98.36% | GradNorm 0.50
[LAL seed=88] done in 681s (200 epochs, final-epoch model is the reported model)
History saved to /kaggle/working/rs3/runs/ridge_sinkhorn_3seed_v1/attempts/inner/logit_adjusted/seed_88/outer_4/inner_1/20260930T170037.237401Z-d34d3781c53d/expert_LAL/seed_88/outer_4/inner_1/training_history.json
Loaded checkpoint from /kaggle/working/rs3/runs/ridge_sinkhorn_3seed_v1/attempts/inner/logit_adjusted/seed_88/outer_4/inner_1/20260930T170037.237401Z-d34d3781c53d/expert_LAL/seed_88/outer_4/inner_1/checkpoints/LAL_seed88_final.pt (epoch 200, seed 88)
[LongTailCIFAR100] Val set created:
  Total samples          : 2,170
  Head class (0) count   : 100
  Tail class (99) count  : 1
  Target imbalance ratio : 100.0
  Achieved IR            : 100.00
  Augmentations           : No
