[LongTailCIFAR100] Train set created:
  Total samples          : 6,508
  Head class (0) count   : 300
  Tail class (99) count  : 3
  Target imbalance ratio : 100.0
  Achieved IR            : 100.00
  Augmentations           : Yes
[CE seed=78] Epoch   1/200 | LR 0.020000 | Train Loss 4.3157 | Train Acc 9.51% | GradNorm 2.87
[CE seed=78] Epoch  10/200 | LR 0.100000 | Train Loss 2.7773 | Train Acc 30.76% | GradNorm 1.33
[CE seed=78] Epoch  20/200 | LR 0.100000 | Train Loss 1.9989 | Train Acc 47.19% | GradNorm 1.48
[CE seed=78] Epoch  30/200 | LR 0.100000 | Train Loss 1.4902 | Train Acc 58.25% | GradNorm 1.64
[CE seed=78] Epoch  40/200 | LR 0.100000 | Train Loss 1.1023 | Train Acc 67.84% | GradNorm 1.76
[CE seed=78] Epoch  50/200 | LR 0.100000 | Train Loss 0.8701 | Train Acc 74.43% | GradNorm 1.76
[CE seed=78] Epoch  60/200 | LR 0.100000 | Train Loss 0.6666 | Train Acc 79.38% | GradNorm 1.78
[CE seed=78] Epoch  70/200 | LR 0.100000 | Train Loss 0.4906 | Train Acc 84.83% | GradNorm 1.67
[CE seed=78] Epoch  80/200 | LR 0.100000 | Train Loss 0.4013 | Train Acc 87.49% | GradNorm 1.67
[CE seed=78] Epoch  90/200 | LR 0.100000 | Train Loss 0.3456 | Train Acc 89.01% | GradNorm 1.60
[CE seed=78] Epoch 100/200 | LR 0.100000 | Train Loss 0.3761 | Train Acc 88.18% | GradNorm 1.77
[CE seed=78] Epoch 110/200 | LR 0.100000 | Train Loss 0.3039 | Train Acc 90.24% | GradNorm 1.60
[CE seed=78] Epoch 120/200 | LR 0.100000 | Train Loss 0.2791 | Train Acc 91.06% | GradNorm 1.56
[CE seed=78] Epoch 130/200 | LR 0.100000 | Train Loss 0.2885 | Train Acc 90.95% | GradNorm 1.64
[CE seed=78] Epoch 140/200 | LR 0.100000 | Train Loss 0.2621 | Train Acc 92.12% | GradNorm 1.59
[CE seed=78] Epoch 150/200 | LR 0.100000 | Train Loss 0.2294 | Train Acc 93.01% | GradNorm 1.51
[CE seed=78] Epoch 160/200 | LR 0.100000 | Train Loss 0.1806 | Train Acc 94.51% | GradNorm 1.34
[CE seed=78] Epoch 170/200 | LR 0.001000 | Train Loss 0.0579 | Train Acc 98.68% | GradNorm 0.62
[CE seed=78] Epoch 180/200 | LR 0.001000 | Train Loss 0.0446 | Train Acc 99.25% | GradNorm 0.51
[CE seed=78] Epoch 190/200 | LR 0.000010 | Train Loss 0.0428 | Train Acc 99.39% | GradNorm 0.49
[CE] checkpoint -> CE_seed78_final.pt
[CE seed=78] Epoch 200/200 | LR 0.000010 | Train Loss 0.0421 | Train Acc 99.39% | GradNorm 0.48
[CE seed=78] done in 691s (200 epochs, final-epoch model is the reported model)
History saved to /kaggle/working/rs3/runs/ridge_sinkhorn_3seed_v1/attempts/inner/ce/seed_78/outer_2/inner_1/20260930T090749.357219Z-fc386ca8547a/expert_CE/seed_78/outer_2/inner_1/training_history.json
Loaded checkpoint from /kaggle/working/rs3/runs/ridge_sinkhorn_3seed_v1/attempts/inner/ce/seed_78/outer_2/inner_1/20260930T090749.357219Z-fc386ca8547a/expert_CE/seed_78/outer_2/inner_1/checkpoints/CE_seed78_final.pt (epoch 200, seed 78)
[LongTailCIFAR100] Val set created:
  Total samples          : 2,170
  Head class (0) count   : 100
  Tail class (99) count  : 1
  Target imbalance ratio : 100.0
  Achieved IR            : 100.00
  Augmentations           : No
