[LongTailCIFAR100] Train set created:
  Total samples          : 6,509
  Head class (0) count   : 300
  Tail class (99) count  : 3
  Target imbalance ratio : 100.0
  Achieved IR            : 100.00
  Augmentations           : Yes
[LAL seed=88] Epoch   1/200 | LR 0.020000 | Train Loss 4.2155 | Train Acc 1.74% | GradNorm 2.78
[LAL seed=88] Epoch  10/200 | LR 0.100000 | Train Loss 2.8110 | Train Acc 23.51% | GradNorm 1.34
[LAL seed=88] Epoch  20/200 | LR 0.100000 | Train Loss 2.0743 | Train Acc 37.87% | GradNorm 1.53
[LAL seed=88] Epoch  30/200 | LR 0.100000 | Train Loss 1.5219 | Train Acc 48.93% | GradNorm 1.69
[LAL seed=88] Epoch  40/200 | LR 0.100000 | Train Loss 1.1704 | Train Acc 58.87% | GradNorm 1.78
[LAL seed=88] Epoch  50/200 | LR 0.100000 | Train Loss 0.8909 | Train Acc 66.25% | GradNorm 1.83
[LAL seed=88] Epoch  60/200 | LR 0.100000 | Train Loss 0.6649 | Train Acc 73.41% | GradNorm 1.80
[LAL seed=88] Epoch  70/200 | LR 0.100000 | Train Loss 0.4990 | Train Acc 78.75% | GradNorm 1.68
[LAL seed=88] Epoch  80/200 | LR 0.100000 | Train Loss 0.4312 | Train Acc 81.53% | GradNorm 1.70
[LAL seed=88] Epoch  90/200 | LR 0.100000 | Train Loss 0.3828 | Train Acc 83.25% | GradNorm 1.71
[LAL seed=88] Epoch 100/200 | LR 0.100000 | Train Loss 0.2999 | Train Acc 86.86% | GradNorm 1.56
[LAL seed=88] Epoch 110/200 | LR 0.100000 | Train Loss 0.2736 | Train Acc 87.43% | GradNorm 1.52
[LAL seed=88] Epoch 120/200 | LR 0.100000 | Train Loss 0.2968 | Train Acc 87.57% | GradNorm 1.64
[LAL seed=88] Epoch 130/200 | LR 0.100000 | Train Loss 0.2825 | Train Acc 88.05% | GradNorm 1.61
[LAL seed=88] Epoch 140/200 | LR 0.100000 | Train Loss 0.1964 | Train Acc 91.09% | GradNorm 1.37
[LAL seed=88] Epoch 150/200 | LR 0.100000 | Train Loss 0.2605 | Train Acc 88.46% | GradNorm 1.60
[LAL seed=88] Epoch 160/200 | LR 0.100000 | Train Loss 0.1966 | Train Acc 91.37% | GradNorm 1.37
[LAL seed=88] Epoch 170/200 | LR 0.001000 | Train Loss 0.0548 | Train Acc 97.36% | GradNorm 0.58
[LAL seed=88] Epoch 180/200 | LR 0.001000 | Train Loss 0.0445 | Train Acc 97.96% | GradNorm 0.49
[LAL seed=88] Epoch 190/200 | LR 0.000010 | Train Loss 0.0446 | Train Acc 97.96% | GradNorm 0.51
[LAL] checkpoint -> LAL_seed88_final.pt
[LAL seed=88] Epoch 200/200 | LR 0.000010 | Train Loss 0.0447 | Train Acc 97.93% | GradNorm 0.52
[LAL seed=88] done in 664s (200 epochs, final-epoch model is the reported model)
History saved to /kaggle/working/rs3/runs/ridge_sinkhorn_3seed_v1/attempts/inner/logit_adjusted/seed_88/outer_3/inner_2/20260928T035339.948563Z-cd2fbcdb643a/expert_LAL/seed_88/outer_3/inner_2/training_history.json
Loaded checkpoint from /kaggle/working/rs3/runs/ridge_sinkhorn_3seed_v1/attempts/inner/logit_adjusted/seed_88/outer_3/inner_2/20260928T035339.948563Z-cd2fbcdb643a/expert_LAL/seed_88/outer_3/inner_2/checkpoints/LAL_seed88_final.pt (epoch 200, seed 88)
[LongTailCIFAR100] Val set created:
  Total samples          : 2,169
  Head class (0) count   : 100
  Tail class (99) count  : 1
  Target imbalance ratio : 100.0
  Achieved IR            : 100.00
  Augmentations           : No
