[LongTailCIFAR100] Train set created:
  Total samples          : 6,509
  Head class (0) count   : 300
  Tail class (99) count  : 3
  Target imbalance ratio : 100.0
  Achieved IR            : 100.00
  Augmentations           : Yes
[CE seed=78] Epoch   1/200 | LR 0.020000 | Train Loss 4.3223 | Train Acc 8.37% | GradNorm 3.03
[CE seed=78] Epoch  10/200 | LR 0.100000 | Train Loss 2.6788 | Train Acc 32.28% | GradNorm 1.38
[CE seed=78] Epoch  20/200 | LR 0.100000 | Train Loss 1.9289 | Train Acc 47.90% | GradNorm 1.56
[CE seed=78] Epoch  30/200 | LR 0.100000 | Train Loss 1.4350 | Train Acc 59.21% | GradNorm 1.70
[CE seed=78] Epoch  40/200 | LR 0.100000 | Train Loss 1.1126 | Train Acc 66.77% | GradNorm 1.82
[CE seed=78] Epoch  50/200 | LR 0.100000 | Train Loss 0.8181 | Train Acc 74.90% | GradNorm 1.80
[CE seed=78] Epoch  60/200 | LR 0.100000 | Train Loss 0.6527 | Train Acc 79.98% | GradNorm 1.83
[CE seed=78] Epoch  70/200 | LR 0.100000 | Train Loss 0.4869 | Train Acc 84.93% | GradNorm 1.72
[CE seed=78] Epoch  80/200 | LR 0.100000 | Train Loss 0.4020 | Train Acc 87.36% | GradNorm 1.65
[CE seed=78] Epoch  90/200 | LR 0.100000 | Train Loss 0.3331 | Train Acc 89.58% | GradNorm 1.59
[CE seed=78] Epoch 100/200 | LR 0.100000 | Train Loss 0.3142 | Train Acc 90.23% | GradNorm 1.58
[CE seed=78] Epoch 110/200 | LR 0.100000 | Train Loss 0.2694 | Train Acc 91.69% | GradNorm 1.55
[CE seed=78] Epoch 120/200 | LR 0.100000 | Train Loss 0.2293 | Train Acc 92.95% | GradNorm 1.44
[CE seed=78] Epoch 130/200 | LR 0.100000 | Train Loss 0.2501 | Train Acc 91.90% | GradNorm 1.56
[CE seed=78] Epoch 140/200 | LR 0.100000 | Train Loss 0.2203 | Train Acc 93.15% | GradNorm 1.49
[CE seed=78] Epoch 150/200 | LR 0.100000 | Train Loss 0.2160 | Train Acc 93.52% | GradNorm 1.51
[CE seed=78] Epoch 160/200 | LR 0.100000 | Train Loss 0.2153 | Train Acc 93.26% | GradNorm 1.46
[CE seed=78] Epoch 170/200 | LR 0.001000 | Train Loss 0.0592 | Train Acc 98.99% | GradNorm 0.63
[CE seed=78] Epoch 180/200 | LR 0.001000 | Train Loss 0.0444 | Train Acc 99.39% | GradNorm 0.52
[CE seed=78] Epoch 190/200 | LR 0.000010 | Train Loss 0.0442 | Train Acc 99.25% | GradNorm 0.52
[CE] checkpoint -> CE_seed78_final.pt
[CE seed=78] Epoch 200/200 | LR 0.000010 | Train Loss 0.0411 | Train Acc 99.39% | GradNorm 0.48
[CE seed=78] done in 667s (200 epochs, final-epoch model is the reported model)
History saved to /kaggle/working/rs3/runs/ridge_sinkhorn_3seed_v1/attempts/inner/ce/seed_78/outer_4/inner_3/20260928T150339.019954Z-8746dba5ba96/expert_CE/seed_78/outer_4/inner_3/training_history.json
Loaded checkpoint from /kaggle/working/rs3/runs/ridge_sinkhorn_3seed_v1/attempts/inner/ce/seed_78/outer_4/inner_3/20260928T150339.019954Z-8746dba5ba96/expert_CE/seed_78/outer_4/inner_3/checkpoints/CE_seed78_final.pt (epoch 200, seed 78)
[LongTailCIFAR100] Val set created:
  Total samples          : 2,169
  Head class (0) count   : 100
  Tail class (99) count  : 1
  Target imbalance ratio : 100.0
  Achieved IR            : 100.00
  Augmentations           : No
