[LongTailCIFAR100] Train set created:
  Total samples          : 6,509
  Head class (0) count   : 300
  Tail class (99) count  : 3
  Target imbalance ratio : 100.0
  Achieved IR            : 100.00
  Augmentations           : Yes
[BalancedSoftmax seed=88] Epoch   1/200 | LR 0.020000 | Train Loss 4.2076 | Train Acc 2.26% | GradNorm 2.78
[BalancedSoftmax seed=88] Epoch  10/200 | LR 0.100000 | Train Loss 2.8324 | Train Acc 23.69% | GradNorm 1.31
[BalancedSoftmax seed=88] Epoch  20/200 | LR 0.100000 | Train Loss 2.1637 | Train Acc 36.99% | GradNorm 1.50
[BalancedSoftmax seed=88] Epoch  30/200 | LR 0.100000 | Train Loss 1.6002 | Train Acc 48.93% | GradNorm 1.64
[BalancedSoftmax seed=88] Epoch  40/200 | LR 0.100000 | Train Loss 1.2288 | Train Acc 56.94% | GradNorm 1.76
[BalancedSoftmax seed=88] Epoch  50/200 | LR 0.100000 | Train Loss 0.9663 | Train Acc 64.26% | GradNorm 1.87
[BalancedSoftmax seed=88] Epoch  60/200 | LR 0.100000 | Train Loss 0.7284 | Train Acc 72.02% | GradNorm 1.82
[BalancedSoftmax seed=88] Epoch  70/200 | LR 0.100000 | Train Loss 0.5646 | Train Acc 76.77% | GradNorm 1.80
[BalancedSoftmax seed=88] Epoch  80/200 | LR 0.100000 | Train Loss 0.4629 | Train Acc 81.09% | GradNorm 1.72
[BalancedSoftmax seed=88] Epoch  90/200 | LR 0.100000 | Train Loss 0.4248 | Train Acc 82.59% | GradNorm 1.80
[BalancedSoftmax seed=88] Epoch 100/200 | LR 0.100000 | Train Loss 0.3497 | Train Acc 85.30% | GradNorm 1.67
[BalancedSoftmax seed=88] Epoch 110/200 | LR 0.100000 | Train Loss 0.2978 | Train Acc 87.29% | GradNorm 1.54
[BalancedSoftmax seed=88] Epoch 120/200 | LR 0.100000 | Train Loss 0.2366 | Train Acc 89.49% | GradNorm 1.46
[BalancedSoftmax seed=88] Epoch 130/200 | LR 0.100000 | Train Loss 0.2082 | Train Acc 91.10% | GradNorm 1.40
[BalancedSoftmax seed=88] Epoch 140/200 | LR 0.100000 | Train Loss 0.2633 | Train Acc 89.29% | GradNorm 1.60
[BalancedSoftmax seed=88] Epoch 150/200 | LR 0.100000 | Train Loss 0.2399 | Train Acc 90.14% | GradNorm 1.50
[BalancedSoftmax seed=88] Epoch 160/200 | LR 0.100000 | Train Loss 0.2673 | Train Acc 88.19% | GradNorm 1.68
[BalancedSoftmax seed=88] Epoch 170/200 | LR 0.001000 | Train Loss 0.0636 | Train Acc 97.17% | GradNorm 0.67
[BalancedSoftmax seed=88] Epoch 180/200 | LR 0.001000 | Train Loss 0.0490 | Train Acc 97.90% | GradNorm 0.55
[BalancedSoftmax seed=88] Epoch 190/200 | LR 0.000010 | Train Loss 0.0476 | Train Acc 98.08% | GradNorm 0.53
[BalancedSoftmax] checkpoint -> BalancedSoftmax_seed88_final.pt
[BalancedSoftmax seed=88] Epoch 200/200 | LR 0.000010 | Train Loss 0.0500 | Train Acc 98.31% | GradNorm 0.57
[BalancedSoftmax seed=88] done in 666s (200 epochs, final-epoch model is the reported model)
History saved to /kaggle/working/rs3/runs/ridge_sinkhorn_3seed_v1/attempts/inner/balanced_softmax/seed_88/outer_4/inner_3/20260928T122218.223585Z-a4561d6be0b8/expert_BalancedSoftmax/seed_88/outer_4/inner_3/training_history.json
Loaded checkpoint from /kaggle/working/rs3/runs/ridge_sinkhorn_3seed_v1/attempts/inner/balanced_softmax/seed_88/outer_4/inner_3/20260928T122218.223585Z-a4561d6be0b8/expert_BalancedSoftmax/seed_88/outer_4/inner_3/checkpoints/BalancedSoftmax_seed88_final.pt (epoch 200, seed 88)
[LongTailCIFAR100] Val set created:
  Total samples          : 2,169
  Head class (0) count   : 100
  Tail class (99) count  : 1
  Target imbalance ratio : 100.0
  Achieved IR            : 100.00
  Augmentations           : No
