[LongTailCIFAR100] Train set created:
  Total samples          : 6,508
  Head class (0) count   : 300
  Tail class (99) count  : 3
  Target imbalance ratio : 100.0
  Achieved IR            : 100.00
  Augmentations           : Yes
[LAL seed=1034] Epoch   1/200 | LR 0.020000 | Train Loss 4.2721 | Train Acc 3.06% | GradNorm 3.34
[LAL seed=1034] Epoch  10/200 | LR 0.100000 | Train Loss 2.6887 | Train Acc 27.01% | GradNorm 1.38
[LAL seed=1034] Epoch  20/200 | LR 0.100000 | Train Loss 1.9297 | Train Acc 41.67% | GradNorm 1.52
[LAL seed=1034] Epoch  30/200 | LR 0.100000 | Train Loss 1.4431 | Train Acc 51.66% | GradNorm 1.73
[LAL seed=1034] Epoch  40/200 | LR 0.100000 | Train Loss 1.0962 | Train Acc 59.73% | GradNorm 1.81
[LAL seed=1034] Epoch  50/200 | LR 0.100000 | Train Loss 0.8535 | Train Acc 66.78% | GradNorm 1.83
[LAL seed=1034] Epoch  60/200 | LR 0.100000 | Train Loss 0.6258 | Train Acc 75.15% | GradNorm 1.79
[LAL seed=1034] Epoch  70/200 | LR 0.100000 | Train Loss 0.5331 | Train Acc 77.43% | GradNorm 1.79
[LAL seed=1034] Epoch  80/200 | LR 0.100000 | Train Loss 0.3944 | Train Acc 83.33% | GradNorm 1.68
[LAL seed=1034] Epoch  90/200 | LR 0.100000 | Train Loss 0.3487 | Train Acc 84.30% | GradNorm 1.61
[LAL seed=1034] Epoch 100/200 | LR 0.100000 | Train Loss 0.3084 | Train Acc 86.17% | GradNorm 1.60
[LAL seed=1034] Epoch 110/200 | LR 0.100000 | Train Loss 0.2700 | Train Acc 88.40% | GradNorm 1.54
[LAL seed=1034] Epoch 120/200 | LR 0.100000 | Train Loss 0.2250 | Train Acc 89.31% | GradNorm 1.44
[LAL seed=1034] Epoch 130/200 | LR 0.100000 | Train Loss 0.2323 | Train Acc 89.35% | GradNorm 1.48
[LAL seed=1034] Epoch 140/200 | LR 0.100000 | Train Loss 0.2017 | Train Acc 90.98% | GradNorm 1.36
[LAL seed=1034] Epoch 150/200 | LR 0.100000 | Train Loss 0.2606 | Train Acc 88.89% | GradNorm 1.56
[LAL seed=1034] Epoch 160/200 | LR 0.100000 | Train Loss 0.1896 | Train Acc 91.47% | GradNorm 1.42
[LAL seed=1034] Epoch 170/200 | LR 0.001000 | Train Loss 0.0570 | Train Acc 97.48% | GradNorm 0.65
[LAL seed=1034] Epoch 180/200 | LR 0.001000 | Train Loss 0.0410 | Train Acc 98.29% | GradNorm 0.52
[LAL seed=1034] Epoch 190/200 | LR 0.000010 | Train Loss 0.0389 | Train Acc 98.45% | GradNorm 0.49
[LAL] checkpoint -> LAL_seed1034_final.pt
[LAL seed=1034] Epoch 200/200 | LR 0.000010 | Train Loss 0.0418 | Train Acc 98.48% | GradNorm 0.52
[LAL seed=1034] done in 728s (200 epochs, final-epoch model is the reported model)
History saved to /kaggle/working/rs3/runs/ridge_sinkhorn_3seed_v1/attempts/inner/logit_adjusted/seed_1034/outer_4/inner_1/20260927T131218.109580Z-9cc23b52c5b9/expert_LAL/seed_1034/outer_4/inner_1/training_history.json
Loaded checkpoint from /kaggle/working/rs3/runs/ridge_sinkhorn_3seed_v1/attempts/inner/logit_adjusted/seed_1034/outer_4/inner_1/20260927T131218.109580Z-9cc23b52c5b9/expert_LAL/seed_1034/outer_4/inner_1/checkpoints/LAL_seed1034_final.pt (epoch 200, seed 1034)
[LongTailCIFAR100] Val set created:
  Total samples          : 2,170
  Head class (0) count   : 100
  Tail class (99) count  : 1
  Target imbalance ratio : 100.0
  Achieved IR            : 100.00
  Augmentations           : No
