[LongTailCIFAR100] Train set created:
  Total samples          : 6,508
  Head class (0) count   : 300
  Tail class (99) count  : 3
  Target imbalance ratio : 100.0
  Achieved IR            : 100.00
  Augmentations           : Yes
[LAL seed=88] Epoch   1/200 | LR 0.020000 | Train Loss 4.2493 | Train Acc 2.57% | GradNorm 2.88
[LAL seed=88] Epoch  10/200 | LR 0.100000 | Train Loss 2.8454 | Train Acc 22.99% | GradNorm 1.29
[LAL seed=88] Epoch  20/200 | LR 0.100000 | Train Loss 2.1650 | Train Acc 36.00% | GradNorm 1.51
[LAL seed=88] Epoch  30/200 | LR 0.100000 | Train Loss 1.5786 | Train Acc 49.77% | GradNorm 1.68
[LAL seed=88] Epoch  40/200 | LR 0.100000 | Train Loss 1.1897 | Train Acc 58.73% | GradNorm 1.78
[LAL seed=88] Epoch  50/200 | LR 0.100000 | Train Loss 0.8858 | Train Acc 66.72% | GradNorm 1.85
[LAL seed=88] Epoch  60/200 | LR 0.100000 | Train Loss 0.6824 | Train Acc 73.28% | GradNorm 1.80
[LAL seed=88] Epoch  70/200 | LR 0.100000 | Train Loss 0.5434 | Train Acc 77.49% | GradNorm 1.78
[LAL seed=88] Epoch  80/200 | LR 0.100000 | Train Loss 0.4131 | Train Acc 82.53% | GradNorm 1.67
[LAL seed=88] Epoch  90/200 | LR 0.100000 | Train Loss 0.3442 | Train Acc 84.86% | GradNorm 1.57
[LAL seed=88] Epoch 100/200 | LR 0.100000 | Train Loss 0.3013 | Train Acc 86.37% | GradNorm 1.53
[LAL seed=88] Epoch 110/200 | LR 0.100000 | Train Loss 0.2908 | Train Acc 87.32% | GradNorm 1.56
[LAL seed=88] Epoch 120/200 | LR 0.100000 | Train Loss 0.2658 | Train Acc 87.95% | GradNorm 1.56
[LAL seed=88] Epoch 130/200 | LR 0.100000 | Train Loss 0.2374 | Train Acc 90.04% | GradNorm 1.48
[LAL seed=88] Epoch 140/200 | LR 0.100000 | Train Loss 0.2328 | Train Acc 89.67% | GradNorm 1.48
[LAL seed=88] Epoch 150/200 | LR 0.100000 | Train Loss 0.2447 | Train Acc 89.49% | GradNorm 1.53
[LAL seed=88] Epoch 160/200 | LR 0.100000 | Train Loss 0.2172 | Train Acc 90.33% | GradNorm 1.47
[LAL seed=88] Epoch 170/200 | LR 0.001000 | Train Loss 0.0619 | Train Acc 97.39% | GradNorm 0.65
[LAL seed=88] Epoch 180/200 | LR 0.001000 | Train Loss 0.0451 | Train Acc 98.11% | GradNorm 0.52
[LAL seed=88] Epoch 190/200 | LR 0.000010 | Train Loss 0.0469 | Train Acc 98.17% | GradNorm 0.54
[LAL] checkpoint -> LAL_seed88_final.pt
[LAL seed=88] Epoch 200/200 | LR 0.000010 | Train Loss 0.0475 | Train Acc 98.26% | GradNorm 0.55
[LAL seed=88] done in 701s (200 epochs, final-epoch model is the reported model)
History saved to /kaggle/working/rs3/runs/ridge_sinkhorn_3seed_v1/attempts/inner/logit_adjusted/seed_88/outer_3/inner_1/20260928T193408.907296Z-2a05bf07b08b/expert_LAL/seed_88/outer_3/inner_1/training_history.json
Loaded checkpoint from /kaggle/working/rs3/runs/ridge_sinkhorn_3seed_v1/attempts/inner/logit_adjusted/seed_88/outer_3/inner_1/20260928T193408.907296Z-2a05bf07b08b/expert_LAL/seed_88/outer_3/inner_1/checkpoints/LAL_seed88_final.pt (epoch 200, seed 88)
[LongTailCIFAR100] Val set created:
  Total samples          : 2,170
  Head class (0) count   : 100
  Tail class (99) count  : 1
  Target imbalance ratio : 100.0
  Achieved IR            : 100.00
  Augmentations           : No
