[LongTailCIFAR100] Train set created:
  Total samples          : 6,509
  Head class (0) count   : 300
  Tail class (99) count  : 3
  Target imbalance ratio : 100.0
  Achieved IR            : 100.00
  Augmentations           : Yes
[BalancedSoftmax seed=78] Epoch   1/200 | LR 0.020000 | Train Loss 4.2261 | Train Acc 4.18% | GradNorm 3.20
[BalancedSoftmax seed=78] Epoch  10/200 | LR 0.100000 | Train Loss 2.6773 | Train Acc 26.19% | GradNorm 1.42
[BalancedSoftmax seed=78] Epoch  20/200 | LR 0.100000 | Train Loss 1.9055 | Train Acc 42.89% | GradNorm 1.55
[BalancedSoftmax seed=78] Epoch  30/200 | LR 0.100000 | Train Loss 1.4494 | Train Acc 51.87% | GradNorm 1.71
[BalancedSoftmax seed=78] Epoch  40/200 | LR 0.100000 | Train Loss 1.1095 | Train Acc 60.56% | GradNorm 1.80
[BalancedSoftmax seed=78] Epoch  50/200 | LR 0.100000 | Train Loss 0.8348 | Train Acc 67.78% | GradNorm 1.82
[BalancedSoftmax seed=78] Epoch  60/200 | LR 0.100000 | Train Loss 0.6456 | Train Acc 74.02% | GradNorm 1.81
[BalancedSoftmax seed=78] Epoch  70/200 | LR 0.100000 | Train Loss 0.5347 | Train Acc 78.17% | GradNorm 1.81
[BalancedSoftmax seed=78] Epoch  80/200 | LR 0.100000 | Train Loss 0.4005 | Train Acc 82.62% | GradNorm 1.64
[BalancedSoftmax seed=78] Epoch  90/200 | LR 0.100000 | Train Loss 0.3290 | Train Acc 85.77% | GradNorm 1.55
[BalancedSoftmax seed=78] Epoch 100/200 | LR 0.100000 | Train Loss 0.3149 | Train Acc 85.79% | GradNorm 1.62
[BalancedSoftmax seed=78] Epoch 110/200 | LR 0.100000 | Train Loss 0.2848 | Train Acc 86.86% | GradNorm 1.58
[BalancedSoftmax seed=78] Epoch 120/200 | LR 0.100000 | Train Loss 0.2487 | Train Acc 88.42% | GradNorm 1.50
[BalancedSoftmax seed=78] Epoch 130/200 | LR 0.100000 | Train Loss 0.2464 | Train Acc 88.52% | GradNorm 1.47
[BalancedSoftmax seed=78] Epoch 140/200 | LR 0.100000 | Train Loss 0.2647 | Train Acc 88.94% | GradNorm 1.59
[BalancedSoftmax seed=78] Epoch 150/200 | LR 0.100000 | Train Loss 0.2402 | Train Acc 89.54% | GradNorm 1.53
[BalancedSoftmax seed=78] Epoch 160/200 | LR 0.100000 | Train Loss 0.2232 | Train Acc 89.80% | GradNorm 1.49
[BalancedSoftmax seed=78] Epoch 170/200 | LR 0.001000 | Train Loss 0.0653 | Train Acc 97.08% | GradNorm 0.67
[BalancedSoftmax seed=78] Epoch 180/200 | LR 0.001000 | Train Loss 0.0477 | Train Acc 98.23% | GradNorm 0.53
[BalancedSoftmax seed=78] Epoch 190/200 | LR 0.000010 | Train Loss 0.0459 | Train Acc 98.20% | GradNorm 0.51
[BalancedSoftmax] checkpoint -> BalancedSoftmax_seed78_final.pt
[BalancedSoftmax seed=78] Epoch 200/200 | LR 0.000010 | Train Loss 0.0436 | Train Acc 98.37% | GradNorm 0.48
[BalancedSoftmax seed=78] done in 666s (200 epochs, final-epoch model is the reported model)
History saved to /kaggle/working/rs3/runs/ridge_sinkhorn_3seed_v1/attempts/inner/balanced_softmax/seed_78/outer_4/inner_2/20260928T100830.756332Z-17d299d25478/expert_BalancedSoftmax/seed_78/outer_4/inner_2/training_history.json
Loaded checkpoint from /kaggle/working/rs3/runs/ridge_sinkhorn_3seed_v1/attempts/inner/balanced_softmax/seed_78/outer_4/inner_2/20260928T100830.756332Z-17d299d25478/expert_BalancedSoftmax/seed_78/outer_4/inner_2/checkpoints/BalancedSoftmax_seed78_final.pt (epoch 200, seed 78)
[LongTailCIFAR100] Val set created:
  Total samples          : 2,169
  Head class (0) count   : 100
  Tail class (99) count  : 1
  Target imbalance ratio : 100.0
  Achieved IR            : 100.00
  Augmentations           : No
