[LongTailCIFAR100] Train set created:
  Total samples          : 6,508
  Head class (0) count   : 300
  Tail class (99) count  : 3
  Target imbalance ratio : 100.0
  Achieved IR            : 100.00
  Augmentations           : Yes
[Mixup seed=1034] Epoch   1/200 | LR 0.020000 | Train Loss 4.4317 | GradNorm 3.22
[Mixup seed=1034] Epoch  10/200 | LR 0.100000 | Train Loss 3.3580 | GradNorm 1.00
[Mixup seed=1034] Epoch  20/200 | LR 0.100000 | Train Loss 2.9978 | GradNorm 1.07
[Mixup seed=1034] Epoch  30/200 | LR 0.100000 | Train Loss 2.8880 | GradNorm 1.08
[Mixup seed=1034] Epoch  40/200 | LR 0.100000 | Train Loss 2.7593 | GradNorm 1.12
[Mixup seed=1034] Epoch  50/200 | LR 0.100000 | Train Loss 2.6850 | GradNorm 1.11
[Mixup seed=1034] Epoch  60/200 | LR 0.100000 | Train Loss 2.5364 | GradNorm 1.24
[Mixup seed=1034] Epoch  70/200 | LR 0.100000 | Train Loss 2.2780 | GradNorm 1.29
[Mixup seed=1034] Epoch  80/200 | LR 0.100000 | Train Loss 2.2662 | GradNorm 1.23
[Mixup seed=1034] Epoch  90/200 | LR 0.100000 | Train Loss 2.1929 | GradNorm 1.26
[Mixup seed=1034] Epoch 100/200 | LR 0.100000 | Train Loss 2.1734 | GradNorm 1.27
[Mixup seed=1034] Epoch 110/200 | LR 0.100000 | Train Loss 2.2070 | GradNorm 1.25
[Mixup seed=1034] Epoch 120/200 | LR 0.100000 | Train Loss 2.0907 | GradNorm 1.26
[Mixup seed=1034] Epoch 130/200 | LR 0.100000 | Train Loss 2.2438 | GradNorm 1.28
[Mixup seed=1034] Epoch 140/200 | LR 0.100000 | Train Loss 2.0577 | GradNorm 1.28
[Mixup seed=1034] Epoch 150/200 | LR 0.100000 | Train Loss 1.9565 | GradNorm 1.26
[Mixup seed=1034] Epoch 160/200 | LR 0.100000 | Train Loss 1.7667 | GradNorm 1.25
[Mixup seed=1034] Epoch 170/200 | LR 0.001000 | Train Loss 1.8374 | GradNorm 1.10
[Mixup seed=1034] Epoch 180/200 | LR 0.001000 | Train Loss 1.8351 | GradNorm 1.08
[Mixup seed=1034] Epoch 190/200 | LR 0.000010 | Train Loss 1.8487 | GradNorm 1.09
[Mixup] checkpoint -> Mixup_seed1034_final.pt
[Mixup seed=1034] Epoch 200/200 | LR 0.000010 | Train Loss 1.7807 | GradNorm 1.04
[Mixup seed=1034] done in 695s (200 epochs, final-epoch model is the reported model)
History saved to /kaggle/working/rs3/runs/ridge_sinkhorn_3seed_v1/attempts/inner/mixup/seed_1034/outer_1/inner_2/20260928T201536.250033Z-5e1bd07cc486/expert_Mixup/seed_1034/outer_1/inner_2/training_history.json
Loaded checkpoint from /kaggle/working/rs3/runs/ridge_sinkhorn_3seed_v1/attempts/inner/mixup/seed_1034/outer_1/inner_2/20260928T201536.250033Z-5e1bd07cc486/expert_Mixup/seed_1034/outer_1/inner_2/checkpoints/Mixup_seed1034_final.pt (epoch 200, seed 1034)
[LongTailCIFAR100] Val set created:
  Total samples          : 2,169
  Head class (0) count   : 100
  Tail class (99) count  : 1
  Target imbalance ratio : 100.0
  Achieved IR            : 100.00
  Augmentations           : No
