[LongTailCIFAR100] Train set created:
  Total samples          : 6,508
  Head class (0) count   : 300
  Tail class (99) count  : 3
  Target imbalance ratio : 100.0
  Achieved IR            : 100.00
  Augmentations           : Yes
[CE seed=88] Epoch   1/200 | LR 0.020000 | Train Loss 4.2806 | Train Acc 8.05% | GradNorm 2.86
[CE seed=88] Epoch  10/200 | LR 0.100000 | Train Loss 2.8017 | Train Acc 30.47% | GradNorm 1.33
[CE seed=88] Epoch  20/200 | LR 0.100000 | Train Loss 1.9975 | Train Acc 47.37% | GradNorm 1.52
[CE seed=88] Epoch  30/200 | LR 0.100000 | Train Loss 1.4852 | Train Acc 58.30% | GradNorm 1.70
[CE seed=88] Epoch  40/200 | LR 0.100000 | Train Loss 1.1050 | Train Acc 67.46% | GradNorm 1.76
[CE seed=88] Epoch  50/200 | LR 0.100000 | Train Loss 0.8730 | Train Acc 73.45% | GradNorm 1.86
[CE seed=88] Epoch  60/200 | LR 0.100000 | Train Loss 0.6470 | Train Acc 79.87% | GradNorm 1.79
[CE seed=88] Epoch  70/200 | LR 0.100000 | Train Loss 0.5409 | Train Acc 82.96% | GradNorm 1.81
[CE seed=88] Epoch  80/200 | LR 0.100000 | Train Loss 0.4193 | Train Acc 86.51% | GradNorm 1.73
[CE seed=88] Epoch  90/200 | LR 0.100000 | Train Loss 0.4197 | Train Acc 86.52% | GradNorm 1.76
[CE seed=88] Epoch 100/200 | LR 0.100000 | Train Loss 0.2666 | Train Acc 91.75% | GradNorm 1.49
[CE seed=88] Epoch 110/200 | LR 0.100000 | Train Loss 0.3284 | Train Acc 89.60% | GradNorm 1.71
[CE seed=88] Epoch 120/200 | LR 0.100000 | Train Loss 0.2477 | Train Acc 92.49% | GradNorm 1.48
[CE seed=88] Epoch 130/200 | LR 0.100000 | Train Loss 0.2125 | Train Acc 93.41% | GradNorm 1.40
[CE seed=88] Epoch 140/200 | LR 0.100000 | Train Loss 0.1965 | Train Acc 94.24% | GradNorm 1.39
[CE seed=88] Epoch 150/200 | LR 0.100000 | Train Loss 0.2282 | Train Acc 92.98% | GradNorm 1.49
[CE seed=88] Epoch 160/200 | LR 0.100000 | Train Loss 0.2317 | Train Acc 92.50% | GradNorm 1.51
[CE seed=88] Epoch 170/200 | LR 0.001000 | Train Loss 0.0622 | Train Acc 98.69% | GradNorm 0.65
[CE seed=88] Epoch 180/200 | LR 0.001000 | Train Loss 0.0472 | Train Acc 99.14% | GradNorm 0.53
[CE seed=88] Epoch 190/200 | LR 0.000010 | Train Loss 0.0432 | Train Acc 99.29% | GradNorm 0.49
[CE] checkpoint -> CE_seed88_final.pt
[CE seed=88] Epoch 200/200 | LR 0.000010 | Train Loss 0.0449 | Train Acc 99.42% | GradNorm 0.52
[CE seed=88] done in 689s (200 epochs, final-epoch model is the reported model)
History saved to /kaggle/working/rs3/runs/ridge_sinkhorn_3seed_v1/attempts/inner/ce/seed_88/outer_2/inner_1/20260930T102828.855227Z-ad0f4e265ec3/expert_CE/seed_88/outer_2/inner_1/training_history.json
Loaded checkpoint from /kaggle/working/rs3/runs/ridge_sinkhorn_3seed_v1/attempts/inner/ce/seed_88/outer_2/inner_1/20260930T102828.855227Z-ad0f4e265ec3/expert_CE/seed_88/outer_2/inner_1/checkpoints/CE_seed88_final.pt (epoch 200, seed 88)
[LongTailCIFAR100] Val set created:
  Total samples          : 2,170
  Head class (0) count   : 100
  Tail class (99) count  : 1
  Target imbalance ratio : 100.0
  Achieved IR            : 100.00
  Augmentations           : No
