[LongTailCIFAR100] Train set created:
  Total samples          : 6,508
  Head class (0) count   : 300
  Tail class (99) count  : 3
  Target imbalance ratio : 100.0
  Achieved IR            : 100.00
  Augmentations           : Yes
[LAL seed=1034] Epoch   1/200 | LR 0.020000 | Train Loss 4.2907 | Train Acc 3.09% | GradNorm 3.34
[LAL seed=1034] Epoch  10/200 | LR 0.100000 | Train Loss 2.7438 | Train Acc 25.20% | GradNorm 1.41
[LAL seed=1034] Epoch  20/200 | LR 0.100000 | Train Loss 1.9919 | Train Acc 39.57% | GradNorm 1.60
[LAL seed=1034] Epoch  30/200 | LR 0.100000 | Train Loss 1.4803 | Train Acc 51.03% | GradNorm 1.72
[LAL seed=1034] Epoch  40/200 | LR 0.100000 | Train Loss 1.1006 | Train Acc 60.80% | GradNorm 1.73
[LAL seed=1034] Epoch  50/200 | LR 0.100000 | Train Loss 0.8912 | Train Acc 66.18% | GradNorm 1.83
[LAL seed=1034] Epoch  60/200 | LR 0.100000 | Train Loss 0.6784 | Train Acc 73.17% | GradNorm 1.84
[LAL seed=1034] Epoch  70/200 | LR 0.100000 | Train Loss 0.5928 | Train Acc 75.57% | GradNorm 1.88
[LAL seed=1034] Epoch  80/200 | LR 0.100000 | Train Loss 0.4480 | Train Acc 80.96% | GradNorm 1.75
[LAL seed=1034] Epoch  90/200 | LR 0.100000 | Train Loss 0.3716 | Train Acc 84.48% | GradNorm 1.68
[LAL seed=1034] Epoch 100/200 | LR 0.100000 | Train Loss 0.3382 | Train Acc 85.14% | GradNorm 1.72
[LAL seed=1034] Epoch 110/200 | LR 0.100000 | Train Loss 0.2914 | Train Acc 86.94% | GradNorm 1.59
[LAL seed=1034] Epoch 120/200 | LR 0.100000 | Train Loss 0.2296 | Train Acc 89.70% | GradNorm 1.42
[LAL seed=1034] Epoch 130/200 | LR 0.100000 | Train Loss 0.2453 | Train Acc 89.21% | GradNorm 1.50
[LAL seed=1034] Epoch 140/200 | LR 0.100000 | Train Loss 0.2575 | Train Acc 88.66% | GradNorm 1.59
[LAL seed=1034] Epoch 150/200 | LR 0.100000 | Train Loss 0.2757 | Train Acc 87.85% | GradNorm 1.65
[LAL seed=1034] Epoch 160/200 | LR 0.100000 | Train Loss 0.2146 | Train Acc 90.09% | GradNorm 1.48
[LAL seed=1034] Epoch 170/200 | LR 0.001000 | Train Loss 0.0622 | Train Acc 96.90% | GradNorm 0.68
[LAL seed=1034] Epoch 180/200 | LR 0.001000 | Train Loss 0.0448 | Train Acc 98.26% | GradNorm 0.52
[LAL seed=1034] Epoch 190/200 | LR 0.000010 | Train Loss 0.0464 | Train Acc 98.05% | GradNorm 0.55
[LAL] checkpoint -> LAL_seed1034_final.pt
[LAL seed=1034] Epoch 200/200 | LR 0.000010 | Train Loss 0.0435 | Train Acc 98.49% | GradNorm 0.52
[LAL seed=1034] done in 689s (200 epochs, final-epoch model is the reported model)
History saved to /kaggle/working/rs3/runs/ridge_sinkhorn_3seed_v1/attempts/inner/logit_adjusted/seed_1034/outer_1/inner_2/20260929T180356.413940Z-538267d56774/expert_LAL/seed_1034/outer_1/inner_2/training_history.json
Loaded checkpoint from /kaggle/working/rs3/runs/ridge_sinkhorn_3seed_v1/attempts/inner/logit_adjusted/seed_1034/outer_1/inner_2/20260929T180356.413940Z-538267d56774/expert_LAL/seed_1034/outer_1/inner_2/checkpoints/LAL_seed1034_final.pt (epoch 200, seed 1034)
[LongTailCIFAR100] Val set created:
  Total samples          : 2,169
  Head class (0) count   : 100
  Tail class (99) count  : 1
  Target imbalance ratio : 100.0
  Achieved IR            : 100.00
  Augmentations           : No
