[LongTailCIFAR100] Train set created:
  Total samples          : 6,508
  Head class (0) count   : 300
  Tail class (99) count  : 3
  Target imbalance ratio : 100.0
  Achieved IR            : 100.00
  Augmentations           : Yes
[BalancedSoftmax seed=88] Epoch   1/200 | LR 0.020000 | Train Loss 4.2027 | Train Acc 2.55% | GradNorm 2.86
[BalancedSoftmax seed=88] Epoch  10/200 | LR 0.100000 | Train Loss 2.7651 | Train Acc 25.71% | GradNorm 1.34
[BalancedSoftmax seed=88] Epoch  20/200 | LR 0.100000 | Train Loss 2.0565 | Train Acc 38.60% | GradNorm 1.51
[BalancedSoftmax seed=88] Epoch  30/200 | LR 0.100000 | Train Loss 1.5395 | Train Acc 50.03% | GradNorm 1.65
[BalancedSoftmax seed=88] Epoch  40/200 | LR 0.100000 | Train Loss 1.1938 | Train Acc 57.99% | GradNorm 1.78
[BalancedSoftmax seed=88] Epoch  50/200 | LR 0.100000 | Train Loss 0.9161 | Train Acc 64.92% | GradNorm 1.84
[BalancedSoftmax seed=88] Epoch  60/200 | LR 0.100000 | Train Loss 0.6877 | Train Acc 72.60% | GradNorm 1.82
[BalancedSoftmax seed=88] Epoch  70/200 | LR 0.100000 | Train Loss 0.5371 | Train Acc 77.95% | GradNorm 1.76
[BalancedSoftmax seed=88] Epoch  80/200 | LR 0.100000 | Train Loss 0.4558 | Train Acc 81.13% | GradNorm 1.79
[BalancedSoftmax seed=88] Epoch  90/200 | LR 0.100000 | Train Loss 0.3899 | Train Acc 83.27% | GradNorm 1.68
[BalancedSoftmax seed=88] Epoch 100/200 | LR 0.100000 | Train Loss 0.3277 | Train Acc 86.00% | GradNorm 1.61
[BalancedSoftmax seed=88] Epoch 110/200 | LR 0.100000 | Train Loss 0.2765 | Train Acc 88.00% | GradNorm 1.51
[BalancedSoftmax seed=88] Epoch 120/200 | LR 0.100000 | Train Loss 0.3403 | Train Acc 85.36% | GradNorm 1.73
[BalancedSoftmax seed=88] Epoch 130/200 | LR 0.100000 | Train Loss 0.2699 | Train Acc 87.95% | GradNorm 1.60
[BalancedSoftmax seed=88] Epoch 140/200 | LR 0.100000 | Train Loss 0.2462 | Train Acc 89.17% | GradNorm 1.52
[BalancedSoftmax seed=88] Epoch 150/200 | LR 0.100000 | Train Loss 0.2387 | Train Acc 89.29% | GradNorm 1.57
[BalancedSoftmax seed=88] Epoch 160/200 | LR 0.100000 | Train Loss 0.2479 | Train Acc 88.81% | GradNorm 1.55
[BalancedSoftmax seed=88] Epoch 170/200 | LR 0.001000 | Train Loss 0.0668 | Train Acc 97.17% | GradNorm 0.69
[BalancedSoftmax seed=88] Epoch 180/200 | LR 0.001000 | Train Loss 0.0469 | Train Acc 98.16% | GradNorm 0.51
[BalancedSoftmax seed=88] Epoch 190/200 | LR 0.000010 | Train Loss 0.0461 | Train Acc 98.14% | GradNorm 0.52
[BalancedSoftmax] checkpoint -> BalancedSoftmax_seed88_final.pt
[BalancedSoftmax seed=88] Epoch 200/200 | LR 0.000010 | Train Loss 0.0451 | Train Acc 98.05% | GradNorm 0.51
[BalancedSoftmax seed=88] done in 674s (200 epochs, final-epoch model is the reported model)
History saved to /kaggle/working/rs3/runs/ridge_sinkhorn_3seed_v1/attempts/inner/balanced_softmax/seed_88/outer_2/inner_0/20260928T113615.061652Z-61af21fb406d/expert_BalancedSoftmax/seed_88/outer_2/inner_0/training_history.json
Loaded checkpoint from /kaggle/working/rs3/runs/ridge_sinkhorn_3seed_v1/attempts/inner/balanced_softmax/seed_88/outer_2/inner_0/20260928T113615.061652Z-61af21fb406d/expert_BalancedSoftmax/seed_88/outer_2/inner_0/checkpoints/BalancedSoftmax_seed88_final.pt (epoch 200, seed 88)
[LongTailCIFAR100] Val set created:
  Total samples          : 2,170
  Head class (0) count   : 100
  Tail class (99) count  : 1
  Target imbalance ratio : 100.0
  Achieved IR            : 100.00
  Augmentations           : No
