[LongTailCIFAR100] Train set created:
  Total samples          : 6,507
  Head class (0) count   : 300
  Tail class (99) count  : 3
  Target imbalance ratio : 100.0
  Achieved IR            : 100.00
  Augmentations           : Yes
[CE seed=88] Epoch   1/200 | LR 0.020000 | Train Loss 4.2888 | Train Acc 7.96% | GradNorm 3.01
[CE seed=88] Epoch  10/200 | LR 0.100000 | Train Loss 2.7385 | Train Acc 32.33% | GradNorm 1.34
[CE seed=88] Epoch  20/200 | LR 0.100000 | Train Loss 1.9921 | Train Acc 47.59% | GradNorm 1.51
[CE seed=88] Epoch  30/200 | LR 0.100000 | Train Loss 1.5120 | Train Acc 57.78% | GradNorm 1.69
[CE seed=88] Epoch  40/200 | LR 0.100000 | Train Loss 1.1437 | Train Acc 66.74% | GradNorm 1.78
[CE seed=88] Epoch  50/200 | LR 0.100000 | Train Loss 0.8059 | Train Acc 75.69% | GradNorm 1.75
[CE seed=88] Epoch  60/200 | LR 0.100000 | Train Loss 0.6406 | Train Acc 80.14% | GradNorm 1.78
[CE seed=88] Epoch  70/200 | LR 0.100000 | Train Loss 0.5024 | Train Acc 84.36% | GradNorm 1.73
[CE seed=88] Epoch  80/200 | LR 0.100000 | Train Loss 0.4308 | Train Acc 86.69% | GradNorm 1.73
[CE seed=88] Epoch  90/200 | LR 0.100000 | Train Loss 0.3455 | Train Acc 89.06% | GradNorm 1.59
[CE seed=88] Epoch 100/200 | LR 0.100000 | Train Loss 0.3331 | Train Acc 89.33% | GradNorm 1.64
[CE seed=88] Epoch 110/200 | LR 0.100000 | Train Loss 0.2620 | Train Acc 91.99% | GradNorm 1.50
[CE seed=88] Epoch 120/200 | LR 0.100000 | Train Loss 0.2390 | Train Acc 92.70% | GradNorm 1.44
[CE seed=88] Epoch 130/200 | LR 0.100000 | Train Loss 0.2725 | Train Acc 91.59% | GradNorm 1.64
[CE seed=88] Epoch 140/200 | LR 0.100000 | Train Loss 0.2105 | Train Acc 93.79% | GradNorm 1.43
[CE seed=88] Epoch 150/200 | LR 0.100000 | Train Loss 0.2011 | Train Acc 93.82% | GradNorm 1.45
[CE seed=88] Epoch 160/200 | LR 0.100000 | Train Loss 0.2118 | Train Acc 93.45% | GradNorm 1.52
[CE seed=88] Epoch 170/200 | LR 0.001000 | Train Loss 0.0584 | Train Acc 98.71% | GradNorm 0.66
[CE seed=88] Epoch 180/200 | LR 0.001000 | Train Loss 0.0391 | Train Acc 99.43% | GradNorm 0.48
[CE seed=88] Epoch 190/200 | LR 0.000010 | Train Loss 0.0417 | Train Acc 99.28% | GradNorm 0.51
[CE] checkpoint -> CE_seed88_final.pt
[CE seed=88] Epoch 200/200 | LR 0.000010 | Train Loss 0.0415 | Train Acc 99.37% | GradNorm 0.51
[CE seed=88] done in 688s (200 epochs, final-epoch model is the reported model)
History saved to /kaggle/working/rs3/runs/ridge_sinkhorn_3seed_v1/attempts/inner/ce/seed_88/outer_0/inner_0/20260930T093934.079619Z-39339caac8ba/expert_CE/seed_88/outer_0/inner_0/training_history.json
Loaded checkpoint from /kaggle/working/rs3/runs/ridge_sinkhorn_3seed_v1/attempts/inner/ce/seed_88/outer_0/inner_0/20260930T093934.079619Z-39339caac8ba/expert_CE/seed_88/outer_0/inner_0/checkpoints/CE_seed88_final.pt (epoch 200, seed 88)
[LongTailCIFAR100] Val set created:
  Total samples          : 2,170
  Head class (0) count   : 100
  Tail class (99) count  : 1
  Target imbalance ratio : 100.0
  Achieved IR            : 100.00
  Augmentations           : No
