[LongTailCIFAR100] Train set created:
  Total samples          : 6,509
  Head class (0) count   : 300
  Tail class (99) count  : 3
  Target imbalance ratio : 100.0
  Achieved IR            : 100.00
  Augmentations           : Yes
[Mixup seed=78] Epoch   1/200 | LR 0.020000 | Train Loss 4.3799 | GradNorm 2.61
[Mixup seed=78] Epoch  10/200 | LR 0.100000 | Train Loss 3.4310 | GradNorm 0.93
[Mixup seed=78] Epoch  20/200 | LR 0.100000 | Train Loss 3.1299 | GradNorm 1.01
[Mixup seed=78] Epoch  30/200 | LR 0.100000 | Train Loss 2.8714 | GradNorm 1.07
[Mixup seed=78] Epoch  40/200 | LR 0.100000 | Train Loss 2.7208 | GradNorm 1.10
[Mixup seed=78] Epoch  50/200 | LR 0.100000 | Train Loss 2.5799 | GradNorm 1.18
[Mixup seed=78] Epoch  60/200 | LR 0.100000 | Train Loss 2.4807 | GradNorm 1.17
[Mixup seed=78] Epoch  70/200 | LR 0.100000 | Train Loss 2.3638 | GradNorm 1.22
[Mixup seed=78] Epoch  80/200 | LR 0.100000 | Train Loss 2.1973 | GradNorm 1.25
[Mixup seed=78] Epoch  90/200 | LR 0.100000 | Train Loss 2.2632 | GradNorm 1.24
[Mixup seed=78] Epoch 100/200 | LR 0.100000 | Train Loss 2.3354 | GradNorm 1.23
[Mixup seed=78] Epoch 110/200 | LR 0.100000 | Train Loss 2.1953 | GradNorm 1.25
[Mixup seed=78] Epoch 120/200 | LR 0.100000 | Train Loss 2.0703 | GradNorm 1.22
[Mixup seed=78] Epoch 130/200 | LR 0.100000 | Train Loss 2.2936 | GradNorm 1.28
[Mixup seed=78] Epoch 140/200 | LR 0.100000 | Train Loss 1.9000 | GradNorm 1.25
[Mixup seed=78] Epoch 150/200 | LR 0.100000 | Train Loss 2.1440 | GradNorm 1.23
[Mixup seed=78] Epoch 160/200 | LR 0.100000 | Train Loss 2.1552 | GradNorm 1.26
[Mixup seed=78] Epoch 170/200 | LR 0.001000 | Train Loss 1.7496 | GradNorm 1.05
[Mixup seed=78] Epoch 180/200 | LR 0.001000 | Train Loss 1.7170 | GradNorm 1.01
[Mixup seed=78] Epoch 190/200 | LR 0.000010 | Train Loss 1.7787 | GradNorm 1.02
[Mixup] checkpoint -> Mixup_seed78_final.pt
[Mixup seed=78] Epoch 200/200 | LR 0.000010 | Train Loss 1.8852 | GradNorm 1.06
[Mixup seed=78] done in 683s (200 epochs, final-epoch model is the reported model)
History saved to /kaggle/working/rs3/runs/ridge_sinkhorn_3seed_v1/attempts/inner/mixup/seed_78/outer_4/inner_3/20260928T223829.456441Z-4c32f5e62dfd/expert_Mixup/seed_78/outer_4/inner_3/training_history.json
Loaded checkpoint from /kaggle/working/rs3/runs/ridge_sinkhorn_3seed_v1/attempts/inner/mixup/seed_78/outer_4/inner_3/20260928T223829.456441Z-4c32f5e62dfd/expert_Mixup/seed_78/outer_4/inner_3/checkpoints/Mixup_seed78_final.pt (epoch 200, seed 78)
[LongTailCIFAR100] Val set created:
  Total samples          : 2,169
  Head class (0) count   : 100
  Tail class (99) count  : 1
  Target imbalance ratio : 100.0
  Achieved IR            : 100.00
  Augmentations           : No
