[LongTailCIFAR100] Train set created:
  Total samples          : 6,507
  Head class (0) count   : 300
  Tail class (99) count  : 3
  Target imbalance ratio : 100.0
  Achieved IR            : 100.00
  Augmentations           : Yes
[BalancedSoftmax seed=88] Epoch   1/200 | LR 0.020000 | Train Loss 4.2543 | Train Acc 2.66% | GradNorm 2.89
[BalancedSoftmax seed=88] Epoch  10/200 | LR 0.100000 | Train Loss 2.7874 | Train Acc 24.70% | GradNorm 1.34
[BalancedSoftmax seed=88] Epoch  20/200 | LR 0.100000 | Train Loss 2.0411 | Train Acc 39.54% | GradNorm 1.54
[BalancedSoftmax seed=88] Epoch  30/200 | LR 0.100000 | Train Loss 1.5245 | Train Acc 50.62% | GradNorm 1.70
[BalancedSoftmax seed=88] Epoch  40/200 | LR 0.100000 | Train Loss 1.1434 | Train Acc 60.03% | GradNorm 1.84
[BalancedSoftmax seed=88] Epoch  50/200 | LR 0.100000 | Train Loss 0.8316 | Train Acc 68.30% | GradNorm 1.83
[BalancedSoftmax seed=88] Epoch  60/200 | LR 0.100000 | Train Loss 0.6775 | Train Acc 73.14% | GradNorm 1.85
[BalancedSoftmax seed=88] Epoch  70/200 | LR 0.100000 | Train Loss 0.5134 | Train Acc 78.39% | GradNorm 1.74
[BalancedSoftmax seed=88] Epoch  80/200 | LR 0.100000 | Train Loss 0.4206 | Train Acc 81.99% | GradNorm 1.71
[BalancedSoftmax seed=88] Epoch  90/200 | LR 0.100000 | Train Loss 0.3370 | Train Acc 85.19% | GradNorm 1.61
[BalancedSoftmax seed=88] Epoch 100/200 | LR 0.100000 | Train Loss 0.3407 | Train Acc 84.97% | GradNorm 1.67
[BalancedSoftmax seed=88] Epoch 110/200 | LR 0.100000 | Train Loss 0.2585 | Train Acc 88.15% | GradNorm 1.47
[BalancedSoftmax seed=88] Epoch 120/200 | LR 0.100000 | Train Loss 0.2404 | Train Acc 89.63% | GradNorm 1.48
[BalancedSoftmax seed=88] Epoch 130/200 | LR 0.100000 | Train Loss 0.2183 | Train Acc 90.23% | GradNorm 1.42
[BalancedSoftmax seed=88] Epoch 140/200 | LR 0.100000 | Train Loss 0.2674 | Train Acc 88.11% | GradNorm 1.60
[BalancedSoftmax seed=88] Epoch 150/200 | LR 0.100000 | Train Loss 0.2307 | Train Acc 89.83% | GradNorm 1.58
[BalancedSoftmax seed=88] Epoch 160/200 | LR 0.100000 | Train Loss 0.2426 | Train Acc 89.64% | GradNorm 1.60
[BalancedSoftmax seed=88] Epoch 170/200 | LR 0.001000 | Train Loss 0.0683 | Train Acc 96.93% | GradNorm 0.69
[BalancedSoftmax seed=88] Epoch 180/200 | LR 0.001000 | Train Loss 0.0464 | Train Acc 98.22% | GradNorm 0.52
[BalancedSoftmax seed=88] Epoch 190/200 | LR 0.000010 | Train Loss 0.0481 | Train Acc 98.05% | GradNorm 0.54
[BalancedSoftmax] checkpoint -> BalancedSoftmax_seed88_final.pt
[BalancedSoftmax seed=88] Epoch 200/200 | LR 0.000010 | Train Loss 0.0480 | Train Acc 98.08% | GradNorm 0.54
[BalancedSoftmax seed=88] done in 666s (200 epochs, final-epoch model is the reported model)
History saved to /kaggle/working/rs3/runs/ridge_sinkhorn_3seed_v1/attempts/inner/balanced_softmax/seed_88/outer_0/inner_0/20260928T102244.682739Z-8013becd88e1/expert_BalancedSoftmax/seed_88/outer_0/inner_0/training_history.json
Loaded checkpoint from /kaggle/working/rs3/runs/ridge_sinkhorn_3seed_v1/attempts/inner/balanced_softmax/seed_88/outer_0/inner_0/20260928T102244.682739Z-8013becd88e1/expert_BalancedSoftmax/seed_88/outer_0/inner_0/checkpoints/BalancedSoftmax_seed88_final.pt (epoch 200, seed 88)
[LongTailCIFAR100] Val set created:
  Total samples          : 2,170
  Head class (0) count   : 100
  Tail class (99) count  : 1
  Target imbalance ratio : 100.0
  Achieved IR            : 100.00
  Augmentations           : No
