[LongTailCIFAR100] Train set created:
  Total samples          : 6,508
  Head class (0) count   : 300
  Tail class (99) count  : 3
  Target imbalance ratio : 100.0
  Achieved IR            : 100.00
  Augmentations           : Yes
[Mixup seed=88] Epoch   1/200 | LR 0.020000 | Train Loss 4.3651 | GradNorm 2.61
[Mixup seed=88] Epoch  10/200 | LR 0.100000 | Train Loss 3.4444 | GradNorm 0.91
[Mixup seed=88] Epoch  20/200 | LR 0.100000 | Train Loss 3.0577 | GradNorm 0.99
[Mixup seed=88] Epoch  30/200 | LR 0.100000 | Train Loss 2.7965 | GradNorm 1.08
[Mixup seed=88] Epoch  40/200 | LR 0.100000 | Train Loss 2.7880 | GradNorm 1.10
[Mixup seed=88] Epoch  50/200 | LR 0.100000 | Train Loss 2.6247 | GradNorm 1.18
[Mixup seed=88] Epoch  60/200 | LR 0.100000 | Train Loss 2.5006 | GradNorm 1.17
[Mixup seed=88] Epoch  70/200 | LR 0.100000 | Train Loss 2.1989 | GradNorm 1.22
[Mixup seed=88] Epoch  80/200 | LR 0.100000 | Train Loss 2.3312 | GradNorm 1.24
[Mixup seed=88] Epoch  90/200 | LR 0.100000 | Train Loss 2.2495 | GradNorm 1.24
[Mixup seed=88] Epoch 100/200 | LR 0.100000 | Train Loss 2.2666 | GradNorm 1.24
[Mixup seed=88] Epoch 110/200 | LR 0.100000 | Train Loss 2.1650 | GradNorm 1.30
[Mixup seed=88] Epoch 120/200 | LR 0.100000 | Train Loss 2.1365 | GradNorm 1.32
[Mixup seed=88] Epoch 130/200 | LR 0.100000 | Train Loss 2.0361 | GradNorm 1.21
[Mixup seed=88] Epoch 140/200 | LR 0.100000 | Train Loss 1.9800 | GradNorm 1.23
[Mixup seed=88] Epoch 150/200 | LR 0.100000 | Train Loss 2.1802 | GradNorm 1.32
[Mixup seed=88] Epoch 160/200 | LR 0.100000 | Train Loss 1.9547 | GradNorm 1.26
[Mixup seed=88] Epoch 170/200 | LR 0.001000 | Train Loss 1.9419 | GradNorm 1.10
[Mixup seed=88] Epoch 180/200 | LR 0.001000 | Train Loss 1.7995 | GradNorm 1.04
[Mixup seed=88] Epoch 190/200 | LR 0.000010 | Train Loss 1.8198 | GradNorm 1.08
[Mixup] checkpoint -> Mixup_seed88_final.pt
[Mixup seed=88] Epoch 200/200 | LR 0.000010 | Train Loss 1.8780 | GradNorm 1.08
[Mixup seed=88] done in 683s (200 epochs, final-epoch model is the reported model)
History saved to /kaggle/working/rs3/runs/ridge_sinkhorn_3seed_v1/attempts/inner/mixup/seed_88/outer_0/inner_3/20260930T212358.108519Z-6851c230168b/expert_Mixup/seed_88/outer_0/inner_3/training_history.json
Loaded checkpoint from /kaggle/working/rs3/runs/ridge_sinkhorn_3seed_v1/attempts/inner/mixup/seed_88/outer_0/inner_3/20260930T212358.108519Z-6851c230168b/expert_Mixup/seed_88/outer_0/inner_3/checkpoints/Mixup_seed88_final.pt (epoch 200, seed 88)
[LongTailCIFAR100] Val set created:
  Total samples          : 2,169
  Head class (0) count   : 100
  Tail class (99) count  : 1
  Target imbalance ratio : 100.0
  Achieved IR            : 100.00
  Augmentations           : No
