[LongTailCIFAR100] Train set created:
  Total samples          : 6,508
  Head class (0) count   : 300
  Tail class (99) count  : 3
  Target imbalance ratio : 100.0
  Achieved IR            : 100.00
  Augmentations           : Yes
[Mixup seed=78] Epoch   1/200 | LR 0.020000 | Train Loss 4.3916 | GradNorm 2.63
[Mixup seed=78] Epoch  10/200 | LR 0.100000 | Train Loss 3.4668 | GradNorm 0.87
[Mixup seed=78] Epoch  20/200 | LR 0.100000 | Train Loss 3.1473 | GradNorm 0.98
[Mixup seed=78] Epoch  30/200 | LR 0.100000 | Train Loss 2.8753 | GradNorm 1.07
[Mixup seed=78] Epoch  40/200 | LR 0.100000 | Train Loss 2.7097 | GradNorm 1.11
[Mixup seed=78] Epoch  50/200 | LR 0.100000 | Train Loss 2.5964 | GradNorm 1.17
[Mixup seed=78] Epoch  60/200 | LR 0.100000 | Train Loss 2.4466 | GradNorm 1.15
[Mixup seed=78] Epoch  70/200 | LR 0.100000 | Train Loss 2.3463 | GradNorm 1.20
[Mixup seed=78] Epoch  80/200 | LR 0.100000 | Train Loss 2.1547 | GradNorm 1.20
[Mixup seed=78] Epoch  90/200 | LR 0.100000 | Train Loss 2.2541 | GradNorm 1.22
[Mixup seed=78] Epoch 100/200 | LR 0.100000 | Train Loss 2.3316 | GradNorm 1.24
[Mixup seed=78] Epoch 110/200 | LR 0.100000 | Train Loss 2.1970 | GradNorm 1.25
[Mixup seed=78] Epoch 120/200 | LR 0.100000 | Train Loss 2.0659 | GradNorm 1.21
[Mixup seed=78] Epoch 130/200 | LR 0.100000 | Train Loss 2.2681 | GradNorm 1.25
[Mixup seed=78] Epoch 140/200 | LR 0.100000 | Train Loss 1.9235 | GradNorm 1.23
[Mixup seed=78] Epoch 150/200 | LR 0.100000 | Train Loss 2.1223 | GradNorm 1.23
[Mixup seed=78] Epoch 160/200 | LR 0.100000 | Train Loss 2.1570 | GradNorm 1.24
[Mixup seed=78] Epoch 170/200 | LR 0.001000 | Train Loss 1.7326 | GradNorm 1.02
[Mixup seed=78] Epoch 180/200 | LR 0.001000 | Train Loss 1.7119 | GradNorm 1.00
[Mixup seed=78] Epoch 190/200 | LR 0.000010 | Train Loss 1.7757 | GradNorm 1.02
[Mixup] checkpoint -> Mixup_seed78_final.pt
[Mixup seed=78] Epoch 200/200 | LR 0.000010 | Train Loss 1.8832 | GradNorm 1.05
[Mixup seed=78] done in 684s (200 epochs, final-epoch model is the reported model)
History saved to /kaggle/working/rs3/runs/ridge_sinkhorn_3seed_v1/attempts/inner/mixup/seed_78/outer_1/inner_1/20260930T185834.224579Z-595e79774b6f/expert_Mixup/seed_78/outer_1/inner_1/training_history.json
Loaded checkpoint from /kaggle/working/rs3/runs/ridge_sinkhorn_3seed_v1/attempts/inner/mixup/seed_78/outer_1/inner_1/20260930T185834.224579Z-595e79774b6f/expert_Mixup/seed_78/outer_1/inner_1/checkpoints/Mixup_seed78_final.pt (epoch 200, seed 78)
[LongTailCIFAR100] Val set created:
  Total samples          : 2,169
  Head class (0) count   : 100
  Tail class (99) count  : 1
  Target imbalance ratio : 100.0
  Achieved IR            : 100.00
  Augmentations           : No
