[LongTailCIFAR100] Train set created:
  Total samples          : 6,509
  Head class (0) count   : 300
  Tail class (99) count  : 3
  Target imbalance ratio : 100.0
  Achieved IR            : 100.00
  Augmentations           : Yes
[Mixup seed=78] Epoch   1/200 | LR 0.020000 | Train Loss 4.4179 | GradNorm 2.67
[Mixup seed=78] Epoch  10/200 | LR 0.100000 | Train Loss 3.4420 | GradNorm 0.92
[Mixup seed=78] Epoch  20/200 | LR 0.100000 | Train Loss 3.0662 | GradNorm 1.03
[Mixup seed=78] Epoch  30/200 | LR 0.100000 | Train Loss 2.8198 | GradNorm 1.09
[Mixup seed=78] Epoch  40/200 | LR 0.100000 | Train Loss 2.6644 | GradNorm 1.11
[Mixup seed=78] Epoch  50/200 | LR 0.100000 | Train Loss 2.5241 | GradNorm 1.15
[Mixup seed=78] Epoch  60/200 | LR 0.100000 | Train Loss 2.4296 | GradNorm 1.16
[Mixup seed=78] Epoch  70/200 | LR 0.100000 | Train Loss 2.3039 | GradNorm 1.20
[Mixup seed=78] Epoch  80/200 | LR 0.100000 | Train Loss 2.1420 | GradNorm 1.23
[Mixup seed=78] Epoch  90/200 | LR 0.100000 | Train Loss 2.2252 | GradNorm 1.24
[Mixup seed=78] Epoch 100/200 | LR 0.100000 | Train Loss 2.2897 | GradNorm 1.25
[Mixup seed=78] Epoch 110/200 | LR 0.100000 | Train Loss 2.1785 | GradNorm 1.26
[Mixup seed=78] Epoch 120/200 | LR 0.100000 | Train Loss 2.0333 | GradNorm 1.20
[Mixup seed=78] Epoch 130/200 | LR 0.100000 | Train Loss 2.2672 | GradNorm 1.27
[Mixup seed=78] Epoch 140/200 | LR 0.100000 | Train Loss 1.8913 | GradNorm 1.23
[Mixup seed=78] Epoch 150/200 | LR 0.100000 | Train Loss 2.1122 | GradNorm 1.24
[Mixup seed=78] Epoch 160/200 | LR 0.100000 | Train Loss 2.1312 | GradNorm 1.26
[Mixup seed=78] Epoch 170/200 | LR 0.001000 | Train Loss 1.7075 | GradNorm 1.02
[Mixup seed=78] Epoch 180/200 | LR 0.001000 | Train Loss 1.7070 | GradNorm 1.01
[Mixup seed=78] Epoch 190/200 | LR 0.000010 | Train Loss 1.7588 | GradNorm 1.02
[Mixup] checkpoint -> Mixup_seed78_final.pt
[Mixup seed=78] Epoch 200/200 | LR 0.000010 | Train Loss 1.8695 | GradNorm 1.05
[Mixup seed=78] done in 670s (200 epochs, final-epoch model is the reported model)
History saved to /kaggle/working/rs3/runs/ridge_sinkhorn_3seed_v1/attempts/inner/mixup/seed_78/outer_4/inner_2/20260928T065214.063954Z-5d6d39f49f99/expert_Mixup/seed_78/outer_4/inner_2/training_history.json
Loaded checkpoint from /kaggle/working/rs3/runs/ridge_sinkhorn_3seed_v1/attempts/inner/mixup/seed_78/outer_4/inner_2/20260928T065214.063954Z-5d6d39f49f99/expert_Mixup/seed_78/outer_4/inner_2/checkpoints/Mixup_seed78_final.pt (epoch 200, seed 78)
[LongTailCIFAR100] Val set created:
  Total samples          : 2,169
  Head class (0) count   : 100
  Tail class (99) count  : 1
  Target imbalance ratio : 100.0
  Achieved IR            : 100.00
  Augmentations           : No
