[LongTailCIFAR100] Train set created:
  Total samples          : 6,508
  Head class (0) count   : 300
  Tail class (99) count  : 3
  Target imbalance ratio : 100.0
  Achieved IR            : 100.00
  Augmentations           : Yes
[BalancedSoftmax seed=78] Epoch   1/200 | LR 0.020000 | Train Loss 4.2787 | Train Acc 3.27% | GradNorm 2.78
[BalancedSoftmax seed=78] Epoch  10/200 | LR 0.100000 | Train Loss 2.5789 | Train Acc 27.24% | GradNorm 1.46
[BalancedSoftmax seed=78] Epoch  20/200 | LR 0.100000 | Train Loss 1.8070 | Train Acc 44.10% | GradNorm 1.55
[BalancedSoftmax seed=78] Epoch  30/200 | LR 0.100000 | Train Loss 1.3376 | Train Acc 54.67% | GradNorm 1.66
[BalancedSoftmax seed=78] Epoch  40/200 | LR 0.100000 | Train Loss 1.0100 | Train Acc 63.51% | GradNorm 1.75
[BalancedSoftmax seed=78] Epoch  50/200 | LR 0.100000 | Train Loss 0.8082 | Train Acc 68.41% | GradNorm 1.78
[BalancedSoftmax seed=78] Epoch  60/200 | LR 0.100000 | Train Loss 0.6026 | Train Acc 75.03% | GradNorm 1.70
[BalancedSoftmax seed=78] Epoch  70/200 | LR 0.100000 | Train Loss 0.5515 | Train Acc 77.63% | GradNorm 1.85
[BalancedSoftmax seed=78] Epoch  80/200 | LR 0.100000 | Train Loss 0.3953 | Train Acc 83.37% | GradNorm 1.62
[BalancedSoftmax seed=78] Epoch  90/200 | LR 0.100000 | Train Loss 0.4152 | Train Acc 82.25% | GradNorm 1.78
[BalancedSoftmax seed=78] Epoch 100/200 | LR 0.100000 | Train Loss 0.3133 | Train Acc 86.52% | GradNorm 1.62
[BalancedSoftmax seed=78] Epoch 110/200 | LR 0.100000 | Train Loss 0.3389 | Train Acc 85.60% | GradNorm 1.69
[BalancedSoftmax seed=78] Epoch 120/200 | LR 0.100000 | Train Loss 0.2428 | Train Acc 88.48% | GradNorm 1.47
[BalancedSoftmax seed=78] Epoch 130/200 | LR 0.100000 | Train Loss 0.1899 | Train Acc 91.23% | GradNorm 1.33
[BalancedSoftmax seed=78] Epoch 140/200 | LR 0.100000 | Train Loss 0.2073 | Train Acc 90.35% | GradNorm 1.38
[BalancedSoftmax seed=78] Epoch 150/200 | LR 0.100000 | Train Loss 0.2391 | Train Acc 89.84% | GradNorm 1.50
[BalancedSoftmax seed=78] Epoch 160/200 | LR 0.100000 | Train Loss 0.2077 | Train Acc 90.32% | GradNorm 1.47
[BalancedSoftmax seed=78] Epoch 170/200 | LR 0.001000 | Train Loss 0.0613 | Train Acc 97.66% | GradNorm 0.63
[BalancedSoftmax seed=78] Epoch 180/200 | LR 0.001000 | Train Loss 0.0474 | Train Acc 97.99% | GradNorm 0.55
[BalancedSoftmax seed=78] Epoch 190/200 | LR 0.000010 | Train Loss 0.0441 | Train Acc 98.17% | GradNorm 0.51
[BalancedSoftmax] checkpoint -> BalancedSoftmax_seed78_final.pt
[BalancedSoftmax seed=78] Epoch 200/200 | LR 0.000010 | Train Loss 0.0416 | Train Acc 98.42% | GradNorm 0.48
[BalancedSoftmax seed=78] done in 726s (200 epochs, final-epoch model is the reported model)
History saved to /kaggle/working/rs3/runs/ridge_sinkhorn_3seed_v1/attempts/inner/balanced_softmax/seed_78/outer_3/inner_0/20260927T060906.237501Z-83cacd40bd5c/expert_BalancedSoftmax/seed_78/outer_3/inner_0/training_history.json
Loaded checkpoint from /kaggle/working/rs3/runs/ridge_sinkhorn_3seed_v1/attempts/inner/balanced_softmax/seed_78/outer_3/inner_0/20260927T060906.237501Z-83cacd40bd5c/expert_BalancedSoftmax/seed_78/outer_3/inner_0/checkpoints/BalancedSoftmax_seed78_final.pt (epoch 200, seed 78)
[LongTailCIFAR100] Val set created:
  Total samples          : 2,170
  Head class (0) count   : 100
  Tail class (99) count  : 1
  Target imbalance ratio : 100.0
  Achieved IR            : 100.00
  Augmentations           : No
