[LongTailCIFAR100] Train set created:
  Total samples          : 6,508
  Head class (0) count   : 300
  Tail class (99) count  : 3
  Target imbalance ratio : 100.0
  Achieved IR            : 100.00
  Augmentations           : Yes
[CE seed=88] Epoch   1/200 | LR 0.020000 | Train Loss 4.2526 | Train Acc 7.97% | GradNorm 3.01
[CE seed=88] Epoch  10/200 | LR 0.100000 | Train Loss 2.8188 | Train Acc 29.15% | GradNorm 1.36
[CE seed=88] Epoch  20/200 | LR 0.100000 | Train Loss 2.0656 | Train Acc 45.25% | GradNorm 1.56
[CE seed=88] Epoch  30/200 | LR 0.100000 | Train Loss 1.5255 | Train Acc 57.90% | GradNorm 1.69
[CE seed=88] Epoch  40/200 | LR 0.100000 | Train Loss 1.1827 | Train Acc 65.32% | GradNorm 1.80
[CE seed=88] Epoch  50/200 | LR 0.100000 | Train Loss 0.9132 | Train Acc 72.22% | GradNorm 1.88
[CE seed=88] Epoch  60/200 | LR 0.100000 | Train Loss 0.7138 | Train Acc 77.93% | GradNorm 1.82
[CE seed=88] Epoch  70/200 | LR 0.100000 | Train Loss 0.5947 | Train Acc 81.52% | GradNorm 1.88
[CE seed=88] Epoch  80/200 | LR 0.100000 | Train Loss 0.4426 | Train Acc 86.19% | GradNorm 1.74
[CE seed=88] Epoch  90/200 | LR 0.100000 | Train Loss 0.3908 | Train Acc 87.77% | GradNorm 1.71
[CE seed=88] Epoch 100/200 | LR 0.100000 | Train Loss 0.3575 | Train Acc 89.01% | GradNorm 1.69
[CE seed=88] Epoch 110/200 | LR 0.100000 | Train Loss 0.2906 | Train Acc 90.66% | GradNorm 1.52
[CE seed=88] Epoch 120/200 | LR 0.100000 | Train Loss 0.2751 | Train Acc 91.01% | GradNorm 1.56
[CE seed=88] Epoch 130/200 | LR 0.100000 | Train Loss 0.2674 | Train Acc 91.46% | GradNorm 1.57
[CE seed=88] Epoch 140/200 | LR 0.100000 | Train Loss 0.2813 | Train Acc 90.95% | GradNorm 1.64
[CE seed=88] Epoch 150/200 | LR 0.100000 | Train Loss 0.2381 | Train Acc 92.85% | GradNorm 1.56
[CE seed=88] Epoch 160/200 | LR 0.100000 | Train Loss 0.2000 | Train Acc 94.07% | GradNorm 1.40
[CE seed=88] Epoch 170/200 | LR 0.001000 | Train Loss 0.0602 | Train Acc 98.80% | GradNorm 0.63
[CE seed=88] Epoch 180/200 | LR 0.001000 | Train Loss 0.0439 | Train Acc 99.39% | GradNorm 0.50
[CE seed=88] Epoch 190/200 | LR 0.000010 | Train Loss 0.0432 | Train Acc 99.40% | GradNorm 0.48
[CE] checkpoint -> CE_seed88_final.pt
[CE seed=88] Epoch 200/200 | LR 0.000010 | Train Loss 0.0462 | Train Acc 99.23% | GradNorm 0.51
[CE seed=88] done in 705s (200 epochs, final-epoch model is the reported model)
History saved to /kaggle/working/rs3/runs/ridge_sinkhorn_3seed_v1/attempts/inner/ce/seed_88/outer_1/inner_2/20260930T101150.993283Z-7474753c8bbd/expert_CE/seed_88/outer_1/inner_2/training_history.json
Loaded checkpoint from /kaggle/working/rs3/runs/ridge_sinkhorn_3seed_v1/attempts/inner/ce/seed_88/outer_1/inner_2/20260930T101150.993283Z-7474753c8bbd/expert_CE/seed_88/outer_1/inner_2/checkpoints/CE_seed88_final.pt (epoch 200, seed 88)
[LongTailCIFAR100] Val set created:
  Total samples          : 2,169
  Head class (0) count   : 100
  Tail class (99) count  : 1
  Target imbalance ratio : 100.0
  Achieved IR            : 100.00
  Augmentations           : No
