[LongTailCIFAR100] Train set created:
  Total samples          : 6,509
  Head class (0) count   : 300
  Tail class (99) count  : 3
  Target imbalance ratio : 100.0
  Achieved IR            : 100.00
  Augmentations           : Yes
[BalancedSoftmax seed=88] Epoch   1/200 | LR 0.020000 | Train Loss 4.2174 | Train Acc 2.55% | GradNorm 2.94
[BalancedSoftmax seed=88] Epoch  10/200 | LR 0.100000 | Train Loss 2.7587 | Train Acc 25.95% | GradNorm 1.32
[BalancedSoftmax seed=88] Epoch  20/200 | LR 0.100000 | Train Loss 2.0221 | Train Acc 38.67% | GradNorm 1.52
[BalancedSoftmax seed=88] Epoch  30/200 | LR 0.100000 | Train Loss 1.5255 | Train Acc 51.04% | GradNorm 1.64
[BalancedSoftmax seed=88] Epoch  40/200 | LR 0.100000 | Train Loss 1.1485 | Train Acc 59.50% | GradNorm 1.77
[BalancedSoftmax seed=88] Epoch  50/200 | LR 0.100000 | Train Loss 0.8528 | Train Acc 68.24% | GradNorm 1.82
[BalancedSoftmax seed=88] Epoch  60/200 | LR 0.100000 | Train Loss 0.7167 | Train Acc 72.95% | GradNorm 1.88
[BalancedSoftmax seed=88] Epoch  70/200 | LR 0.100000 | Train Loss 0.5333 | Train Acc 78.83% | GradNorm 1.79
[BalancedSoftmax seed=88] Epoch  80/200 | LR 0.100000 | Train Loss 0.4559 | Train Acc 81.35% | GradNorm 1.77
[BalancedSoftmax seed=88] Epoch  90/200 | LR 0.100000 | Train Loss 0.3832 | Train Acc 82.81% | GradNorm 1.70
[BalancedSoftmax seed=88] Epoch 100/200 | LR 0.100000 | Train Loss 0.3148 | Train Acc 86.57% | GradNorm 1.58
[BalancedSoftmax seed=88] Epoch 110/200 | LR 0.100000 | Train Loss 0.2955 | Train Acc 87.40% | GradNorm 1.62
[BalancedSoftmax seed=88] Epoch 120/200 | LR 0.100000 | Train Loss 0.2674 | Train Acc 88.26% | GradNorm 1.60
[BalancedSoftmax seed=88] Epoch 130/200 | LR 0.100000 | Train Loss 0.2195 | Train Acc 89.97% | GradNorm 1.41
[BalancedSoftmax seed=88] Epoch 140/200 | LR 0.100000 | Train Loss 0.2754 | Train Acc 88.28% | GradNorm 1.65
[BalancedSoftmax seed=88] Epoch 150/200 | LR 0.100000 | Train Loss 0.2538 | Train Acc 89.05% | GradNorm 1.61
[BalancedSoftmax seed=88] Epoch 160/200 | LR 0.100000 | Train Loss 0.2502 | Train Acc 88.98% | GradNorm 1.53
[BalancedSoftmax seed=88] Epoch 170/200 | LR 0.001000 | Train Loss 0.0589 | Train Acc 97.33% | GradNorm 0.61
[BalancedSoftmax seed=88] Epoch 180/200 | LR 0.001000 | Train Loss 0.0470 | Train Acc 97.97% | GradNorm 0.52
[BalancedSoftmax seed=88] Epoch 190/200 | LR 0.000010 | Train Loss 0.0464 | Train Acc 98.08% | GradNorm 0.52
[BalancedSoftmax] checkpoint -> BalancedSoftmax_seed88_final.pt
[BalancedSoftmax seed=88] Epoch 200/200 | LR 0.000010 | Train Loss 0.0432 | Train Acc 98.40% | GradNorm 0.49
[BalancedSoftmax seed=88] done in 726s (200 epochs, final-epoch model is the reported model)
History saved to /kaggle/working/rs3/runs/ridge_sinkhorn_3seed_v1/attempts/inner/balanced_softmax/seed_88/outer_3/inner_3/20260927T072603.609138Z-3a2de588f36d/expert_BalancedSoftmax/seed_88/outer_3/inner_3/training_history.json
Loaded checkpoint from /kaggle/working/rs3/runs/ridge_sinkhorn_3seed_v1/attempts/inner/balanced_softmax/seed_88/outer_3/inner_3/20260927T072603.609138Z-3a2de588f36d/expert_BalancedSoftmax/seed_88/outer_3/inner_3/checkpoints/BalancedSoftmax_seed88_final.pt (epoch 200, seed 88)
[LongTailCIFAR100] Val set created:
  Total samples          : 2,169
  Head class (0) count   : 100
  Tail class (99) count  : 1
  Target imbalance ratio : 100.0
  Achieved IR            : 100.00
  Augmentations           : No
