[LongTailCIFAR100] Train set created:
  Total samples          : 6,509
  Head class (0) count   : 300
  Tail class (99) count  : 3
  Target imbalance ratio : 100.0
  Achieved IR            : 100.00
  Augmentations           : Yes
[Mixup seed=1034] Epoch   1/200 | LR 0.020000 | Train Loss 4.4093 | GradNorm 3.05
[Mixup seed=1034] Epoch  10/200 | LR 0.100000 | Train Loss 3.3840 | GradNorm 0.93
[Mixup seed=1034] Epoch  20/200 | LR 0.100000 | Train Loss 3.0462 | GradNorm 1.05
[Mixup seed=1034] Epoch  30/200 | LR 0.100000 | Train Loss 2.9415 | GradNorm 1.09
[Mixup seed=1034] Epoch  40/200 | LR 0.100000 | Train Loss 2.7964 | GradNorm 1.12
[Mixup seed=1034] Epoch  50/200 | LR 0.100000 | Train Loss 2.6708 | GradNorm 1.09
[Mixup seed=1034] Epoch  60/200 | LR 0.100000 | Train Loss 2.5104 | GradNorm 1.22
[Mixup seed=1034] Epoch  70/200 | LR 0.100000 | Train Loss 2.2778 | GradNorm 1.26
[Mixup seed=1034] Epoch  80/200 | LR 0.100000 | Train Loss 2.2538 | GradNorm 1.19
[Mixup seed=1034] Epoch  90/200 | LR 0.100000 | Train Loss 2.2246 | GradNorm 1.26
[Mixup seed=1034] Epoch 100/200 | LR 0.100000 | Train Loss 2.1708 | GradNorm 1.26
[Mixup seed=1034] Epoch 110/200 | LR 0.100000 | Train Loss 2.2113 | GradNorm 1.25
[Mixup seed=1034] Epoch 120/200 | LR 0.100000 | Train Loss 2.1020 | GradNorm 1.26
[Mixup seed=1034] Epoch 130/200 | LR 0.100000 | Train Loss 2.2541 | GradNorm 1.28
[Mixup seed=1034] Epoch 140/200 | LR 0.100000 | Train Loss 2.0560 | GradNorm 1.27
[Mixup seed=1034] Epoch 150/200 | LR 0.100000 | Train Loss 1.9768 | GradNorm 1.26
[Mixup seed=1034] Epoch 160/200 | LR 0.100000 | Train Loss 1.7574 | GradNorm 1.25
[Mixup seed=1034] Epoch 170/200 | LR 0.001000 | Train Loss 1.8485 | GradNorm 1.09
[Mixup seed=1034] Epoch 180/200 | LR 0.001000 | Train Loss 1.8410 | GradNorm 1.09
[Mixup seed=1034] Epoch 190/200 | LR 0.000010 | Train Loss 1.8648 | GradNorm 1.10
[Mixup] checkpoint -> Mixup_seed1034_final.pt
[Mixup seed=1034] Epoch 200/200 | LR 0.000010 | Train Loss 1.7670 | GradNorm 1.05
[Mixup seed=1034] done in 681s (200 epochs, final-epoch model is the reported model)
History saved to /kaggle/working/rs3/runs/ridge_sinkhorn_3seed_v1/attempts/inner/mixup/seed_1034/outer_4/inner_2/20260930T183830.604839Z-e9b970044637/expert_Mixup/seed_1034/outer_4/inner_2/training_history.json
Loaded checkpoint from /kaggle/working/rs3/runs/ridge_sinkhorn_3seed_v1/attempts/inner/mixup/seed_1034/outer_4/inner_2/20260930T183830.604839Z-e9b970044637/expert_Mixup/seed_1034/outer_4/inner_2/checkpoints/Mixup_seed1034_final.pt (epoch 200, seed 1034)
[LongTailCIFAR100] Val set created:
  Total samples          : 2,169
  Head class (0) count   : 100
  Tail class (99) count  : 1
  Target imbalance ratio : 100.0
  Achieved IR            : 100.00
  Augmentations           : No
