[LongTailCIFAR100] Train set created:
  Total samples          : 6,508
  Head class (0) count   : 300
  Tail class (99) count  : 3
  Target imbalance ratio : 100.0
  Achieved IR            : 100.00
  Augmentations           : Yes
[BalancedSoftmax seed=88] Epoch   1/200 | LR 0.020000 | Train Loss 4.1950 | Train Acc 1.89% | GradNorm 2.85
[BalancedSoftmax seed=88] Epoch  10/200 | LR 0.100000 | Train Loss 2.7886 | Train Acc 23.86% | GradNorm 1.30
[BalancedSoftmax seed=88] Epoch  20/200 | LR 0.100000 | Train Loss 2.1060 | Train Acc 38.38% | GradNorm 1.51
[BalancedSoftmax seed=88] Epoch  30/200 | LR 0.100000 | Train Loss 1.5351 | Train Acc 51.18% | GradNorm 1.66
[BalancedSoftmax seed=88] Epoch  40/200 | LR 0.100000 | Train Loss 1.1822 | Train Acc 59.71% | GradNorm 1.75
[BalancedSoftmax seed=88] Epoch  50/200 | LR 0.100000 | Train Loss 0.8740 | Train Acc 67.13% | GradNorm 1.78
[BalancedSoftmax seed=88] Epoch  60/200 | LR 0.100000 | Train Loss 0.7183 | Train Acc 71.56% | GradNorm 1.82
[BalancedSoftmax seed=88] Epoch  70/200 | LR 0.100000 | Train Loss 0.5451 | Train Acc 77.69% | GradNorm 1.78
[BalancedSoftmax seed=88] Epoch  80/200 | LR 0.100000 | Train Loss 0.4390 | Train Acc 81.62% | GradNorm 1.68
[BalancedSoftmax seed=88] Epoch  90/200 | LR 0.100000 | Train Loss 0.4187 | Train Acc 82.44% | GradNorm 1.78
[BalancedSoftmax seed=88] Epoch 100/200 | LR 0.100000 | Train Loss 0.3308 | Train Acc 85.88% | GradNorm 1.62
[BalancedSoftmax seed=88] Epoch 110/200 | LR 0.100000 | Train Loss 0.3535 | Train Acc 85.31% | GradNorm 1.73
[BalancedSoftmax seed=88] Epoch 120/200 | LR 0.100000 | Train Loss 0.3157 | Train Acc 86.29% | GradNorm 1.71
[BalancedSoftmax seed=88] Epoch 130/200 | LR 0.100000 | Train Loss 0.3138 | Train Acc 85.88% | GradNorm 1.67
[BalancedSoftmax seed=88] Epoch 140/200 | LR 0.100000 | Train Loss 0.2176 | Train Acc 90.70% | GradNorm 1.42
[BalancedSoftmax seed=88] Epoch 150/200 | LR 0.100000 | Train Loss 0.2596 | Train Acc 88.78% | GradNorm 1.58
[BalancedSoftmax seed=88] Epoch 160/200 | LR 0.100000 | Train Loss 0.2319 | Train Acc 89.51% | GradNorm 1.58
[BalancedSoftmax seed=88] Epoch 170/200 | LR 0.001000 | Train Loss 0.0706 | Train Acc 96.99% | GradNorm 0.72
[BalancedSoftmax seed=88] Epoch 180/200 | LR 0.001000 | Train Loss 0.0472 | Train Acc 97.97% | GradNorm 0.54
[BalancedSoftmax seed=88] Epoch 190/200 | LR 0.000010 | Train Loss 0.0478 | Train Acc 97.94% | GradNorm 0.58
[BalancedSoftmax] checkpoint -> BalancedSoftmax_seed88_final.pt
[BalancedSoftmax seed=88] Epoch 200/200 | LR 0.000010 | Train Loss 0.0471 | Train Acc 97.94% | GradNorm 0.55
[BalancedSoftmax seed=88] done in 689s (200 epochs, final-epoch model is the reported model)
History saved to /kaggle/working/rs3/runs/ridge_sinkhorn_3seed_v1/attempts/inner/balanced_softmax/seed_88/outer_0/inner_1/20260930T065204.193464Z-e47cb3883981/expert_BalancedSoftmax/seed_88/outer_0/inner_1/training_history.json
Loaded checkpoint from /kaggle/working/rs3/runs/ridge_sinkhorn_3seed_v1/attempts/inner/balanced_softmax/seed_88/outer_0/inner_1/20260930T065204.193464Z-e47cb3883981/expert_BalancedSoftmax/seed_88/outer_0/inner_1/checkpoints/BalancedSoftmax_seed88_final.pt (epoch 200, seed 88)
[LongTailCIFAR100] Val set created:
  Total samples          : 2,169
  Head class (0) count   : 100
  Tail class (99) count  : 1
  Target imbalance ratio : 100.0
  Achieved IR            : 100.00
  Augmentations           : No
