[LongTailCIFAR100] Train set created:
  Total samples          : 6,509
  Head class (0) count   : 300
  Tail class (99) count  : 3
  Target imbalance ratio : 100.0
  Achieved IR            : 100.00
  Augmentations           : Yes
[CE seed=78] Epoch   1/200 | LR 0.020000 | Train Loss 4.3610 | Train Acc 8.57% | GradNorm 3.15
[CE seed=78] Epoch  10/200 | LR 0.100000 | Train Loss 2.7617 | Train Acc 31.06% | GradNorm 1.34
[CE seed=78] Epoch  20/200 | LR 0.100000 | Train Loss 2.0514 | Train Acc 45.63% | GradNorm 1.53
[CE seed=78] Epoch  30/200 | LR 0.100000 | Train Loss 1.5554 | Train Acc 56.40% | GradNorm 1.68
[CE seed=78] Epoch  40/200 | LR 0.100000 | Train Loss 1.1360 | Train Acc 66.31% | GradNorm 1.82
[CE seed=78] Epoch  50/200 | LR 0.100000 | Train Loss 0.8416 | Train Acc 75.17% | GradNorm 1.79
[CE seed=78] Epoch  60/200 | LR 0.100000 | Train Loss 0.6171 | Train Acc 81.26% | GradNorm 1.72
[CE seed=78] Epoch  70/200 | LR 0.100000 | Train Loss 0.5502 | Train Acc 82.89% | GradNorm 1.83
[CE seed=78] Epoch  80/200 | LR 0.100000 | Train Loss 0.4211 | Train Acc 86.94% | GradNorm 1.73
[CE seed=78] Epoch  90/200 | LR 0.100000 | Train Loss 0.3802 | Train Acc 88.22% | GradNorm 1.70
[CE seed=78] Epoch 100/200 | LR 0.100000 | Train Loss 0.2972 | Train Acc 90.64% | GradNorm 1.55
[CE seed=78] Epoch 110/200 | LR 0.100000 | Train Loss 0.2921 | Train Acc 90.83% | GradNorm 1.64
[CE seed=78] Epoch 120/200 | LR 0.100000 | Train Loss 0.2541 | Train Acc 92.32% | GradNorm 1.50
[CE seed=78] Epoch 130/200 | LR 0.100000 | Train Loss 0.2429 | Train Acc 92.61% | GradNorm 1.50
[CE seed=78] Epoch 140/200 | LR 0.100000 | Train Loss 0.2483 | Train Acc 92.32% | GradNorm 1.55
[CE seed=78] Epoch 150/200 | LR 0.100000 | Train Loss 0.2249 | Train Acc 93.27% | GradNorm 1.51
[CE seed=78] Epoch 160/200 | LR 0.100000 | Train Loss 0.1745 | Train Acc 94.67% | GradNorm 1.31
[CE seed=78] Epoch 170/200 | LR 0.001000 | Train Loss 0.0506 | Train Acc 99.19% | GradNorm 0.58
[CE seed=78] Epoch 180/200 | LR 0.001000 | Train Loss 0.0393 | Train Acc 99.43% | GradNorm 0.47
[CE seed=78] Epoch 190/200 | LR 0.000010 | Train Loss 0.0385 | Train Acc 99.45% | GradNorm 0.47
[CE] checkpoint -> CE_seed78_final.pt
[CE seed=78] Epoch 200/200 | LR 0.000010 | Train Loss 0.0397 | Train Acc 99.46% | GradNorm 0.47
[CE seed=78] done in 725s (200 epochs, final-epoch model is the reported model)
History saved to /kaggle/working/rs3/runs/ridge_sinkhorn_3seed_v1/attempts/inner/ce/seed_78/outer_2/inner_3/20260927T092014.958731Z-be9a6860ed62/expert_CE/seed_78/outer_2/inner_3/training_history.json
Loaded checkpoint from /kaggle/working/rs3/runs/ridge_sinkhorn_3seed_v1/attempts/inner/ce/seed_78/outer_2/inner_3/20260927T092014.958731Z-be9a6860ed62/expert_CE/seed_78/outer_2/inner_3/checkpoints/CE_seed78_final.pt (epoch 200, seed 78)
[LongTailCIFAR100] Val set created:
  Total samples          : 2,169
  Head class (0) count   : 100
  Tail class (99) count  : 1
  Target imbalance ratio : 100.0
  Achieved IR            : 100.00
  Augmentations           : No
