[LongTailCIFAR100] Train set created:
  Total samples          : 6,508
  Head class (0) count   : 300
  Tail class (99) count  : 3
  Target imbalance ratio : 100.0
  Achieved IR            : 100.00
  Augmentations           : Yes
[BalancedSoftmax seed=88] Epoch   1/200 | LR 0.020000 | Train Loss 4.2358 | Train Acc 2.84% | GradNorm 2.85
[BalancedSoftmax seed=88] Epoch  10/200 | LR 0.100000 | Train Loss 2.6919 | Train Acc 25.72% | GradNorm 1.40
[BalancedSoftmax seed=88] Epoch  20/200 | LR 0.100000 | Train Loss 1.9301 | Train Acc 40.60% | GradNorm 1.56
[BalancedSoftmax seed=88] Epoch  30/200 | LR 0.100000 | Train Loss 1.3455 | Train Acc 54.50% | GradNorm 1.65
[BalancedSoftmax seed=88] Epoch  40/200 | LR 0.100000 | Train Loss 1.0264 | Train Acc 63.46% | GradNorm 1.77
[BalancedSoftmax seed=88] Epoch  50/200 | LR 0.100000 | Train Loss 0.7281 | Train Acc 71.39% | GradNorm 1.68
[BalancedSoftmax seed=88] Epoch  60/200 | LR 0.100000 | Train Loss 0.6134 | Train Acc 75.12% | GradNorm 1.72
[BalancedSoftmax seed=88] Epoch  70/200 | LR 0.100000 | Train Loss 0.4364 | Train Acc 80.24% | GradNorm 1.67
[BalancedSoftmax seed=88] Epoch  80/200 | LR 0.100000 | Train Loss 0.4119 | Train Acc 82.11% | GradNorm 1.69
[BalancedSoftmax seed=88] Epoch  90/200 | LR 0.100000 | Train Loss 0.3476 | Train Acc 84.86% | GradNorm 1.62
[BalancedSoftmax seed=88] Epoch 100/200 | LR 0.100000 | Train Loss 0.3148 | Train Acc 85.93% | GradNorm 1.65
[BalancedSoftmax seed=88] Epoch 110/200 | LR 0.100000 | Train Loss 0.3073 | Train Acc 86.42% | GradNorm 1.64
[BalancedSoftmax seed=88] Epoch 120/200 | LR 0.100000 | Train Loss 0.2670 | Train Acc 88.68% | GradNorm 1.60
[BalancedSoftmax seed=88] Epoch 130/200 | LR 0.100000 | Train Loss 0.2550 | Train Acc 88.81% | GradNorm 1.54
[BalancedSoftmax seed=88] Epoch 140/200 | LR 0.100000 | Train Loss 0.2539 | Train Acc 88.71% | GradNorm 1.56
[BalancedSoftmax seed=88] Epoch 150/200 | LR 0.100000 | Train Loss 0.2158 | Train Acc 90.44% | GradNorm 1.51
[BalancedSoftmax seed=88] Epoch 160/200 | LR 0.100000 | Train Loss 0.2046 | Train Acc 91.12% | GradNorm 1.42
[BalancedSoftmax seed=88] Epoch 170/200 | LR 0.001000 | Train Loss 0.0577 | Train Acc 97.26% | GradNorm 0.63
[BalancedSoftmax seed=88] Epoch 180/200 | LR 0.001000 | Train Loss 0.0405 | Train Acc 98.14% | GradNorm 0.49
[BalancedSoftmax seed=88] Epoch 190/200 | LR 0.000010 | Train Loss 0.0401 | Train Acc 98.34% | GradNorm 0.48
[BalancedSoftmax] checkpoint -> BalancedSoftmax_seed88_final.pt
[BalancedSoftmax seed=88] Epoch 200/200 | LR 0.000010 | Train Loss 0.0420 | Train Acc 98.36% | GradNorm 0.48
[BalancedSoftmax seed=88] done in 670s (200 epochs, final-epoch model is the reported model)
History saved to /kaggle/working/rs3/runs/ridge_sinkhorn_3seed_v1/attempts/inner/balanced_softmax/seed_88/outer_3/inner_0/20260928T115137.393047Z-d775454f517e/expert_BalancedSoftmax/seed_88/outer_3/inner_0/training_history.json
Loaded checkpoint from /kaggle/working/rs3/runs/ridge_sinkhorn_3seed_v1/attempts/inner/balanced_softmax/seed_88/outer_3/inner_0/20260928T115137.393047Z-d775454f517e/expert_BalancedSoftmax/seed_88/outer_3/inner_0/checkpoints/BalancedSoftmax_seed88_final.pt (epoch 200, seed 88)
[LongTailCIFAR100] Val set created:
  Total samples          : 2,170
  Head class (0) count   : 100
  Tail class (99) count  : 1
  Target imbalance ratio : 100.0
  Achieved IR            : 100.00
  Augmentations           : No
