[LongTailCIFAR100] Train set created:
  Total samples          : 6,508
  Head class (0) count   : 300
  Tail class (99) count  : 3
  Target imbalance ratio : 100.0
  Achieved IR            : 100.00
  Augmentations           : Yes
[CE seed=78] Epoch   1/200 | LR 0.020000 | Train Loss 4.2715 | Train Acc 8.97% | GradNorm 3.09
[CE seed=78] Epoch  10/200 | LR 0.100000 | Train Loss 2.7132 | Train Acc 31.36% | GradNorm 1.42
[CE seed=78] Epoch  20/200 | LR 0.100000 | Train Loss 1.9644 | Train Acc 47.31% | GradNorm 1.57
[CE seed=78] Epoch  30/200 | LR 0.100000 | Train Loss 1.4636 | Train Acc 59.42% | GradNorm 1.74
[CE seed=78] Epoch  40/200 | LR 0.100000 | Train Loss 1.0821 | Train Acc 68.48% | GradNorm 1.83
[CE seed=78] Epoch  50/200 | LR 0.100000 | Train Loss 0.7903 | Train Acc 75.98% | GradNorm 1.80
[CE seed=78] Epoch  60/200 | LR 0.100000 | Train Loss 0.6029 | Train Acc 81.13% | GradNorm 1.77
[CE seed=78] Epoch  70/200 | LR 0.100000 | Train Loss 0.4654 | Train Acc 85.19% | GradNorm 1.72
[CE seed=78] Epoch  80/200 | LR 0.100000 | Train Loss 0.3852 | Train Acc 87.28% | GradNorm 1.65
[CE seed=78] Epoch  90/200 | LR 0.100000 | Train Loss 0.3053 | Train Acc 90.73% | GradNorm 1.49
[CE seed=78] Epoch 100/200 | LR 0.100000 | Train Loss 0.2997 | Train Acc 90.47% | GradNorm 1.57
[CE seed=78] Epoch 110/200 | LR 0.100000 | Train Loss 0.2573 | Train Acc 91.99% | GradNorm 1.50
[CE seed=78] Epoch 120/200 | LR 0.100000 | Train Loss 0.2322 | Train Acc 92.64% | GradNorm 1.42
[CE seed=78] Epoch 130/200 | LR 0.100000 | Train Loss 0.2415 | Train Acc 92.61% | GradNorm 1.51
[CE seed=78] Epoch 140/200 | LR 0.100000 | Train Loss 0.2090 | Train Acc 93.45% | GradNorm 1.42
[CE seed=78] Epoch 150/200 | LR 0.100000 | Train Loss 0.2429 | Train Acc 92.47% | GradNorm 1.57
[CE seed=78] Epoch 160/200 | LR 0.100000 | Train Loss 0.1854 | Train Acc 94.42% | GradNorm 1.40
[CE seed=78] Epoch 170/200 | LR 0.001000 | Train Loss 0.0523 | Train Acc 99.00% | GradNorm 0.59
[CE seed=78] Epoch 180/200 | LR 0.001000 | Train Loss 0.0401 | Train Acc 99.32% | GradNorm 0.49
[CE seed=78] Epoch 190/200 | LR 0.000010 | Train Loss 0.0408 | Train Acc 99.32% | GradNorm 0.49
[CE] checkpoint -> CE_seed78_final.pt
[CE seed=78] Epoch 200/200 | LR 0.000010 | Train Loss 0.0396 | Train Acc 99.48% | GradNorm 0.47
[CE seed=78] done in 689s (200 epochs, final-epoch model is the reported model)
History saved to /kaggle/working/rs3/runs/ridge_sinkhorn_3seed_v1/attempts/inner/ce/seed_78/outer_2/inner_0/20260930T085207.113071Z-409f852c3312/expert_CE/seed_78/outer_2/inner_0/training_history.json
Loaded checkpoint from /kaggle/working/rs3/runs/ridge_sinkhorn_3seed_v1/attempts/inner/ce/seed_78/outer_2/inner_0/20260930T085207.113071Z-409f852c3312/expert_CE/seed_78/outer_2/inner_0/checkpoints/CE_seed78_final.pt (epoch 200, seed 78)
[LongTailCIFAR100] Val set created:
  Total samples          : 2,170
  Head class (0) count   : 100
  Tail class (99) count  : 1
  Target imbalance ratio : 100.0
  Achieved IR            : 100.00
  Augmentations           : No
