[LongTailCIFAR100] Train set created:
  Total samples          : 6,508
  Head class (0) count   : 300
  Tail class (99) count  : 3
  Target imbalance ratio : 100.0
  Achieved IR            : 100.00
  Augmentations           : Yes
[LAL seed=88] Epoch   1/200 | LR 0.020000 | Train Loss 4.2266 | Train Acc 2.98% | GradNorm 2.92
[LAL seed=88] Epoch  10/200 | LR 0.100000 | Train Loss 2.7342 | Train Acc 25.02% | GradNorm 1.39
[LAL seed=88] Epoch  20/200 | LR 0.100000 | Train Loss 1.9705 | Train Acc 39.81% | GradNorm 1.54
[LAL seed=88] Epoch  30/200 | LR 0.100000 | Train Loss 1.4266 | Train Acc 53.09% | GradNorm 1.65
[LAL seed=88] Epoch  40/200 | LR 0.100000 | Train Loss 1.0929 | Train Acc 61.19% | GradNorm 1.77
[LAL seed=88] Epoch  50/200 | LR 0.100000 | Train Loss 0.8358 | Train Acc 68.42% | GradNorm 1.78
[LAL seed=88] Epoch  60/200 | LR 0.100000 | Train Loss 0.6235 | Train Acc 75.74% | GradNorm 1.73
[LAL seed=88] Epoch  70/200 | LR 0.100000 | Train Loss 0.4596 | Train Acc 80.04% | GradNorm 1.69
[LAL seed=88] Epoch  80/200 | LR 0.100000 | Train Loss 0.3742 | Train Acc 83.80% | GradNorm 1.62
[LAL seed=88] Epoch  90/200 | LR 0.100000 | Train Loss 0.3520 | Train Acc 84.63% | GradNorm 1.62
[LAL seed=88] Epoch 100/200 | LR 0.100000 | Train Loss 0.2966 | Train Acc 86.92% | GradNorm 1.57
[LAL seed=88] Epoch 110/200 | LR 0.100000 | Train Loss 0.2826 | Train Acc 87.97% | GradNorm 1.61
[LAL seed=88] Epoch 120/200 | LR 0.100000 | Train Loss 0.2504 | Train Acc 89.23% | GradNorm 1.49
[LAL seed=88] Epoch 130/200 | LR 0.100000 | Train Loss 0.2590 | Train Acc 88.68% | GradNorm 1.58
[LAL seed=88] Epoch 140/200 | LR 0.100000 | Train Loss 0.2479 | Train Acc 89.21% | GradNorm 1.58
[LAL seed=88] Epoch 150/200 | LR 0.100000 | Train Loss 0.2556 | Train Acc 89.00% | GradNorm 1.56
[LAL seed=88] Epoch 160/200 | LR 0.100000 | Train Loss 0.2404 | Train Acc 89.12% | GradNorm 1.53
[LAL seed=88] Epoch 170/200 | LR 0.001000 | Train Loss 0.0620 | Train Acc 97.30% | GradNorm 0.65
[LAL seed=88] Epoch 180/200 | LR 0.001000 | Train Loss 0.0504 | Train Acc 97.43% | GradNorm 0.56
[LAL seed=88] Epoch 190/200 | LR 0.000010 | Train Loss 0.0444 | Train Acc 98.03% | GradNorm 0.50
[LAL] checkpoint -> LAL_seed88_final.pt
[LAL seed=88] Epoch 200/200 | LR 0.000010 | Train Loss 0.0433 | Train Acc 98.29% | GradNorm 0.48
[LAL seed=88] done in 677s (200 epochs, final-epoch model is the reported model)
History saved to /kaggle/working/rs3/runs/ridge_sinkhorn_3seed_v1/attempts/inner/logit_adjusted/seed_88/outer_3/inner_0/20260930T160358.633641Z-debaf8a16032/expert_LAL/seed_88/outer_3/inner_0/training_history.json
Loaded checkpoint from /kaggle/working/rs3/runs/ridge_sinkhorn_3seed_v1/attempts/inner/logit_adjusted/seed_88/outer_3/inner_0/20260930T160358.633641Z-debaf8a16032/expert_LAL/seed_88/outer_3/inner_0/checkpoints/LAL_seed88_final.pt (epoch 200, seed 88)
[LongTailCIFAR100] Val set created:
  Total samples          : 2,170
  Head class (0) count   : 100
  Tail class (99) count  : 1
  Target imbalance ratio : 100.0
  Achieved IR            : 100.00
  Augmentations           : No
