[LongTailCIFAR100] Train set created:
  Total samples          : 6,507
  Head class (0) count   : 300
  Tail class (99) count  : 3
  Target imbalance ratio : 100.0
  Achieved IR            : 100.00
  Augmentations           : Yes
[Mixup seed=1034] Epoch   1/200 | LR 0.020000 | Train Loss 4.3954 | GradNorm 2.75
[Mixup seed=1034] Epoch  10/200 | LR 0.100000 | Train Loss 3.3995 | GradNorm 0.92
[Mixup seed=1034] Epoch  20/200 | LR 0.100000 | Train Loss 3.0642 | GradNorm 1.04
[Mixup seed=1034] Epoch  30/200 | LR 0.100000 | Train Loss 2.9418 | GradNorm 1.08
[Mixup seed=1034] Epoch  40/200 | LR 0.100000 | Train Loss 2.7858 | GradNorm 1.09
[Mixup seed=1034] Epoch  50/200 | LR 0.100000 | Train Loss 2.6782 | GradNorm 1.12
[Mixup seed=1034] Epoch  60/200 | LR 0.100000 | Train Loss 2.4895 | GradNorm 1.22
[Mixup seed=1034] Epoch  70/200 | LR 0.100000 | Train Loss 2.2671 | GradNorm 1.27
[Mixup seed=1034] Epoch  80/200 | LR 0.100000 | Train Loss 2.2672 | GradNorm 1.20
[Mixup seed=1034] Epoch  90/200 | LR 0.100000 | Train Loss 2.1786 | GradNorm 1.25
[Mixup seed=1034] Epoch 100/200 | LR 0.100000 | Train Loss 2.1546 | GradNorm 1.26
[Mixup seed=1034] Epoch 110/200 | LR 0.100000 | Train Loss 2.2008 | GradNorm 1.24
[Mixup seed=1034] Epoch 120/200 | LR 0.100000 | Train Loss 2.0907 | GradNorm 1.24
[Mixup seed=1034] Epoch 130/200 | LR 0.100000 | Train Loss 2.2461 | GradNorm 1.28
[Mixup seed=1034] Epoch 140/200 | LR 0.100000 | Train Loss 2.0566 | GradNorm 1.29
[Mixup seed=1034] Epoch 150/200 | LR 0.100000 | Train Loss 1.9414 | GradNorm 1.25
[Mixup seed=1034] Epoch 160/200 | LR 0.100000 | Train Loss 1.7537 | GradNorm 1.25
[Mixup seed=1034] Epoch 170/200 | LR 0.001000 | Train Loss 1.8247 | GradNorm 1.08
[Mixup seed=1034] Epoch 180/200 | LR 0.001000 | Train Loss 1.8251 | GradNorm 1.08
[Mixup seed=1034] Epoch 190/200 | LR 0.000010 | Train Loss 1.8396 | GradNorm 1.09
[Mixup] checkpoint -> Mixup_seed1034_final.pt
[Mixup seed=1034] Epoch 200/200 | LR 0.000010 | Train Loss 1.7683 | GradNorm 1.05
[Mixup seed=1034] done in 680s (200 epochs, final-epoch model is the reported model)
History saved to /kaggle/working/rs3/runs/ridge_sinkhorn_3seed_v1/attempts/inner/mixup/seed_1034/outer_1/inner_0/20260930T171955.495579Z-404a0eac70e4/expert_Mixup/seed_1034/outer_1/inner_0/training_history.json
Loaded checkpoint from /kaggle/working/rs3/runs/ridge_sinkhorn_3seed_v1/attempts/inner/mixup/seed_1034/outer_1/inner_0/20260930T171955.495579Z-404a0eac70e4/expert_Mixup/seed_1034/outer_1/inner_0/checkpoints/Mixup_seed1034_final.pt (epoch 200, seed 1034)
[LongTailCIFAR100] Val set created:
  Total samples          : 2,170
  Head class (0) count   : 100
  Tail class (99) count  : 1
  Target imbalance ratio : 100.0
  Achieved IR            : 100.00
  Augmentations           : No
