[LongTailCIFAR100] Train set created:
  Total samples          : 6,508
  Head class (0) count   : 300
  Tail class (99) count  : 3
  Target imbalance ratio : 100.0
  Achieved IR            : 100.00
  Augmentations           : Yes
[CE seed=88] Epoch   1/200 | LR 0.020000 | Train Loss 4.2961 | Train Acc 7.79% | GradNorm 2.90
[CE seed=88] Epoch  10/200 | LR 0.100000 | Train Loss 2.7784 | Train Acc 30.90% | GradNorm 1.32
[CE seed=88] Epoch  20/200 | LR 0.100000 | Train Loss 2.0587 | Train Acc 45.82% | GradNorm 1.50
[CE seed=88] Epoch  30/200 | LR 0.100000 | Train Loss 1.5664 | Train Acc 56.68% | GradNorm 1.68
[CE seed=88] Epoch  40/200 | LR 0.100000 | Train Loss 1.2055 | Train Acc 65.07% | GradNorm 1.83
[CE seed=88] Epoch  50/200 | LR 0.100000 | Train Loss 0.9123 | Train Acc 72.97% | GradNorm 1.83
[CE seed=88] Epoch  60/200 | LR 0.100000 | Train Loss 0.7623 | Train Acc 76.84% | GradNorm 1.95
[CE seed=88] Epoch  70/200 | LR 0.100000 | Train Loss 0.5791 | Train Acc 81.84% | GradNorm 1.84
[CE seed=88] Epoch  80/200 | LR 0.100000 | Train Loss 0.4628 | Train Acc 85.19% | GradNorm 1.77
[CE seed=88] Epoch  90/200 | LR 0.100000 | Train Loss 0.4029 | Train Acc 87.12% | GradNorm 1.76
[CE seed=88] Epoch 100/200 | LR 0.100000 | Train Loss 0.3132 | Train Acc 90.17% | GradNorm 1.54
[CE seed=88] Epoch 110/200 | LR 0.100000 | Train Loss 0.2763 | Train Acc 90.96% | GradNorm 1.54
[CE seed=88] Epoch 120/200 | LR 0.100000 | Train Loss 0.3230 | Train Acc 89.77% | GradNorm 1.69
[CE seed=88] Epoch 130/200 | LR 0.100000 | Train Loss 0.2869 | Train Acc 90.80% | GradNorm 1.64
[CE seed=88] Epoch 140/200 | LR 0.100000 | Train Loss 0.2114 | Train Acc 93.45% | GradNorm 1.42
[CE seed=88] Epoch 150/200 | LR 0.100000 | Train Loss 0.1931 | Train Acc 94.22% | GradNorm 1.35
[CE seed=88] Epoch 160/200 | LR 0.100000 | Train Loss 0.2351 | Train Acc 92.55% | GradNorm 1.54
[CE seed=88] Epoch 170/200 | LR 0.001000 | Train Loss 0.0648 | Train Acc 98.71% | GradNorm 0.67
[CE seed=88] Epoch 180/200 | LR 0.001000 | Train Loss 0.0469 | Train Acc 99.23% | GradNorm 0.53
[CE seed=88] Epoch 190/200 | LR 0.000010 | Train Loss 0.0490 | Train Acc 99.02% | GradNorm 0.55
[CE] checkpoint -> CE_seed88_final.pt
[CE seed=88] Epoch 200/200 | LR 0.000010 | Train Loss 0.0488 | Train Acc 99.20% | GradNorm 0.55
[CE seed=88] done in 689s (200 epochs, final-epoch model is the reported model)
History saved to /kaggle/working/rs3/runs/ridge_sinkhorn_3seed_v1/attempts/inner/ce/seed_88/outer_0/inner_3/20260929T163302.639719Z-57206fedbb6e/expert_CE/seed_88/outer_0/inner_3/training_history.json
Loaded checkpoint from /kaggle/working/rs3/runs/ridge_sinkhorn_3seed_v1/attempts/inner/ce/seed_88/outer_0/inner_3/20260929T163302.639719Z-57206fedbb6e/expert_CE/seed_88/outer_0/inner_3/checkpoints/CE_seed88_final.pt (epoch 200, seed 88)
[LongTailCIFAR100] Val set created:
  Total samples          : 2,169
  Head class (0) count   : 100
  Tail class (99) count  : 1
  Target imbalance ratio : 100.0
  Achieved IR            : 100.00
  Augmentations           : No
