[LongTailCIFAR100] Train set created:
  Total samples          : 6,508
  Head class (0) count   : 300
  Tail class (99) count  : 3
  Target imbalance ratio : 100.0
  Achieved IR            : 100.00
  Augmentations           : Yes
[CE seed=78] Epoch   1/200 | LR 0.020000 | Train Loss 4.3420 | Train Acc 7.61% | GradNorm 2.76
[CE seed=78] Epoch  10/200 | LR 0.100000 | Train Loss 2.6752 | Train Acc 32.70% | GradNorm 1.45
[CE seed=78] Epoch  20/200 | LR 0.100000 | Train Loss 1.8489 | Train Acc 50.60% | GradNorm 1.54
[CE seed=78] Epoch  30/200 | LR 0.100000 | Train Loss 1.3138 | Train Acc 62.66% | GradNorm 1.64
[CE seed=78] Epoch  40/200 | LR 0.100000 | Train Loss 1.0307 | Train Acc 69.35% | GradNorm 1.78
[CE seed=78] Epoch  50/200 | LR 0.100000 | Train Loss 0.7825 | Train Acc 76.24% | GradNorm 1.81
[CE seed=78] Epoch  60/200 | LR 0.100000 | Train Loss 0.6064 | Train Acc 81.15% | GradNorm 1.78
[CE seed=78] Epoch  70/200 | LR 0.100000 | Train Loss 0.4623 | Train Acc 85.19% | GradNorm 1.68
[CE seed=78] Epoch  80/200 | LR 0.100000 | Train Loss 0.3788 | Train Acc 87.52% | GradNorm 1.68
[CE seed=78] Epoch  90/200 | LR 0.100000 | Train Loss 0.3026 | Train Acc 90.38% | GradNorm 1.56
[CE seed=78] Epoch 100/200 | LR 0.100000 | Train Loss 0.2715 | Train Acc 91.70% | GradNorm 1.51
[CE seed=78] Epoch 110/200 | LR 0.100000 | Train Loss 0.2863 | Train Acc 90.96% | GradNorm 1.63
[CE seed=78] Epoch 120/200 | LR 0.100000 | Train Loss 0.2809 | Train Acc 91.00% | GradNorm 1.62
[CE seed=78] Epoch 130/200 | LR 0.100000 | Train Loss 0.2558 | Train Acc 91.92% | GradNorm 1.57
[CE seed=78] Epoch 140/200 | LR 0.100000 | Train Loss 0.2182 | Train Acc 93.36% | GradNorm 1.44
[CE seed=78] Epoch 150/200 | LR 0.100000 | Train Loss 0.2101 | Train Acc 93.70% | GradNorm 1.46
[CE seed=78] Epoch 160/200 | LR 0.100000 | Train Loss 0.2305 | Train Acc 92.82% | GradNorm 1.55
[CE seed=78] Epoch 170/200 | LR 0.001000 | Train Loss 0.0611 | Train Acc 98.77% | GradNorm 0.65
[CE seed=78] Epoch 180/200 | LR 0.001000 | Train Loss 0.0456 | Train Acc 99.32% | GradNorm 0.53
[CE seed=78] Epoch 190/200 | LR 0.000010 | Train Loss 0.0461 | Train Acc 99.12% | GradNorm 0.53
[CE] checkpoint -> CE_seed78_final.pt
[CE seed=78] Epoch 200/200 | LR 0.000010 | Train Loss 0.0432 | Train Acc 99.22% | GradNorm 0.51
[CE seed=78] done in 666s (200 epochs, final-epoch model is the reported model)
History saved to /kaggle/working/rs3/runs/ridge_sinkhorn_3seed_v1/attempts/inner/ce/seed_78/outer_4/inner_0/20260928T144653.403045Z-26dfa68a3194/expert_CE/seed_78/outer_4/inner_0/training_history.json
Loaded checkpoint from /kaggle/working/rs3/runs/ridge_sinkhorn_3seed_v1/attempts/inner/ce/seed_78/outer_4/inner_0/20260928T144653.403045Z-26dfa68a3194/expert_CE/seed_78/outer_4/inner_0/checkpoints/CE_seed78_final.pt (epoch 200, seed 78)
[LongTailCIFAR100] Val set created:
  Total samples          : 2,170
  Head class (0) count   : 100
  Tail class (99) count  : 1
  Target imbalance ratio : 100.0
  Achieved IR            : 100.00
  Augmentations           : No
