[LongTailCIFAR100] Train set created:
  Total samples          : 6,508
  Head class (0) count   : 300
  Tail class (99) count  : 3
  Target imbalance ratio : 100.0
  Achieved IR            : 100.00
  Augmentations           : Yes
[CE seed=1034] Epoch   1/200 | LR 0.020000 | Train Loss 4.3443 | Train Acc 7.34% | GradNorm 3.15
[CE seed=1034] Epoch  10/200 | LR 0.100000 | Train Loss 2.7506 | Train Acc 31.08% | GradNorm 1.34
[CE seed=1034] Epoch  20/200 | LR 0.100000 | Train Loss 2.0430 | Train Acc 46.05% | GradNorm 1.47
[CE seed=1034] Epoch  30/200 | LR 0.100000 | Train Loss 1.5361 | Train Acc 57.62% | GradNorm 1.72
[CE seed=1034] Epoch  40/200 | LR 0.100000 | Train Loss 1.1813 | Train Acc 66.01% | GradNorm 1.82
[CE seed=1034] Epoch  50/200 | LR 0.100000 | Train Loss 0.9224 | Train Acc 72.71% | GradNorm 1.87
[CE seed=1034] Epoch  60/200 | LR 0.100000 | Train Loss 0.6751 | Train Acc 78.84% | GradNorm 1.81
[CE seed=1034] Epoch  70/200 | LR 0.100000 | Train Loss 0.5412 | Train Acc 83.27% | GradNorm 1.78
[CE seed=1034] Epoch  80/200 | LR 0.100000 | Train Loss 0.4544 | Train Acc 85.73% | GradNorm 1.74
[CE seed=1034] Epoch  90/200 | LR 0.100000 | Train Loss 0.3107 | Train Acc 90.24% | GradNorm 1.52
[CE seed=1034] Epoch 100/200 | LR 0.100000 | Train Loss 0.3219 | Train Acc 89.90% | GradNorm 1.63
[CE seed=1034] Epoch 110/200 | LR 0.100000 | Train Loss 0.3183 | Train Acc 90.40% | GradNorm 1.64
[CE seed=1034] Epoch 120/200 | LR 0.100000 | Train Loss 0.3002 | Train Acc 90.66% | GradNorm 1.63
[CE seed=1034] Epoch 130/200 | LR 0.100000 | Train Loss 0.2227 | Train Acc 93.04% | GradNorm 1.45
[CE seed=1034] Epoch 140/200 | LR 0.100000 | Train Loss 0.2604 | Train Acc 91.99% | GradNorm 1.55
[CE seed=1034] Epoch 150/200 | LR 0.100000 | Train Loss 0.2424 | Train Acc 92.32% | GradNorm 1.54
[CE seed=1034] Epoch 160/200 | LR 0.100000 | Train Loss 0.1886 | Train Acc 94.13% | GradNorm 1.36
[CE seed=1034] Epoch 170/200 | LR 0.001000 | Train Loss 0.0557 | Train Acc 99.00% | GradNorm 0.61
[CE seed=1034] Epoch 180/200 | LR 0.001000 | Train Loss 0.0450 | Train Acc 99.28% | GradNorm 0.52
[CE seed=1034] Epoch 190/200 | LR 0.000010 | Train Loss 0.0409 | Train Acc 99.32% | GradNorm 0.49
[CE] checkpoint -> CE_seed1034_final.pt
[CE seed=1034] Epoch 200/200 | LR 0.000010 | Train Loss 0.0441 | Train Acc 99.31% | GradNorm 0.52
[CE seed=1034] done in 679s (200 epochs, final-epoch model is the reported model)
History saved to /kaggle/working/rs3/runs/ridge_sinkhorn_3seed_v1/attempts/inner/ce/seed_1034/outer_0/inner_3/20260929T124025.860496Z-2af9e99ee30d/expert_CE/seed_1034/outer_0/inner_3/training_history.json
Loaded checkpoint from /kaggle/working/rs3/runs/ridge_sinkhorn_3seed_v1/attempts/inner/ce/seed_1034/outer_0/inner_3/20260929T124025.860496Z-2af9e99ee30d/expert_CE/seed_1034/outer_0/inner_3/checkpoints/CE_seed1034_final.pt (epoch 200, seed 1034)
[LongTailCIFAR100] Val set created:
  Total samples          : 2,169
  Head class (0) count   : 100
  Tail class (99) count  : 1
  Target imbalance ratio : 100.0
  Achieved IR            : 100.00
  Augmentations           : No
