[LongTailCIFAR100] Train set created:
  Total samples          : 6,508
  Head class (0) count   : 300
  Tail class (99) count  : 3
  Target imbalance ratio : 100.0
  Achieved IR            : 100.00
  Augmentations           : Yes
[Mixup seed=88] Epoch   1/200 | LR 0.020000 | Train Loss 4.3901 | GradNorm 2.78
[Mixup seed=88] Epoch  10/200 | LR 0.100000 | Train Loss 3.4372 | GradNorm 0.89
[Mixup seed=88] Epoch  20/200 | LR 0.100000 | Train Loss 3.0192 | GradNorm 1.04
[Mixup seed=88] Epoch  30/200 | LR 0.100000 | Train Loss 2.7415 | GradNorm 1.08
[Mixup seed=88] Epoch  40/200 | LR 0.100000 | Train Loss 2.7359 | GradNorm 1.11
[Mixup seed=88] Epoch  50/200 | LR 0.100000 | Train Loss 2.5703 | GradNorm 1.19
[Mixup seed=88] Epoch  60/200 | LR 0.100000 | Train Loss 2.4664 | GradNorm 1.16
[Mixup seed=88] Epoch  70/200 | LR 0.100000 | Train Loss 2.1610 | GradNorm 1.23
[Mixup seed=88] Epoch  80/200 | LR 0.100000 | Train Loss 2.2971 | GradNorm 1.24
[Mixup seed=88] Epoch  90/200 | LR 0.100000 | Train Loss 2.2371 | GradNorm 1.23
[Mixup seed=88] Epoch 100/200 | LR 0.100000 | Train Loss 2.2696 | GradNorm 1.25
[Mixup seed=88] Epoch 110/200 | LR 0.100000 | Train Loss 2.1545 | GradNorm 1.28
[Mixup seed=88] Epoch 120/200 | LR 0.100000 | Train Loss 2.1084 | GradNorm 1.29
[Mixup seed=88] Epoch 130/200 | LR 0.100000 | Train Loss 2.0373 | GradNorm 1.24
[Mixup seed=88] Epoch 140/200 | LR 0.100000 | Train Loss 1.9530 | GradNorm 1.23
[Mixup seed=88] Epoch 150/200 | LR 0.100000 | Train Loss 2.1530 | GradNorm 1.31
[Mixup seed=88] Epoch 160/200 | LR 0.100000 | Train Loss 1.9381 | GradNorm 1.26
[Mixup seed=88] Epoch 170/200 | LR 0.001000 | Train Loss 1.9337 | GradNorm 1.10
[Mixup seed=88] Epoch 180/200 | LR 0.001000 | Train Loss 1.7988 | GradNorm 1.04
[Mixup seed=88] Epoch 190/200 | LR 0.000010 | Train Loss 1.8081 | GradNorm 1.08
[Mixup] checkpoint -> Mixup_seed88_final.pt
[Mixup seed=88] Epoch 200/200 | LR 0.000010 | Train Loss 1.8615 | GradNorm 1.08
[Mixup seed=88] done in 690s (200 epochs, final-epoch model is the reported model)
History saved to /kaggle/working/rs3/runs/ridge_sinkhorn_3seed_v1/attempts/inner/mixup/seed_88/outer_1/inner_3/20260930T035039.935919Z-33f1e0f3edad/expert_Mixup/seed_88/outer_1/inner_3/training_history.json
Loaded checkpoint from /kaggle/working/rs3/runs/ridge_sinkhorn_3seed_v1/attempts/inner/mixup/seed_88/outer_1/inner_3/20260930T035039.935919Z-33f1e0f3edad/expert_Mixup/seed_88/outer_1/inner_3/checkpoints/Mixup_seed88_final.pt (epoch 200, seed 88)
[LongTailCIFAR100] Val set created:
  Total samples          : 2,169
  Head class (0) count   : 100
  Tail class (99) count  : 1
  Target imbalance ratio : 100.0
  Achieved IR            : 100.00
  Augmentations           : No
