[LongTailCIFAR100] Train set created:
  Total samples          : 6,508
  Head class (0) count   : 300
  Tail class (99) count  : 3
  Target imbalance ratio : 100.0
  Achieved IR            : 100.00
  Augmentations           : Yes
[BalancedSoftmax seed=88] Epoch   1/200 | LR 0.020000 | Train Loss 4.2423 | Train Acc 2.00% | GradNorm 2.91
[BalancedSoftmax seed=88] Epoch  10/200 | LR 0.100000 | Train Loss 2.7380 | Train Acc 24.69% | GradNorm 1.37
[BalancedSoftmax seed=88] Epoch  20/200 | LR 0.100000 | Train Loss 1.9801 | Train Acc 40.81% | GradNorm 1.53
[BalancedSoftmax seed=88] Epoch  30/200 | LR 0.100000 | Train Loss 1.4643 | Train Acc 52.37% | GradNorm 1.64
[BalancedSoftmax seed=88] Epoch  40/200 | LR 0.100000 | Train Loss 1.0957 | Train Acc 61.94% | GradNorm 1.73
[BalancedSoftmax seed=88] Epoch  50/200 | LR 0.100000 | Train Loss 0.8072 | Train Acc 68.50% | GradNorm 1.76
[BalancedSoftmax seed=88] Epoch  60/200 | LR 0.100000 | Train Loss 0.6530 | Train Acc 74.23% | GradNorm 1.78
[BalancedSoftmax seed=88] Epoch  70/200 | LR 0.100000 | Train Loss 0.5100 | Train Acc 78.63% | GradNorm 1.74
[BalancedSoftmax seed=88] Epoch  80/200 | LR 0.100000 | Train Loss 0.4275 | Train Acc 82.74% | GradNorm 1.71
[BalancedSoftmax seed=88] Epoch  90/200 | LR 0.100000 | Train Loss 0.3528 | Train Acc 84.36% | GradNorm 1.63
[BalancedSoftmax seed=88] Epoch 100/200 | LR 0.100000 | Train Loss 0.3237 | Train Acc 85.99% | GradNorm 1.62
[BalancedSoftmax seed=88] Epoch 110/200 | LR 0.100000 | Train Loss 0.2710 | Train Acc 87.97% | GradNorm 1.56
[BalancedSoftmax seed=88] Epoch 120/200 | LR 0.100000 | Train Loss 0.2309 | Train Acc 88.98% | GradNorm 1.45
[BalancedSoftmax seed=88] Epoch 130/200 | LR 0.100000 | Train Loss 0.2956 | Train Acc 87.08% | GradNorm 1.65
[BalancedSoftmax seed=88] Epoch 140/200 | LR 0.100000 | Train Loss 0.2324 | Train Acc 90.03% | GradNorm 1.51
[BalancedSoftmax seed=88] Epoch 150/200 | LR 0.100000 | Train Loss 0.1883 | Train Acc 91.70% | GradNorm 1.38
[BalancedSoftmax seed=88] Epoch 160/200 | LR 0.100000 | Train Loss 0.2182 | Train Acc 90.61% | GradNorm 1.51
[BalancedSoftmax seed=88] Epoch 170/200 | LR 0.001000 | Train Loss 0.0598 | Train Acc 97.42% | GradNorm 0.64
[BalancedSoftmax seed=88] Epoch 180/200 | LR 0.001000 | Train Loss 0.0428 | Train Acc 98.22% | GradNorm 0.49
[BalancedSoftmax seed=88] Epoch 190/200 | LR 0.000010 | Train Loss 0.0418 | Train Acc 98.31% | GradNorm 0.49
[BalancedSoftmax] checkpoint -> BalancedSoftmax_seed88_final.pt
[BalancedSoftmax seed=88] Epoch 200/200 | LR 0.000010 | Train Loss 0.0411 | Train Acc 98.42% | GradNorm 0.49
[BalancedSoftmax seed=88] done in 675s (200 epochs, final-epoch model is the reported model)
History saved to /kaggle/working/rs3/runs/ridge_sinkhorn_3seed_v1/attempts/inner/balanced_softmax/seed_88/outer_1/inner_3/20260928T112105.050689Z-3fbf1e787646/expert_BalancedSoftmax/seed_88/outer_1/inner_3/training_history.json
Loaded checkpoint from /kaggle/working/rs3/runs/ridge_sinkhorn_3seed_v1/attempts/inner/balanced_softmax/seed_88/outer_1/inner_3/20260928T112105.050689Z-3fbf1e787646/expert_BalancedSoftmax/seed_88/outer_1/inner_3/checkpoints/BalancedSoftmax_seed88_final.pt (epoch 200, seed 88)
[LongTailCIFAR100] Val set created:
  Total samples          : 2,169
  Head class (0) count   : 100
  Tail class (99) count  : 1
  Target imbalance ratio : 100.0
  Achieved IR            : 100.00
  Augmentations           : No
