[LongTailCIFAR100] Train set created:
  Total samples          : 6,508
  Head class (0) count   : 300
  Tail class (99) count  : 3
  Target imbalance ratio : 100.0
  Achieved IR            : 100.00
  Augmentations           : Yes
[LAL seed=78] Epoch   1/200 | LR 0.020000 | Train Loss 4.2251 | Train Acc 4.06% | GradNorm 3.09
[LAL seed=78] Epoch  10/200 | LR 0.100000 | Train Loss 2.7856 | Train Acc 24.22% | GradNorm 1.35
[LAL seed=78] Epoch  20/200 | LR 0.100000 | Train Loss 2.0774 | Train Acc 38.77% | GradNorm 1.52
[LAL seed=78] Epoch  30/200 | LR 0.100000 | Train Loss 1.5278 | Train Acc 50.80% | GradNorm 1.70
[LAL seed=78] Epoch  40/200 | LR 0.100000 | Train Loss 1.1448 | Train Acc 59.86% | GradNorm 1.81
[LAL seed=78] Epoch  50/200 | LR 0.100000 | Train Loss 0.9062 | Train Acc 66.26% | GradNorm 1.92
[LAL seed=78] Epoch  60/200 | LR 0.100000 | Train Loss 0.6885 | Train Acc 73.22% | GradNorm 1.92
[LAL seed=78] Epoch  70/200 | LR 0.100000 | Train Loss 0.5348 | Train Acc 77.83% | GradNorm 1.78
[LAL seed=78] Epoch  80/200 | LR 0.100000 | Train Loss 0.3979 | Train Acc 83.08% | GradNorm 1.72
[LAL seed=78] Epoch  90/200 | LR 0.100000 | Train Loss 0.3437 | Train Acc 85.11% | GradNorm 1.63
[LAL seed=78] Epoch 100/200 | LR 0.100000 | Train Loss 0.2644 | Train Acc 88.26% | GradNorm 1.49
[LAL seed=78] Epoch 110/200 | LR 0.100000 | Train Loss 0.2993 | Train Acc 86.95% | GradNorm 1.64
[LAL seed=78] Epoch 120/200 | LR 0.100000 | Train Loss 0.2291 | Train Acc 89.64% | GradNorm 1.42
[LAL seed=78] Epoch 130/200 | LR 0.100000 | Train Loss 0.2532 | Train Acc 88.80% | GradNorm 1.54
[LAL seed=78] Epoch 140/200 | LR 0.100000 | Train Loss 0.2045 | Train Acc 90.83% | GradNorm 1.41
[LAL seed=78] Epoch 150/200 | LR 0.100000 | Train Loss 0.2504 | Train Acc 88.81% | GradNorm 1.58
[LAL seed=78] Epoch 160/200 | LR 0.100000 | Train Loss 0.2390 | Train Acc 89.38% | GradNorm 1.59
[LAL seed=78] Epoch 170/200 | LR 0.001000 | Train Loss 0.0593 | Train Acc 97.13% | GradNorm 0.66
[LAL seed=78] Epoch 180/200 | LR 0.001000 | Train Loss 0.0432 | Train Acc 98.20% | GradNorm 0.52
[LAL seed=78] Epoch 190/200 | LR 0.000010 | Train Loss 0.0418 | Train Acc 98.20% | GradNorm 0.49
[LAL] checkpoint -> LAL_seed78_final.pt
[LAL seed=78] Epoch 200/200 | LR 0.000010 | Train Loss 0.0426 | Train Acc 98.40% | GradNorm 0.51
[LAL seed=78] done in 681s (200 epochs, final-epoch model is the reported model)
History saved to /kaggle/working/rs3/runs/ridge_sinkhorn_3seed_v1/attempts/inner/logit_adjusted/seed_78/outer_2/inner_0/20260929T201644.385132Z-7f57cf4fee78/expert_LAL/seed_78/outer_2/inner_0/training_history.json
Loaded checkpoint from /kaggle/working/rs3/runs/ridge_sinkhorn_3seed_v1/attempts/inner/logit_adjusted/seed_78/outer_2/inner_0/20260929T201644.385132Z-7f57cf4fee78/expert_LAL/seed_78/outer_2/inner_0/checkpoints/LAL_seed78_final.pt (epoch 200, seed 78)
[LongTailCIFAR100] Val set created:
  Total samples          : 2,170
  Head class (0) count   : 100
  Tail class (99) count  : 1
  Target imbalance ratio : 100.0
  Achieved IR            : 100.00
  Augmentations           : No
