[LongTailCIFAR100] Train set created:
  Total samples          : 6,508
  Head class (0) count   : 300
  Tail class (99) count  : 3
  Target imbalance ratio : 100.0
  Achieved IR            : 100.00
  Augmentations           : Yes
[CE seed=88] Epoch   1/200 | LR 0.020000 | Train Loss 4.3088 | Train Acc 8.02% | GradNorm 2.97
[CE seed=88] Epoch  10/200 | LR 0.100000 | Train Loss 2.7128 | Train Acc 31.55% | GradNorm 1.41
[CE seed=88] Epoch  20/200 | LR 0.100000 | Train Loss 1.9353 | Train Acc 48.20% | GradNorm 1.56
[CE seed=88] Epoch  30/200 | LR 0.100000 | Train Loss 1.4145 | Train Acc 59.85% | GradNorm 1.70
[CE seed=88] Epoch  40/200 | LR 0.100000 | Train Loss 1.0351 | Train Acc 69.05% | GradNorm 1.75
[CE seed=88] Epoch  50/200 | LR 0.100000 | Train Loss 0.7846 | Train Acc 76.17% | GradNorm 1.75
[CE seed=88] Epoch  60/200 | LR 0.100000 | Train Loss 0.6248 | Train Acc 80.62% | GradNorm 1.79
[CE seed=88] Epoch  70/200 | LR 0.100000 | Train Loss 0.5720 | Train Acc 82.13% | GradNorm 1.92
[CE seed=88] Epoch  80/200 | LR 0.100000 | Train Loss 0.3844 | Train Acc 88.17% | GradNorm 1.62
[CE seed=88] Epoch  90/200 | LR 0.100000 | Train Loss 0.3690 | Train Acc 88.06% | GradNorm 1.69
[CE seed=88] Epoch 100/200 | LR 0.100000 | Train Loss 0.2902 | Train Acc 90.98% | GradNorm 1.52
[CE seed=88] Epoch 110/200 | LR 0.100000 | Train Loss 0.2928 | Train Acc 90.96% | GradNorm 1.60
[CE seed=88] Epoch 120/200 | LR 0.100000 | Train Loss 0.2828 | Train Acc 91.26% | GradNorm 1.63
[CE seed=88] Epoch 130/200 | LR 0.100000 | Train Loss 0.2469 | Train Acc 92.44% | GradNorm 1.51
[CE seed=88] Epoch 140/200 | LR 0.100000 | Train Loss 0.2302 | Train Acc 92.79% | GradNorm 1.45
[CE seed=88] Epoch 150/200 | LR 0.100000 | Train Loss 0.1861 | Train Acc 94.28% | GradNorm 1.33
[CE seed=88] Epoch 160/200 | LR 0.100000 | Train Loss 0.1649 | Train Acc 95.04% | GradNorm 1.27
[CE seed=88] Epoch 170/200 | LR 0.001000 | Train Loss 0.0508 | Train Acc 99.14% | GradNorm 0.57
[CE seed=88] Epoch 180/200 | LR 0.001000 | Train Loss 0.0391 | Train Acc 99.42% | GradNorm 0.46
[CE seed=88] Epoch 190/200 | LR 0.000010 | Train Loss 0.0372 | Train Acc 99.51% | GradNorm 0.45
[CE] checkpoint -> CE_seed88_final.pt
[CE seed=88] Epoch 200/200 | LR 0.000010 | Train Loss 0.0406 | Train Acc 99.35% | GradNorm 0.48
[CE seed=88] done in 725s (200 epochs, final-epoch model is the reported model)
History saved to /kaggle/working/rs3/runs/ridge_sinkhorn_3seed_v1/attempts/inner/ce/seed_88/outer_1/inner_3/20260927T102904.217182Z-ce5cbcf3d58e/expert_CE/seed_88/outer_1/inner_3/training_history.json
Loaded checkpoint from /kaggle/working/rs3/runs/ridge_sinkhorn_3seed_v1/attempts/inner/ce/seed_88/outer_1/inner_3/20260927T102904.217182Z-ce5cbcf3d58e/expert_CE/seed_88/outer_1/inner_3/checkpoints/CE_seed88_final.pt (epoch 200, seed 88)
[LongTailCIFAR100] Val set created:
  Total samples          : 2,169
  Head class (0) count   : 100
  Tail class (99) count  : 1
  Target imbalance ratio : 100.0
  Achieved IR            : 100.00
  Augmentations           : No
