[LongTailCIFAR100] Train set created:
  Total samples          : 6,509
  Head class (0) count   : 300
  Tail class (99) count  : 3
  Target imbalance ratio : 100.0
  Achieved IR            : 100.00
  Augmentations           : Yes
[Mixup seed=88] Epoch   1/200 | LR 0.020000 | Train Loss 4.3488 | GradNorm 2.78
[Mixup seed=88] Epoch  10/200 | LR 0.100000 | Train Loss 3.4683 | GradNorm 0.86
[Mixup seed=88] Epoch  20/200 | LR 0.100000 | Train Loss 3.1021 | GradNorm 0.98
[Mixup seed=88] Epoch  30/200 | LR 0.100000 | Train Loss 2.8370 | GradNorm 1.10
[Mixup seed=88] Epoch  40/200 | LR 0.100000 | Train Loss 2.8047 | GradNorm 1.07
[Mixup seed=88] Epoch  50/200 | LR 0.100000 | Train Loss 2.6449 | GradNorm 1.17
[Mixup seed=88] Epoch  60/200 | LR 0.100000 | Train Loss 2.5331 | GradNorm 1.19
[Mixup seed=88] Epoch  70/200 | LR 0.100000 | Train Loss 2.2205 | GradNorm 1.20
[Mixup seed=88] Epoch  80/200 | LR 0.100000 | Train Loss 2.3462 | GradNorm 1.25
[Mixup seed=88] Epoch  90/200 | LR 0.100000 | Train Loss 2.2767 | GradNorm 1.24
[Mixup seed=88] Epoch 100/200 | LR 0.100000 | Train Loss 2.3052 | GradNorm 1.25
[Mixup seed=88] Epoch 110/200 | LR 0.100000 | Train Loss 2.1780 | GradNorm 1.29
[Mixup seed=88] Epoch 120/200 | LR 0.100000 | Train Loss 2.1359 | GradNorm 1.29
[Mixup seed=88] Epoch 130/200 | LR 0.100000 | Train Loss 2.0526 | GradNorm 1.21
[Mixup seed=88] Epoch 140/200 | LR 0.100000 | Train Loss 2.0007 | GradNorm 1.23
[Mixup seed=88] Epoch 150/200 | LR 0.100000 | Train Loss 2.2010 | GradNorm 1.31
[Mixup seed=88] Epoch 160/200 | LR 0.100000 | Train Loss 1.9736 | GradNorm 1.23
[Mixup seed=88] Epoch 170/200 | LR 0.001000 | Train Loss 1.9759 | GradNorm 1.12
[Mixup seed=88] Epoch 180/200 | LR 0.001000 | Train Loss 1.8156 | GradNorm 1.05
[Mixup seed=88] Epoch 190/200 | LR 0.000010 | Train Loss 1.8410 | GradNorm 1.09
[Mixup] checkpoint -> Mixup_seed88_final.pt
[Mixup seed=88] Epoch 200/200 | LR 0.000010 | Train Loss 1.9009 | GradNorm 1.09
[Mixup seed=88] done in 673s (200 epochs, final-epoch model is the reported model)
History saved to /kaggle/working/rs3/runs/ridge_sinkhorn_3seed_v1/attempts/inner/mixup/seed_88/outer_3/inner_3/20260928T234040.346685Z-1d05478c194b/expert_Mixup/seed_88/outer_3/inner_3/training_history.json
Loaded checkpoint from /kaggle/working/rs3/runs/ridge_sinkhorn_3seed_v1/attempts/inner/mixup/seed_88/outer_3/inner_3/20260928T234040.346685Z-1d05478c194b/expert_Mixup/seed_88/outer_3/inner_3/checkpoints/Mixup_seed88_final.pt (epoch 200, seed 88)
[LongTailCIFAR100] Val set created:
  Total samples          : 2,169
  Head class (0) count   : 100
  Tail class (99) count  : 1
  Target imbalance ratio : 100.0
  Achieved IR            : 100.00
  Augmentations           : No
