[LongTailCIFAR100] Train set created:
  Total samples          : 6,507
  Head class (0) count   : 300
  Tail class (99) count  : 3
  Target imbalance ratio : 100.0
  Achieved IR            : 100.00
  Augmentations           : Yes
[LAL seed=1034] Epoch   1/200 | LR 0.020000 | Train Loss 4.2635 | Train Acc 2.69% | GradNorm 3.18
[LAL seed=1034] Epoch  10/200 | LR 0.100000 | Train Loss 2.7656 | Train Acc 24.83% | GradNorm 1.34
[LAL seed=1034] Epoch  20/200 | LR 0.100000 | Train Loss 2.0089 | Train Acc 39.94% | GradNorm 1.56
[LAL seed=1034] Epoch  30/200 | LR 0.100000 | Train Loss 1.4768 | Train Acc 50.78% | GradNorm 1.67
[LAL seed=1034] Epoch  40/200 | LR 0.100000 | Train Loss 1.1223 | Train Acc 59.44% | GradNorm 1.77
[LAL seed=1034] Epoch  50/200 | LR 0.100000 | Train Loss 0.8422 | Train Acc 67.14% | GradNorm 1.83
[LAL seed=1034] Epoch  60/200 | LR 0.100000 | Train Loss 0.6381 | Train Acc 74.63% | GradNorm 1.74
[LAL seed=1034] Epoch  70/200 | LR 0.100000 | Train Loss 0.5488 | Train Acc 77.47% | GradNorm 1.81
[LAL seed=1034] Epoch  80/200 | LR 0.100000 | Train Loss 0.4179 | Train Acc 82.34% | GradNorm 1.69
[LAL seed=1034] Epoch  90/200 | LR 0.100000 | Train Loss 0.3771 | Train Acc 82.97% | GradNorm 1.69
[LAL seed=1034] Epoch 100/200 | LR 0.100000 | Train Loss 0.2696 | Train Acc 87.60% | GradNorm 1.51
[LAL seed=1034] Epoch 110/200 | LR 0.100000 | Train Loss 0.3006 | Train Acc 86.98% | GradNorm 1.67
[LAL seed=1034] Epoch 120/200 | LR 0.100000 | Train Loss 0.2358 | Train Acc 89.38% | GradNorm 1.45
[LAL seed=1034] Epoch 130/200 | LR 0.100000 | Train Loss 0.2180 | Train Acc 90.32% | GradNorm 1.46
[LAL seed=1034] Epoch 140/200 | LR 0.100000 | Train Loss 0.2035 | Train Acc 90.79% | GradNorm 1.44
[LAL seed=1034] Epoch 150/200 | LR 0.100000 | Train Loss 0.2346 | Train Acc 89.72% | GradNorm 1.54
[LAL seed=1034] Epoch 160/200 | LR 0.100000 | Train Loss 0.2484 | Train Acc 88.40% | GradNorm 1.58
[LAL seed=1034] Epoch 170/200 | LR 0.001000 | Train Loss 0.0662 | Train Acc 97.36% | GradNorm 0.68
[LAL seed=1034] Epoch 180/200 | LR 0.001000 | Train Loss 0.0447 | Train Acc 97.93% | GradNorm 0.50
[LAL seed=1034] Epoch 190/200 | LR 0.000010 | Train Loss 0.0472 | Train Acc 98.29% | GradNorm 0.54
[LAL] checkpoint -> LAL_seed1034_final.pt
[LAL seed=1034] Epoch 200/200 | LR 0.000010 | Train Loss 0.0432 | Train Acc 98.32% | GradNorm 0.50
[LAL seed=1034] done in 656s (200 epochs, final-epoch model is the reported model)
History saved to /kaggle/working/rs3/runs/ridge_sinkhorn_3seed_v1/attempts/inner/logit_adjusted/seed_1034/outer_1/inner_0/20260928T171951.985317Z-176aac7f28e8/expert_LAL/seed_1034/outer_1/inner_0/training_history.json
Loaded checkpoint from /kaggle/working/rs3/runs/ridge_sinkhorn_3seed_v1/attempts/inner/logit_adjusted/seed_1034/outer_1/inner_0/20260928T171951.985317Z-176aac7f28e8/expert_LAL/seed_1034/outer_1/inner_0/checkpoints/LAL_seed1034_final.pt (epoch 200, seed 1034)
[LongTailCIFAR100] Val set created:
  Total samples          : 2,170
  Head class (0) count   : 100
  Tail class (99) count  : 1
  Target imbalance ratio : 100.0
  Achieved IR            : 100.00
  Augmentations           : No
