[LongTailCIFAR100] Train set created:
  Total samples          : 6,508
  Head class (0) count   : 300
  Tail class (99) count  : 3
  Target imbalance ratio : 100.0
  Achieved IR            : 100.00
  Augmentations           : Yes
[BalancedSoftmax seed=1034] Epoch   1/200 | LR 0.020000 | Train Loss 4.2880 | Train Acc 3.04% | GradNorm 3.33
[BalancedSoftmax seed=1034] Epoch  10/200 | LR 0.100000 | Train Loss 2.6922 | Train Acc 25.81% | GradNorm 1.39
[BalancedSoftmax seed=1034] Epoch  20/200 | LR 0.100000 | Train Loss 1.9923 | Train Acc 40.49% | GradNorm 1.58
[BalancedSoftmax seed=1034] Epoch  30/200 | LR 0.100000 | Train Loss 1.4677 | Train Acc 51.06% | GradNorm 1.72
[BalancedSoftmax seed=1034] Epoch  40/200 | LR 0.100000 | Train Loss 1.1347 | Train Acc 59.04% | GradNorm 1.81
[BalancedSoftmax seed=1034] Epoch  50/200 | LR 0.100000 | Train Loss 0.8781 | Train Acc 67.10% | GradNorm 1.85
[BalancedSoftmax seed=1034] Epoch  60/200 | LR 0.100000 | Train Loss 0.6621 | Train Acc 73.39% | GradNorm 1.82
[BalancedSoftmax seed=1034] Epoch  70/200 | LR 0.100000 | Train Loss 0.5462 | Train Acc 77.77% | GradNorm 1.81
[BalancedSoftmax seed=1034] Epoch  80/200 | LR 0.100000 | Train Loss 0.4240 | Train Acc 81.84% | GradNorm 1.73
[BalancedSoftmax seed=1034] Epoch  90/200 | LR 0.100000 | Train Loss 0.3757 | Train Acc 84.08% | GradNorm 1.70
[BalancedSoftmax seed=1034] Epoch 100/200 | LR 0.100000 | Train Loss 0.3177 | Train Acc 86.09% | GradNorm 1.61
[BalancedSoftmax seed=1034] Epoch 110/200 | LR 0.100000 | Train Loss 0.2853 | Train Acc 86.83% | GradNorm 1.56
[BalancedSoftmax seed=1034] Epoch 120/200 | LR 0.100000 | Train Loss 0.2637 | Train Acc 88.60% | GradNorm 1.56
[BalancedSoftmax seed=1034] Epoch 130/200 | LR 0.100000 | Train Loss 0.2304 | Train Acc 89.52% | GradNorm 1.51
[BalancedSoftmax seed=1034] Epoch 140/200 | LR 0.100000 | Train Loss 0.2676 | Train Acc 88.17% | GradNorm 1.63
[BalancedSoftmax seed=1034] Epoch 150/200 | LR 0.100000 | Train Loss 0.2848 | Train Acc 87.88% | GradNorm 1.65
[BalancedSoftmax seed=1034] Epoch 160/200 | LR 0.100000 | Train Loss 0.1985 | Train Acc 91.43% | GradNorm 1.46
[BalancedSoftmax seed=1034] Epoch 170/200 | LR 0.001000 | Train Loss 0.0670 | Train Acc 97.56% | GradNorm 0.71
[BalancedSoftmax seed=1034] Epoch 180/200 | LR 0.001000 | Train Loss 0.0467 | Train Acc 98.05% | GradNorm 0.56
[BalancedSoftmax seed=1034] Epoch 190/200 | LR 0.000010 | Train Loss 0.0430 | Train Acc 98.42% | GradNorm 0.50
[BalancedSoftmax] checkpoint -> BalancedSoftmax_seed1034_final.pt
[BalancedSoftmax seed=1034] Epoch 200/200 | LR 0.000010 | Train Loss 0.0456 | Train Acc 98.22% | GradNorm 0.54
[BalancedSoftmax seed=1034] done in 675s (200 epochs, final-epoch model is the reported model)
History saved to /kaggle/working/rs3/runs/ridge_sinkhorn_3seed_v1/attempts/inner/balanced_softmax/seed_1034/outer_4/inner_1/20260929T012039.724189Z-37eedc51304f/expert_BalancedSoftmax/seed_1034/outer_4/inner_1/training_history.json
Loaded checkpoint from /kaggle/working/rs3/runs/ridge_sinkhorn_3seed_v1/attempts/inner/balanced_softmax/seed_1034/outer_4/inner_1/20260929T012039.724189Z-37eedc51304f/expert_BalancedSoftmax/seed_1034/outer_4/inner_1/checkpoints/BalancedSoftmax_seed1034_final.pt (epoch 200, seed 1034)
[LongTailCIFAR100] Val set created:
  Total samples          : 2,170
  Head class (0) count   : 100
  Tail class (99) count  : 1
  Target imbalance ratio : 100.0
  Achieved IR            : 100.00
  Augmentations           : No
