[LongTailCIFAR100] Train set created:
  Total samples          : 6,509
  Head class (0) count   : 300
  Tail class (99) count  : 3
  Target imbalance ratio : 100.0
  Achieved IR            : 100.00
  Augmentations           : Yes
[BalancedSoftmax seed=88] Epoch   1/200 | LR 0.020000 | Train Loss 4.2510 | Train Acc 1.98% | GradNorm 2.89
[BalancedSoftmax seed=88] Epoch  10/200 | LR 0.100000 | Train Loss 2.8357 | Train Acc 24.06% | GradNorm 1.32
[BalancedSoftmax seed=88] Epoch  20/200 | LR 0.100000 | Train Loss 2.0776 | Train Acc 37.92% | GradNorm 1.53
[BalancedSoftmax seed=88] Epoch  30/200 | LR 0.100000 | Train Loss 1.5466 | Train Acc 49.27% | GradNorm 1.68
[BalancedSoftmax seed=88] Epoch  40/200 | LR 0.100000 | Train Loss 1.1474 | Train Acc 60.01% | GradNorm 1.74
[BalancedSoftmax seed=88] Epoch  50/200 | LR 0.100000 | Train Loss 0.9022 | Train Acc 66.43% | GradNorm 1.82
[BalancedSoftmax seed=88] Epoch  60/200 | LR 0.100000 | Train Loss 0.7079 | Train Acc 71.89% | GradNorm 1.81
[BalancedSoftmax seed=88] Epoch  70/200 | LR 0.100000 | Train Loss 0.5573 | Train Acc 77.00% | GradNorm 1.79
[BalancedSoftmax seed=88] Epoch  80/200 | LR 0.100000 | Train Loss 0.4454 | Train Acc 81.44% | GradNorm 1.73
[BalancedSoftmax seed=88] Epoch  90/200 | LR 0.100000 | Train Loss 0.3662 | Train Acc 84.39% | GradNorm 1.63
[BalancedSoftmax seed=88] Epoch 100/200 | LR 0.100000 | Train Loss 0.3317 | Train Acc 84.85% | GradNorm 1.65
[BalancedSoftmax seed=88] Epoch 110/200 | LR 0.100000 | Train Loss 0.2413 | Train Acc 89.37% | GradNorm 1.47
[BalancedSoftmax seed=88] Epoch 120/200 | LR 0.100000 | Train Loss 0.2647 | Train Acc 88.72% | GradNorm 1.51
[BalancedSoftmax seed=88] Epoch 130/200 | LR 0.100000 | Train Loss 0.2542 | Train Acc 88.68% | GradNorm 1.54
[BalancedSoftmax seed=88] Epoch 140/200 | LR 0.100000 | Train Loss 0.2130 | Train Acc 90.87% | GradNorm 1.40
[BalancedSoftmax seed=88] Epoch 150/200 | LR 0.100000 | Train Loss 0.2547 | Train Acc 88.69% | GradNorm 1.58
[BalancedSoftmax seed=88] Epoch 160/200 | LR 0.100000 | Train Loss 0.2256 | Train Acc 89.97% | GradNorm 1.51
[BalancedSoftmax seed=88] Epoch 170/200 | LR 0.001000 | Train Loss 0.0585 | Train Acc 97.16% | GradNorm 0.64
[BalancedSoftmax seed=88] Epoch 180/200 | LR 0.001000 | Train Loss 0.0415 | Train Acc 98.09% | GradNorm 0.50
[BalancedSoftmax seed=88] Epoch 190/200 | LR 0.000010 | Train Loss 0.0440 | Train Acc 98.13% | GradNorm 0.52
[BalancedSoftmax] checkpoint -> BalancedSoftmax_seed88_final.pt
[BalancedSoftmax seed=88] Epoch 200/200 | LR 0.000010 | Train Loss 0.0438 | Train Acc 97.86% | GradNorm 0.52
[BalancedSoftmax seed=88] done in 689s (200 epochs, final-epoch model is the reported model)
History saved to /kaggle/working/rs3/runs/ridge_sinkhorn_3seed_v1/attempts/inner/balanced_softmax/seed_88/outer_2/inner_2/20260930T072113.812034Z-c097089289ec/expert_BalancedSoftmax/seed_88/outer_2/inner_2/training_history.json
Loaded checkpoint from /kaggle/working/rs3/runs/ridge_sinkhorn_3seed_v1/attempts/inner/balanced_softmax/seed_88/outer_2/inner_2/20260930T072113.812034Z-c097089289ec/expert_BalancedSoftmax/seed_88/outer_2/inner_2/checkpoints/BalancedSoftmax_seed88_final.pt (epoch 200, seed 88)
[LongTailCIFAR100] Val set created:
  Total samples          : 2,169
  Head class (0) count   : 100
  Tail class (99) count  : 1
  Target imbalance ratio : 100.0
  Achieved IR            : 100.00
  Augmentations           : No
