[LongTailCIFAR100] Train set created:
  Total samples          : 6,509
  Head class (0) count   : 300
  Tail class (99) count  : 3
  Target imbalance ratio : 100.0
  Achieved IR            : 100.00
  Augmentations           : Yes
[LAL seed=88] Epoch   1/200 | LR 0.020000 | Train Loss 4.2620 | Train Acc 1.52% | GradNorm 2.91
[LAL seed=88] Epoch  10/200 | LR 0.100000 | Train Loss 2.7891 | Train Acc 24.37% | GradNorm 1.32
[LAL seed=88] Epoch  20/200 | LR 0.100000 | Train Loss 2.0291 | Train Acc 39.35% | GradNorm 1.49
[LAL seed=88] Epoch  30/200 | LR 0.100000 | Train Loss 1.5250 | Train Acc 50.13% | GradNorm 1.68
[LAL seed=88] Epoch  40/200 | LR 0.100000 | Train Loss 1.2088 | Train Acc 58.43% | GradNorm 1.79
[LAL seed=88] Epoch  50/200 | LR 0.100000 | Train Loss 0.8974 | Train Acc 66.05% | GradNorm 1.76
[LAL seed=88] Epoch  60/200 | LR 0.100000 | Train Loss 0.6938 | Train Acc 72.12% | GradNorm 1.75
[LAL seed=88] Epoch  70/200 | LR 0.100000 | Train Loss 0.5752 | Train Acc 76.56% | GradNorm 1.78
[LAL seed=88] Epoch  80/200 | LR 0.100000 | Train Loss 0.4115 | Train Acc 82.26% | GradNorm 1.62
[LAL seed=88] Epoch  90/200 | LR 0.100000 | Train Loss 0.4106 | Train Acc 82.58% | GradNorm 1.75
[LAL seed=88] Epoch 100/200 | LR 0.100000 | Train Loss 0.2891 | Train Acc 87.31% | GradNorm 1.51
[LAL seed=88] Epoch 110/200 | LR 0.100000 | Train Loss 0.2936 | Train Acc 86.97% | GradNorm 1.60
[LAL seed=88] Epoch 120/200 | LR 0.100000 | Train Loss 0.3061 | Train Acc 86.51% | GradNorm 1.65
[LAL seed=88] Epoch 130/200 | LR 0.100000 | Train Loss 0.2909 | Train Acc 87.96% | GradNorm 1.64
[LAL seed=88] Epoch 140/200 | LR 0.100000 | Train Loss 0.2551 | Train Acc 88.39% | GradNorm 1.55
[LAL seed=88] Epoch 150/200 | LR 0.100000 | Train Loss 0.2948 | Train Acc 87.51% | GradNorm 1.74
[LAL seed=88] Epoch 160/200 | LR 0.100000 | Train Loss 0.2382 | Train Acc 89.74% | GradNorm 1.56
[LAL seed=88] Epoch 170/200 | LR 0.001000 | Train Loss 0.0656 | Train Acc 97.31% | GradNorm 0.66
[LAL seed=88] Epoch 180/200 | LR 0.001000 | Train Loss 0.0430 | Train Acc 98.48% | GradNorm 0.49
[LAL seed=88] Epoch 190/200 | LR 0.000010 | Train Loss 0.0472 | Train Acc 98.08% | GradNorm 0.52
[LAL] checkpoint -> LAL_seed88_final.pt
[LAL seed=88] Epoch 200/200 | LR 0.000010 | Train Loss 0.0459 | Train Acc 98.17% | GradNorm 0.53
[LAL seed=88] done in 689s (200 epochs, final-epoch model is the reported model)
History saved to /kaggle/working/rs3/runs/ridge_sinkhorn_3seed_v1/attempts/inner/logit_adjusted/seed_88/outer_2/inner_2/20260928T191413.651614Z-9a8a540bd050/expert_LAL/seed_88/outer_2/inner_2/training_history.json
Loaded checkpoint from /kaggle/working/rs3/runs/ridge_sinkhorn_3seed_v1/attempts/inner/logit_adjusted/seed_88/outer_2/inner_2/20260928T191413.651614Z-9a8a540bd050/expert_LAL/seed_88/outer_2/inner_2/checkpoints/LAL_seed88_final.pt (epoch 200, seed 88)
[LongTailCIFAR100] Val set created:
  Total samples          : 2,169
  Head class (0) count   : 100
  Tail class (99) count  : 1
  Target imbalance ratio : 100.0
  Achieved IR            : 100.00
  Augmentations           : No
