[LongTailCIFAR100] Train set created:
  Total samples          : 6,509
  Head class (0) count   : 300
  Tail class (99) count  : 3
  Target imbalance ratio : 100.0
  Achieved IR            : 100.00
  Augmentations           : Yes
[Mixup seed=78] Epoch   1/200 | LR 0.020000 | Train Loss 4.4196 | GradNorm 2.54
[Mixup seed=78] Epoch  10/200 | LR 0.100000 | Train Loss 3.4820 | GradNorm 0.89
[Mixup seed=78] Epoch  20/200 | LR 0.100000 | Train Loss 3.1716 | GradNorm 0.98
[Mixup seed=78] Epoch  30/200 | LR 0.100000 | Train Loss 2.9024 | GradNorm 1.07
[Mixup seed=78] Epoch  40/200 | LR 0.100000 | Train Loss 2.7375 | GradNorm 1.12
[Mixup seed=78] Epoch  50/200 | LR 0.100000 | Train Loss 2.5808 | GradNorm 1.16
[Mixup seed=78] Epoch  60/200 | LR 0.100000 | Train Loss 2.4688 | GradNorm 1.17
[Mixup seed=78] Epoch  70/200 | LR 0.100000 | Train Loss 2.3318 | GradNorm 1.21
[Mixup seed=78] Epoch  80/200 | LR 0.100000 | Train Loss 2.1514 | GradNorm 1.23
[Mixup seed=78] Epoch  90/200 | LR 0.100000 | Train Loss 2.2543 | GradNorm 1.21
[Mixup seed=78] Epoch 100/200 | LR 0.100000 | Train Loss 2.3255 | GradNorm 1.25
[Mixup seed=78] Epoch 110/200 | LR 0.100000 | Train Loss 2.1941 | GradNorm 1.25
[Mixup seed=78] Epoch 120/200 | LR 0.100000 | Train Loss 2.0515 | GradNorm 1.21
[Mixup seed=78] Epoch 130/200 | LR 0.100000 | Train Loss 2.2808 | GradNorm 1.26
[Mixup seed=78] Epoch 140/200 | LR 0.100000 | Train Loss 1.8966 | GradNorm 1.20
[Mixup seed=78] Epoch 150/200 | LR 0.100000 | Train Loss 2.1374 | GradNorm 1.24
[Mixup seed=78] Epoch 160/200 | LR 0.100000 | Train Loss 2.1581 | GradNorm 1.25
[Mixup seed=78] Epoch 170/200 | LR 0.001000 | Train Loss 1.7274 | GradNorm 1.03
[Mixup seed=78] Epoch 180/200 | LR 0.001000 | Train Loss 1.7129 | GradNorm 1.01
[Mixup seed=78] Epoch 190/200 | LR 0.000010 | Train Loss 1.7626 | GradNorm 1.01
[Mixup] checkpoint -> Mixup_seed78_final.pt
[Mixup seed=78] Epoch 200/200 | LR 0.000010 | Train Loss 1.8859 | GradNorm 1.06
[Mixup seed=78] done in 684s (200 epochs, final-epoch model is the reported model)
History saved to /kaggle/working/rs3/runs/ridge_sinkhorn_3seed_v1/attempts/inner/mixup/seed_78/outer_3/inner_3/20260930T202044.166289Z-96511de62a30/expert_Mixup/seed_78/outer_3/inner_3/training_history.json
Loaded checkpoint from /kaggle/working/rs3/runs/ridge_sinkhorn_3seed_v1/attempts/inner/mixup/seed_78/outer_3/inner_3/20260930T202044.166289Z-96511de62a30/expert_Mixup/seed_78/outer_3/inner_3/checkpoints/Mixup_seed78_final.pt (epoch 200, seed 78)
[LongTailCIFAR100] Val set created:
  Total samples          : 2,169
  Head class (0) count   : 100
  Tail class (99) count  : 1
  Target imbalance ratio : 100.0
  Achieved IR            : 100.00
  Augmentations           : No
