[LongTailCIFAR100] Train set created:
  Total samples          : 6,509
  Head class (0) count   : 300
  Tail class (99) count  : 3
  Target imbalance ratio : 100.0
  Achieved IR            : 100.00
  Augmentations           : Yes
[CE seed=88] Epoch   1/200 | LR 0.020000 | Train Loss 4.2622 | Train Acc 7.88% | GradNorm 2.90
[CE seed=88] Epoch  10/200 | LR 0.100000 | Train Loss 2.8254 | Train Acc 29.99% | GradNorm 1.28
[CE seed=88] Epoch  20/200 | LR 0.100000 | Train Loss 2.1289 | Train Acc 43.63% | GradNorm 1.51
[CE seed=88] Epoch  30/200 | LR 0.100000 | Train Loss 1.5800 | Train Acc 56.38% | GradNorm 1.65
[CE seed=88] Epoch  40/200 | LR 0.100000 | Train Loss 1.2206 | Train Acc 64.33% | GradNorm 1.76
[CE seed=88] Epoch  50/200 | LR 0.100000 | Train Loss 0.9405 | Train Acc 71.81% | GradNorm 1.83
[CE seed=88] Epoch  60/200 | LR 0.100000 | Train Loss 0.7357 | Train Acc 77.19% | GradNorm 1.88
[CE seed=88] Epoch  70/200 | LR 0.100000 | Train Loss 0.5460 | Train Acc 82.82% | GradNorm 1.74
[CE seed=88] Epoch  80/200 | LR 0.100000 | Train Loss 0.4531 | Train Acc 85.90% | GradNorm 1.69
[CE seed=88] Epoch  90/200 | LR 0.100000 | Train Loss 0.4285 | Train Acc 86.34% | GradNorm 1.75
[CE seed=88] Epoch 100/200 | LR 0.100000 | Train Loss 0.3815 | Train Acc 87.83% | GradNorm 1.66
[CE seed=88] Epoch 110/200 | LR 0.100000 | Train Loss 0.2414 | Train Acc 92.61% | GradNorm 1.42
[CE seed=88] Epoch 120/200 | LR 0.100000 | Train Loss 0.2821 | Train Acc 90.87% | GradNorm 1.61
[CE seed=88] Epoch 130/200 | LR 0.100000 | Train Loss 0.2444 | Train Acc 92.76% | GradNorm 1.49
[CE seed=88] Epoch 140/200 | LR 0.100000 | Train Loss 0.3353 | Train Acc 89.32% | GradNorm 1.83
[CE seed=88] Epoch 150/200 | LR 0.100000 | Train Loss 0.2491 | Train Acc 92.12% | GradNorm 1.53
[CE seed=88] Epoch 160/200 | LR 0.100000 | Train Loss 0.2110 | Train Acc 93.69% | GradNorm 1.46
[CE seed=88] Epoch 170/200 | LR 0.001000 | Train Loss 0.0634 | Train Acc 98.66% | GradNorm 0.64
[CE seed=88] Epoch 180/200 | LR 0.001000 | Train Loss 0.0448 | Train Acc 99.37% | GradNorm 0.50
[CE seed=88] Epoch 190/200 | LR 0.000010 | Train Loss 0.0451 | Train Acc 99.43% | GradNorm 0.51
[CE] checkpoint -> CE_seed88_final.pt
[CE seed=88] Epoch 200/200 | LR 0.000010 | Train Loss 0.0474 | Train Acc 99.17% | GradNorm 0.53
[CE seed=88] done in 687s (200 epochs, final-epoch model is the reported model)
History saved to /kaggle/working/rs3/runs/ridge_sinkhorn_3seed_v1/attempts/inner/ce/seed_88/outer_4/inner_3/20260929T174529.248451Z-c00c493443b3/expert_CE/seed_88/outer_4/inner_3/training_history.json
Loaded checkpoint from /kaggle/working/rs3/runs/ridge_sinkhorn_3seed_v1/attempts/inner/ce/seed_88/outer_4/inner_3/20260929T174529.248451Z-c00c493443b3/expert_CE/seed_88/outer_4/inner_3/checkpoints/CE_seed88_final.pt (epoch 200, seed 88)
[LongTailCIFAR100] Val set created:
  Total samples          : 2,169
  Head class (0) count   : 100
  Tail class (99) count  : 1
  Target imbalance ratio : 100.0
  Achieved IR            : 100.00
  Augmentations           : No
