[LongTailCIFAR100] Train set created:
  Total samples          : 6,508
  Head class (0) count   : 300
  Tail class (99) count  : 3
  Target imbalance ratio : 100.0
  Achieved IR            : 100.00
  Augmentations           : Yes
[BalancedSoftmax seed=88] Epoch   1/200 | LR 0.020000 | Train Loss 4.2585 | Train Acc 2.46% | GradNorm 2.88
[BalancedSoftmax seed=88] Epoch  10/200 | LR 0.100000 | Train Loss 2.7823 | Train Acc 23.51% | GradNorm 1.35
[BalancedSoftmax seed=88] Epoch  20/200 | LR 0.100000 | Train Loss 2.0640 | Train Acc 38.54% | GradNorm 1.49
[BalancedSoftmax seed=88] Epoch  30/200 | LR 0.100000 | Train Loss 1.5550 | Train Acc 48.66% | GradNorm 1.65
[BalancedSoftmax seed=88] Epoch  40/200 | LR 0.100000 | Train Loss 1.1963 | Train Acc 58.57% | GradNorm 1.76
[BalancedSoftmax seed=88] Epoch  50/200 | LR 0.100000 | Train Loss 0.9340 | Train Acc 64.51% | GradNorm 1.82
[BalancedSoftmax seed=88] Epoch  60/200 | LR 0.100000 | Train Loss 0.6930 | Train Acc 72.39% | GradNorm 1.74
[BalancedSoftmax seed=88] Epoch  70/200 | LR 0.100000 | Train Loss 0.5461 | Train Acc 77.29% | GradNorm 1.75
[BalancedSoftmax seed=88] Epoch  80/200 | LR 0.100000 | Train Loss 0.4214 | Train Acc 82.07% | GradNorm 1.63
[BalancedSoftmax seed=88] Epoch  90/200 | LR 0.100000 | Train Loss 0.3906 | Train Acc 82.93% | GradNorm 1.66
[BalancedSoftmax seed=88] Epoch 100/200 | LR 0.100000 | Train Loss 0.3380 | Train Acc 85.16% | GradNorm 1.63
[BalancedSoftmax seed=88] Epoch 110/200 | LR 0.100000 | Train Loss 0.3203 | Train Acc 86.26% | GradNorm 1.65
[BalancedSoftmax seed=88] Epoch 120/200 | LR 0.100000 | Train Loss 0.2676 | Train Acc 88.09% | GradNorm 1.50
[BalancedSoftmax seed=88] Epoch 130/200 | LR 0.100000 | Train Loss 0.2576 | Train Acc 88.68% | GradNorm 1.51
[BalancedSoftmax seed=88] Epoch 140/200 | LR 0.100000 | Train Loss 0.2114 | Train Acc 90.40% | GradNorm 1.44
[BalancedSoftmax seed=88] Epoch 150/200 | LR 0.100000 | Train Loss 0.2141 | Train Acc 90.20% | GradNorm 1.43
[BalancedSoftmax seed=88] Epoch 160/200 | LR 0.100000 | Train Loss 0.2682 | Train Acc 87.98% | GradNorm 1.64
[BalancedSoftmax seed=88] Epoch 170/200 | LR 0.001000 | Train Loss 0.0734 | Train Acc 96.90% | GradNorm 0.70
[BalancedSoftmax seed=88] Epoch 180/200 | LR 0.001000 | Train Loss 0.0546 | Train Acc 97.48% | GradNorm 0.58
[BalancedSoftmax seed=88] Epoch 190/200 | LR 0.000010 | Train Loss 0.0488 | Train Acc 97.94% | GradNorm 0.52
[BalancedSoftmax] checkpoint -> BalancedSoftmax_seed88_final.pt
[BalancedSoftmax seed=88] Epoch 200/200 | LR 0.000010 | Train Loss 0.0535 | Train Acc 97.56% | GradNorm 0.55
[BalancedSoftmax seed=88] done in 667s (200 epochs, final-epoch model is the reported model)
History saved to /kaggle/working/rs3/runs/ridge_sinkhorn_3seed_v1/attempts/inner/balanced_softmax/seed_88/outer_0/inner_2/20260928T103702.297572Z-eb4a2f00c7e1/expert_BalancedSoftmax/seed_88/outer_0/inner_2/training_history.json
Loaded checkpoint from /kaggle/working/rs3/runs/ridge_sinkhorn_3seed_v1/attempts/inner/balanced_softmax/seed_88/outer_0/inner_2/20260928T103702.297572Z-eb4a2f00c7e1/expert_BalancedSoftmax/seed_88/outer_0/inner_2/checkpoints/BalancedSoftmax_seed88_final.pt (epoch 200, seed 88)
[LongTailCIFAR100] Val set created:
  Total samples          : 2,169
  Head class (0) count   : 100
  Tail class (99) count  : 1
  Target imbalance ratio : 100.0
  Achieved IR            : 100.00
  Augmentations           : No
