[LongTailCIFAR100] Train set created:
  Total samples          : 6,508
  Head class (0) count   : 300
  Tail class (99) count  : 3
  Target imbalance ratio : 100.0
  Achieved IR            : 100.00
  Augmentations           : Yes
[LAL seed=1034] Epoch   1/200 | LR 0.020000 | Train Loss 4.2663 | Train Acc 3.06% | GradNorm 3.22
[LAL seed=1034] Epoch  10/200 | LR 0.100000 | Train Loss 2.7617 | Train Acc 24.69% | GradNorm 1.34
[LAL seed=1034] Epoch  20/200 | LR 0.100000 | Train Loss 2.0279 | Train Acc 37.78% | GradNorm 1.51
[LAL seed=1034] Epoch  30/200 | LR 0.100000 | Train Loss 1.5043 | Train Acc 51.04% | GradNorm 1.65
[LAL seed=1034] Epoch  40/200 | LR 0.100000 | Train Loss 1.1196 | Train Acc 60.33% | GradNorm 1.79
[LAL seed=1034] Epoch  50/200 | LR 0.100000 | Train Loss 0.9116 | Train Acc 65.96% | GradNorm 1.88
[LAL seed=1034] Epoch  60/200 | LR 0.100000 | Train Loss 0.7151 | Train Acc 71.24% | GradNorm 1.84
[LAL seed=1034] Epoch  70/200 | LR 0.100000 | Train Loss 0.5657 | Train Acc 76.51% | GradNorm 1.83
[LAL seed=1034] Epoch  80/200 | LR 0.100000 | Train Loss 0.4456 | Train Acc 81.65% | GradNorm 1.71
[LAL seed=1034] Epoch  90/200 | LR 0.100000 | Train Loss 0.3628 | Train Acc 84.40% | GradNorm 1.66
[LAL seed=1034] Epoch 100/200 | LR 0.100000 | Train Loss 0.3216 | Train Acc 85.85% | GradNorm 1.61
[LAL seed=1034] Epoch 110/200 | LR 0.100000 | Train Loss 0.3102 | Train Acc 86.08% | GradNorm 1.61
[LAL seed=1034] Epoch 120/200 | LR 0.100000 | Train Loss 0.2691 | Train Acc 87.89% | GradNorm 1.59
[LAL seed=1034] Epoch 130/200 | LR 0.100000 | Train Loss 0.2482 | Train Acc 88.84% | GradNorm 1.53
[LAL seed=1034] Epoch 140/200 | LR 0.100000 | Train Loss 0.3186 | Train Acc 87.09% | GradNorm 1.73
[LAL seed=1034] Epoch 150/200 | LR 0.100000 | Train Loss 0.2014 | Train Acc 91.12% | GradNorm 1.44
[LAL seed=1034] Epoch 160/200 | LR 0.100000 | Train Loss 0.2480 | Train Acc 88.64% | GradNorm 1.64
[LAL seed=1034] Epoch 170/200 | LR 0.001000 | Train Loss 0.0684 | Train Acc 97.17% | GradNorm 0.70
[LAL seed=1034] Epoch 180/200 | LR 0.001000 | Train Loss 0.0490 | Train Acc 98.23% | GradNorm 0.55
[LAL seed=1034] Epoch 190/200 | LR 0.000010 | Train Loss 0.0464 | Train Acc 98.29% | GradNorm 0.55
[LAL] checkpoint -> LAL_seed1034_final.pt
[LAL seed=1034] Epoch 200/200 | LR 0.000010 | Train Loss 0.0444 | Train Acc 98.48% | GradNorm 0.50
[LAL seed=1034] done in 725s (200 epochs, final-epoch model is the reported model)
History saved to /kaggle/working/rs3/runs/ridge_sinkhorn_3seed_v1/attempts/inner/logit_adjusted/seed_1034/outer_1/inner_1/20260927T114014.496530Z-80f15ee46186/expert_LAL/seed_1034/outer_1/inner_1/training_history.json
Loaded checkpoint from /kaggle/working/rs3/runs/ridge_sinkhorn_3seed_v1/attempts/inner/logit_adjusted/seed_1034/outer_1/inner_1/20260927T114014.496530Z-80f15ee46186/expert_LAL/seed_1034/outer_1/inner_1/checkpoints/LAL_seed1034_final.pt (epoch 200, seed 1034)
[LongTailCIFAR100] Val set created:
  Total samples          : 2,169
  Head class (0) count   : 100
  Tail class (99) count  : 1
  Target imbalance ratio : 100.0
  Achieved IR            : 100.00
  Augmentations           : No
