[LongTailCIFAR100] Train set created:
  Total samples          : 6,508
  Head class (0) count   : 300
  Tail class (99) count  : 3
  Target imbalance ratio : 100.0
  Achieved IR            : 100.00
  Augmentations           : Yes
[CE seed=1034] Epoch   1/200 | LR 0.020000 | Train Loss 4.3359 | Train Acc 7.58% | GradNorm 3.11
[CE seed=1034] Epoch  10/200 | LR 0.100000 | Train Loss 2.7305 | Train Acc 31.41% | GradNorm 1.34
[CE seed=1034] Epoch  20/200 | LR 0.100000 | Train Loss 1.9943 | Train Acc 46.99% | GradNorm 1.54
[CE seed=1034] Epoch  30/200 | LR 0.100000 | Train Loss 1.4775 | Train Acc 58.19% | GradNorm 1.70
[CE seed=1034] Epoch  40/200 | LR 0.100000 | Train Loss 1.1093 | Train Acc 67.87% | GradNorm 1.75
[CE seed=1034] Epoch  50/200 | LR 0.100000 | Train Loss 0.8550 | Train Acc 74.29% | GradNorm 1.83
[CE seed=1034] Epoch  60/200 | LR 0.100000 | Train Loss 0.6669 | Train Acc 79.07% | GradNorm 1.84
[CE seed=1034] Epoch  70/200 | LR 0.100000 | Train Loss 0.5342 | Train Acc 83.33% | GradNorm 1.77
[CE seed=1034] Epoch  80/200 | LR 0.100000 | Train Loss 0.4472 | Train Acc 86.17% | GradNorm 1.74
[CE seed=1034] Epoch  90/200 | LR 0.100000 | Train Loss 0.3415 | Train Acc 89.26% | GradNorm 1.58
[CE seed=1034] Epoch 100/200 | LR 0.100000 | Train Loss 0.3071 | Train Acc 90.26% | GradNorm 1.60
[CE seed=1034] Epoch 110/200 | LR 0.100000 | Train Loss 0.2902 | Train Acc 90.81% | GradNorm 1.61
[CE seed=1034] Epoch 120/200 | LR 0.100000 | Train Loss 0.3195 | Train Acc 90.44% | GradNorm 1.71
[CE seed=1034] Epoch 130/200 | LR 0.100000 | Train Loss 0.2624 | Train Acc 92.06% | GradNorm 1.58
[CE seed=1034] Epoch 140/200 | LR 0.100000 | Train Loss 0.2327 | Train Acc 92.85% | GradNorm 1.47
[CE seed=1034] Epoch 150/200 | LR 0.100000 | Train Loss 0.2477 | Train Acc 92.12% | GradNorm 1.55
[CE seed=1034] Epoch 160/200 | LR 0.100000 | Train Loss 0.2606 | Train Acc 91.64% | GradNorm 1.66
[CE seed=1034] Epoch 170/200 | LR 0.001000 | Train Loss 0.0717 | Train Acc 98.56% | GradNorm 0.69
[CE seed=1034] Epoch 180/200 | LR 0.001000 | Train Loss 0.0515 | Train Acc 98.99% | GradNorm 0.59
[CE seed=1034] Epoch 190/200 | LR 0.000010 | Train Loss 0.0484 | Train Acc 99.19% | GradNorm 0.55
[CE] checkpoint -> CE_seed1034_final.pt
[CE seed=1034] Epoch 200/200 | LR 0.000010 | Train Loss 0.0485 | Train Acc 99.23% | GradNorm 0.56
[CE seed=1034] done in 727s (200 epochs, final-epoch model is the reported model)
History saved to /kaggle/working/rs3/runs/ridge_sinkhorn_3seed_v1/attempts/inner/ce/seed_1034/outer_0/inner_1/20260927T081400.676707Z-d05789068b2a/expert_CE/seed_1034/outer_0/inner_1/training_history.json
Loaded checkpoint from /kaggle/working/rs3/runs/ridge_sinkhorn_3seed_v1/attempts/inner/ce/seed_1034/outer_0/inner_1/20260927T081400.676707Z-d05789068b2a/expert_CE/seed_1034/outer_0/inner_1/checkpoints/CE_seed1034_final.pt (epoch 200, seed 1034)
[LongTailCIFAR100] Val set created:
  Total samples          : 2,169
  Head class (0) count   : 100
  Tail class (99) count  : 1
  Target imbalance ratio : 100.0
  Achieved IR            : 100.00
  Augmentations           : No
