[LongTailCIFAR100] Train set created:
  Total samples          : 6,509
  Head class (0) count   : 300
  Tail class (99) count  : 3
  Target imbalance ratio : 100.0
  Achieved IR            : 100.00
  Augmentations           : Yes
[CE seed=1034] Epoch   1/200 | LR 0.020000 | Train Loss 4.3233 | Train Acc 8.31% | GradNorm 3.48
[CE seed=1034] Epoch  10/200 | LR 0.100000 | Train Loss 2.6616 | Train Acc 32.85% | GradNorm 1.42
[CE seed=1034] Epoch  20/200 | LR 0.100000 | Train Loss 1.8804 | Train Acc 48.89% | GradNorm 1.57
[CE seed=1034] Epoch  30/200 | LR 0.100000 | Train Loss 1.4321 | Train Acc 59.99% | GradNorm 1.71
[CE seed=1034] Epoch  40/200 | LR 0.100000 | Train Loss 1.0504 | Train Acc 69.03% | GradNorm 1.80
[CE seed=1034] Epoch  50/200 | LR 0.100000 | Train Loss 0.8282 | Train Acc 74.51% | GradNorm 1.83
[CE seed=1034] Epoch  60/200 | LR 0.100000 | Train Loss 0.6564 | Train Acc 79.87% | GradNorm 1.86
[CE seed=1034] Epoch  70/200 | LR 0.100000 | Train Loss 0.5206 | Train Acc 83.67% | GradNorm 1.78
[CE seed=1034] Epoch  80/200 | LR 0.100000 | Train Loss 0.3939 | Train Acc 87.56% | GradNorm 1.68
[CE seed=1034] Epoch  90/200 | LR 0.100000 | Train Loss 0.3895 | Train Acc 88.25% | GradNorm 1.73
[CE seed=1034] Epoch 100/200 | LR 0.100000 | Train Loss 0.2773 | Train Acc 91.70% | GradNorm 1.48
[CE seed=1034] Epoch 110/200 | LR 0.100000 | Train Loss 0.2476 | Train Acc 92.49% | GradNorm 1.45
[CE seed=1034] Epoch 120/200 | LR 0.100000 | Train Loss 0.2627 | Train Acc 91.84% | GradNorm 1.53
[CE seed=1034] Epoch 130/200 | LR 0.100000 | Train Loss 0.2891 | Train Acc 90.86% | GradNorm 1.69
[CE seed=1034] Epoch 140/200 | LR 0.100000 | Train Loss 0.2934 | Train Acc 90.55% | GradNorm 1.71
[CE seed=1034] Epoch 150/200 | LR 0.100000 | Train Loss 0.2313 | Train Acc 92.67% | GradNorm 1.61
[CE seed=1034] Epoch 160/200 | LR 0.100000 | Train Loss 0.1679 | Train Acc 94.58% | GradNorm 1.28
[CE seed=1034] Epoch 170/200 | LR 0.001000 | Train Loss 0.0525 | Train Acc 99.02% | GradNorm 0.60
[CE seed=1034] Epoch 180/200 | LR 0.001000 | Train Loss 0.0416 | Train Acc 99.35% | GradNorm 0.50
[CE seed=1034] Epoch 190/200 | LR 0.000010 | Train Loss 0.0372 | Train Acc 99.39% | GradNorm 0.44
[CE] checkpoint -> CE_seed1034_final.pt
[CE seed=1034] Epoch 200/200 | LR 0.000010 | Train Loss 0.0394 | Train Acc 99.39% | GradNorm 0.48
[CE seed=1034] done in 687s (200 epochs, final-epoch model is the reported model)
History saved to /kaggle/working/rs3/runs/ridge_sinkhorn_3seed_v1/attempts/inner/ce/seed_1034/outer_4/inner_2/20260929T144913.713025Z-bf95e558c4ee/expert_CE/seed_1034/outer_4/inner_2/training_history.json
Loaded checkpoint from /kaggle/working/rs3/runs/ridge_sinkhorn_3seed_v1/attempts/inner/ce/seed_1034/outer_4/inner_2/20260929T144913.713025Z-bf95e558c4ee/expert_CE/seed_1034/outer_4/inner_2/checkpoints/CE_seed1034_final.pt (epoch 200, seed 1034)
[LongTailCIFAR100] Val set created:
  Total samples          : 2,169
  Head class (0) count   : 100
  Tail class (99) count  : 1
  Target imbalance ratio : 100.0
  Achieved IR            : 100.00
  Augmentations           : No
