[LongTailCIFAR100] Train set created:
  Total samples          : 6,509
  Head class (0) count   : 300
  Tail class (99) count  : 3
  Target imbalance ratio : 100.0
  Achieved IR            : 100.00
  Augmentations           : Yes
[CE seed=88] Epoch   1/200 | LR 0.020000 | Train Loss 4.3094 | Train Acc 7.22% | GradNorm 3.01
[CE seed=88] Epoch  10/200 | LR 0.100000 | Train Loss 2.7927 | Train Acc 29.87% | GradNorm 1.32
[CE seed=88] Epoch  20/200 | LR 0.100000 | Train Loss 2.0553 | Train Acc 46.00% | GradNorm 1.49
[CE seed=88] Epoch  30/200 | LR 0.100000 | Train Loss 1.5356 | Train Acc 57.23% | GradNorm 1.67
[CE seed=88] Epoch  40/200 | LR 0.100000 | Train Loss 1.1646 | Train Acc 66.58% | GradNorm 1.73
[CE seed=88] Epoch  50/200 | LR 0.100000 | Train Loss 0.8850 | Train Acc 74.16% | GradNorm 1.83
[CE seed=88] Epoch  60/200 | LR 0.100000 | Train Loss 0.6615 | Train Acc 79.78% | GradNorm 1.80
[CE seed=88] Epoch  70/200 | LR 0.100000 | Train Loss 0.5236 | Train Acc 83.30% | GradNorm 1.73
[CE seed=88] Epoch  80/200 | LR 0.100000 | Train Loss 0.4838 | Train Acc 84.82% | GradNorm 1.76
[CE seed=88] Epoch  90/200 | LR 0.100000 | Train Loss 0.3519 | Train Acc 89.23% | GradNorm 1.58
[CE seed=88] Epoch 100/200 | LR 0.100000 | Train Loss 0.3460 | Train Acc 89.34% | GradNorm 1.67
[CE seed=88] Epoch 110/200 | LR 0.100000 | Train Loss 0.2968 | Train Acc 90.54% | GradNorm 1.60
[CE seed=88] Epoch 120/200 | LR 0.100000 | Train Loss 0.2990 | Train Acc 90.63% | GradNorm 1.66
[CE seed=88] Epoch 130/200 | LR 0.100000 | Train Loss 0.2614 | Train Acc 91.77% | GradNorm 1.54
[CE seed=88] Epoch 140/200 | LR 0.100000 | Train Loss 0.3086 | Train Acc 90.52% | GradNorm 1.74
[CE seed=88] Epoch 150/200 | LR 0.100000 | Train Loss 0.2102 | Train Acc 93.36% | GradNorm 1.43
[CE seed=88] Epoch 160/200 | LR 0.100000 | Train Loss 0.1814 | Train Acc 94.41% | GradNorm 1.35
[CE seed=88] Epoch 170/200 | LR 0.001000 | Train Loss 0.0588 | Train Acc 98.77% | GradNorm 0.66
[CE seed=88] Epoch 180/200 | LR 0.001000 | Train Loss 0.0418 | Train Acc 99.34% | GradNorm 0.50
[CE seed=88] Epoch 190/200 | LR 0.000010 | Train Loss 0.0373 | Train Acc 99.48% | GradNorm 0.46
[CE] checkpoint -> CE_seed88_final.pt
[CE seed=88] Epoch 200/200 | LR 0.000010 | Train Loss 0.0395 | Train Acc 99.42% | GradNorm 0.46
[CE seed=88] done in 688s (200 epochs, final-epoch model is the reported model)
History saved to /kaggle/working/rs3/runs/ridge_sinkhorn_3seed_v1/attempts/inner/ce/seed_88/outer_4/inner_2/20260929T172710.080523Z-13fb7ce3453e/expert_CE/seed_88/outer_4/inner_2/training_history.json
Loaded checkpoint from /kaggle/working/rs3/runs/ridge_sinkhorn_3seed_v1/attempts/inner/ce/seed_88/outer_4/inner_2/20260929T172710.080523Z-13fb7ce3453e/expert_CE/seed_88/outer_4/inner_2/checkpoints/CE_seed88_final.pt (epoch 200, seed 88)
[LongTailCIFAR100] Val set created:
  Total samples          : 2,169
  Head class (0) count   : 100
  Tail class (99) count  : 1
  Target imbalance ratio : 100.0
  Achieved IR            : 100.00
  Augmentations           : No
