[LongTailCIFAR100] Train set created:
  Total samples          : 6,509
  Head class (0) count   : 300
  Tail class (99) count  : 3
  Target imbalance ratio : 100.0
  Achieved IR            : 100.00
  Augmentations           : Yes
[LAL seed=88] Epoch   1/200 | LR 0.020000 | Train Loss 4.2666 | Train Acc 2.10% | GradNorm 2.99
[LAL seed=88] Epoch  10/200 | LR 0.100000 | Train Loss 2.7831 | Train Acc 24.86% | GradNorm 1.31
[LAL seed=88] Epoch  20/200 | LR 0.100000 | Train Loss 2.0796 | Train Acc 38.61% | GradNorm 1.46
[LAL seed=88] Epoch  30/200 | LR 0.100000 | Train Loss 1.5792 | Train Acc 49.69% | GradNorm 1.63
[LAL seed=88] Epoch  40/200 | LR 0.100000 | Train Loss 1.2187 | Train Acc 57.31% | GradNorm 1.72
[LAL seed=88] Epoch  50/200 | LR 0.100000 | Train Loss 0.9248 | Train Acc 65.11% | GradNorm 1.84
[LAL seed=88] Epoch  60/200 | LR 0.100000 | Train Loss 0.7359 | Train Acc 70.79% | GradNorm 1.80
[LAL seed=88] Epoch  70/200 | LR 0.100000 | Train Loss 0.5653 | Train Acc 77.11% | GradNorm 1.78
[LAL seed=88] Epoch  80/200 | LR 0.100000 | Train Loss 0.4479 | Train Acc 81.04% | GradNorm 1.70
[LAL seed=88] Epoch  90/200 | LR 0.100000 | Train Loss 0.4171 | Train Acc 82.64% | GradNorm 1.72
[LAL seed=88] Epoch 100/200 | LR 0.100000 | Train Loss 0.3238 | Train Acc 85.76% | GradNorm 1.62
[LAL seed=88] Epoch 110/200 | LR 0.100000 | Train Loss 0.3314 | Train Acc 85.60% | GradNorm 1.66
[LAL seed=88] Epoch 120/200 | LR 0.100000 | Train Loss 0.3627 | Train Acc 85.04% | GradNorm 1.84
[LAL seed=88] Epoch 130/200 | LR 0.100000 | Train Loss 0.2667 | Train Acc 88.48% | GradNorm 1.54
[LAL seed=88] Epoch 140/200 | LR 0.100000 | Train Loss 0.2262 | Train Acc 90.00% | GradNorm 1.51
[LAL seed=88] Epoch 150/200 | LR 0.100000 | Train Loss 0.2420 | Train Acc 89.32% | GradNorm 1.55
[LAL seed=88] Epoch 160/200 | LR 0.100000 | Train Loss 0.2046 | Train Acc 90.64% | GradNorm 1.45
[LAL seed=88] Epoch 170/200 | LR 0.001000 | Train Loss 0.0596 | Train Acc 97.17% | GradNorm 0.64
[LAL seed=88] Epoch 180/200 | LR 0.001000 | Train Loss 0.0438 | Train Acc 98.08% | GradNorm 0.50
[LAL seed=88] Epoch 190/200 | LR 0.000010 | Train Loss 0.0424 | Train Acc 98.16% | GradNorm 0.51
[LAL] checkpoint -> LAL_seed88_final.pt
[LAL seed=88] Epoch 200/200 | LR 0.000010 | Train Loss 0.0450 | Train Acc 98.00% | GradNorm 0.52
[LAL seed=88] done in 665s (200 epochs, final-epoch model is the reported model)
History saved to /kaggle/working/rs3/runs/ridge_sinkhorn_3seed_v1/attempts/inner/logit_adjusted/seed_88/outer_4/inner_2/20260928T041243.683809Z-2bb5d8532445/expert_LAL/seed_88/outer_4/inner_2/training_history.json
Loaded checkpoint from /kaggle/working/rs3/runs/ridge_sinkhorn_3seed_v1/attempts/inner/logit_adjusted/seed_88/outer_4/inner_2/20260928T041243.683809Z-2bb5d8532445/expert_LAL/seed_88/outer_4/inner_2/checkpoints/LAL_seed88_final.pt (epoch 200, seed 88)
[LongTailCIFAR100] Val set created:
  Total samples          : 2,169
  Head class (0) count   : 100
  Tail class (99) count  : 1
  Target imbalance ratio : 100.0
  Achieved IR            : 100.00
  Augmentations           : No
