[LongTailCIFAR100] Train set created:
  Total samples          : 6,508
  Head class (0) count   : 300
  Tail class (99) count  : 3
  Target imbalance ratio : 100.0
  Achieved IR            : 100.00
  Augmentations           : Yes
[BalancedSoftmax seed=78] Epoch   1/200 | LR 0.020000 | Train Loss 4.2724 | Train Acc 3.84% | GradNorm 3.01
[BalancedSoftmax seed=78] Epoch  10/200 | LR 0.100000 | Train Loss 2.7603 | Train Acc 25.14% | GradNorm 1.36
[BalancedSoftmax seed=78] Epoch  20/200 | LR 0.100000 | Train Loss 1.9581 | Train Acc 41.23% | GradNorm 1.54
[BalancedSoftmax seed=78] Epoch  30/200 | LR 0.100000 | Train Loss 1.4764 | Train Acc 51.72% | GradNorm 1.69
[BalancedSoftmax seed=78] Epoch  40/200 | LR 0.100000 | Train Loss 1.1007 | Train Acc 59.62% | GradNorm 1.79
[BalancedSoftmax seed=78] Epoch  50/200 | LR 0.100000 | Train Loss 0.8215 | Train Acc 68.24% | GradNorm 1.81
[BalancedSoftmax seed=78] Epoch  60/200 | LR 0.100000 | Train Loss 0.6621 | Train Acc 73.02% | GradNorm 1.82
[BalancedSoftmax seed=78] Epoch  70/200 | LR 0.100000 | Train Loss 0.5131 | Train Acc 78.27% | GradNorm 1.75
[BalancedSoftmax seed=78] Epoch  80/200 | LR 0.100000 | Train Loss 0.4066 | Train Acc 82.88% | GradNorm 1.66
[BalancedSoftmax seed=78] Epoch  90/200 | LR 0.100000 | Train Loss 0.4200 | Train Acc 82.22% | GradNorm 1.82
[BalancedSoftmax seed=78] Epoch 100/200 | LR 0.100000 | Train Loss 0.2784 | Train Acc 87.46% | GradNorm 1.53
[BalancedSoftmax seed=78] Epoch 110/200 | LR 0.100000 | Train Loss 0.2576 | Train Acc 88.44% | GradNorm 1.46
[BalancedSoftmax seed=78] Epoch 120/200 | LR 0.100000 | Train Loss 0.3012 | Train Acc 86.68% | GradNorm 1.68
[BalancedSoftmax seed=78] Epoch 130/200 | LR 0.100000 | Train Loss 0.2710 | Train Acc 87.85% | GradNorm 1.58
[BalancedSoftmax seed=78] Epoch 140/200 | LR 0.100000 | Train Loss 0.2230 | Train Acc 90.06% | GradNorm 1.48
[BalancedSoftmax seed=78] Epoch 150/200 | LR 0.100000 | Train Loss 0.2284 | Train Acc 89.92% | GradNorm 1.53
[BalancedSoftmax seed=78] Epoch 160/200 | LR 0.100000 | Train Loss 0.2410 | Train Acc 89.17% | GradNorm 1.64
[BalancedSoftmax seed=78] Epoch 170/200 | LR 0.001000 | Train Loss 0.0573 | Train Acc 97.43% | GradNorm 0.64
[BalancedSoftmax seed=78] Epoch 180/200 | LR 0.001000 | Train Loss 0.0429 | Train Acc 98.25% | GradNorm 0.51
[BalancedSoftmax seed=78] Epoch 190/200 | LR 0.000010 | Train Loss 0.0398 | Train Acc 98.59% | GradNorm 0.47
[BalancedSoftmax] checkpoint -> BalancedSoftmax_seed78_final.pt
[BalancedSoftmax seed=78] Epoch 200/200 | LR 0.000010 | Train Loss 0.0412 | Train Acc 98.48% | GradNorm 0.50
[BalancedSoftmax seed=78] done in 677s (200 epochs, final-epoch model is the reported model)
History saved to /kaggle/working/rs3/runs/ridge_sinkhorn_3seed_v1/attempts/inner/balanced_softmax/seed_78/outer_1/inner_2/20260929T021614.194566Z-be5777327946/expert_BalancedSoftmax/seed_78/outer_1/inner_2/training_history.json
Loaded checkpoint from /kaggle/working/rs3/runs/ridge_sinkhorn_3seed_v1/attempts/inner/balanced_softmax/seed_78/outer_1/inner_2/20260929T021614.194566Z-be5777327946/expert_BalancedSoftmax/seed_78/outer_1/inner_2/checkpoints/BalancedSoftmax_seed78_final.pt (epoch 200, seed 78)
[LongTailCIFAR100] Val set created:
  Total samples          : 2,169
  Head class (0) count   : 100
  Tail class (99) count  : 1
  Target imbalance ratio : 100.0
  Achieved IR            : 100.00
  Augmentations           : No
