[LongTailCIFAR100] Train set created:
  Total samples          : 6,508
  Head class (0) count   : 300
  Tail class (99) count  : 3
  Target imbalance ratio : 100.0
  Achieved IR            : 100.00
  Augmentations           : Yes
[Mixup seed=78] Epoch   1/200 | LR 0.020000 | Train Loss 4.4072 | GradNorm 2.53
[Mixup seed=78] Epoch  10/200 | LR 0.100000 | Train Loss 3.4458 | GradNorm 0.92
[Mixup seed=78] Epoch  20/200 | LR 0.100000 | Train Loss 3.0856 | GradNorm 0.99
[Mixup seed=78] Epoch  30/200 | LR 0.100000 | Train Loss 2.8384 | GradNorm 1.08
[Mixup seed=78] Epoch  40/200 | LR 0.100000 | Train Loss 2.6823 | GradNorm 1.09
[Mixup seed=78] Epoch  50/200 | LR 0.100000 | Train Loss 2.5581 | GradNorm 1.17
[Mixup seed=78] Epoch  60/200 | LR 0.100000 | Train Loss 2.4357 | GradNorm 1.19
[Mixup seed=78] Epoch  70/200 | LR 0.100000 | Train Loss 2.3124 | GradNorm 1.22
[Mixup seed=78] Epoch  80/200 | LR 0.100000 | Train Loss 2.1507 | GradNorm 1.24
[Mixup seed=78] Epoch  90/200 | LR 0.100000 | Train Loss 2.2138 | GradNorm 1.24
[Mixup seed=78] Epoch 100/200 | LR 0.100000 | Train Loss 2.3113 | GradNorm 1.26
[Mixup seed=78] Epoch 110/200 | LR 0.100000 | Train Loss 2.1900 | GradNorm 1.26
[Mixup seed=78] Epoch 120/200 | LR 0.100000 | Train Loss 2.0431 | GradNorm 1.20
[Mixup seed=78] Epoch 130/200 | LR 0.100000 | Train Loss 2.2662 | GradNorm 1.27
[Mixup seed=78] Epoch 140/200 | LR 0.100000 | Train Loss 1.8798 | GradNorm 1.22
[Mixup seed=78] Epoch 150/200 | LR 0.100000 | Train Loss 2.1219 | GradNorm 1.23
[Mixup seed=78] Epoch 160/200 | LR 0.100000 | Train Loss 2.1383 | GradNorm 1.24
[Mixup seed=78] Epoch 170/200 | LR 0.001000 | Train Loss 1.7184 | GradNorm 1.03
[Mixup seed=78] Epoch 180/200 | LR 0.001000 | Train Loss 1.6853 | GradNorm 1.00
[Mixup seed=78] Epoch 190/200 | LR 0.000010 | Train Loss 1.7549 | GradNorm 1.01
[Mixup] checkpoint -> Mixup_seed78_final.pt
[Mixup seed=78] Epoch 200/200 | LR 0.000010 | Train Loss 1.8694 | GradNorm 1.06
[Mixup seed=78] done in 675s (200 epochs, final-epoch model is the reported model)
History saved to /kaggle/working/rs3/runs/ridge_sinkhorn_3seed_v1/attempts/inner/mixup/seed_78/outer_4/inner_0/20260928T063148.579195Z-be9956e29712/expert_Mixup/seed_78/outer_4/inner_0/training_history.json
Loaded checkpoint from /kaggle/working/rs3/runs/ridge_sinkhorn_3seed_v1/attempts/inner/mixup/seed_78/outer_4/inner_0/20260928T063148.579195Z-be9956e29712/expert_Mixup/seed_78/outer_4/inner_0/checkpoints/Mixup_seed78_final.pt (epoch 200, seed 78)
[LongTailCIFAR100] Val set created:
  Total samples          : 2,170
  Head class (0) count   : 100
  Tail class (99) count  : 1
  Target imbalance ratio : 100.0
  Achieved IR            : 100.00
  Augmentations           : No
