[LongTailCIFAR100] Train set created:
  Total samples          : 6,509
  Head class (0) count   : 300
  Tail class (99) count  : 3
  Target imbalance ratio : 100.0
  Achieved IR            : 100.00
  Augmentations           : Yes
[BalancedSoftmax seed=88] Epoch   1/200 | LR 0.020000 | Train Loss 4.1757 | Train Acc 2.97% | GradNorm 3.05
[BalancedSoftmax seed=88] Epoch  10/200 | LR 0.100000 | Train Loss 2.6918 | Train Acc 26.38% | GradNorm 1.36
[BalancedSoftmax seed=88] Epoch  20/200 | LR 0.100000 | Train Loss 1.9657 | Train Acc 41.08% | GradNorm 1.49
[BalancedSoftmax seed=88] Epoch  30/200 | LR 0.100000 | Train Loss 1.4765 | Train Acc 52.28% | GradNorm 1.62
[BalancedSoftmax seed=88] Epoch  40/200 | LR 0.100000 | Train Loss 1.1135 | Train Acc 60.59% | GradNorm 1.77
[BalancedSoftmax seed=88] Epoch  50/200 | LR 0.100000 | Train Loss 0.8712 | Train Acc 66.75% | GradNorm 1.81
[BalancedSoftmax seed=88] Epoch  60/200 | LR 0.100000 | Train Loss 0.6735 | Train Acc 73.11% | GradNorm 1.74
[BalancedSoftmax seed=88] Epoch  70/200 | LR 0.100000 | Train Loss 0.5574 | Train Acc 77.52% | GradNorm 1.81
[BalancedSoftmax seed=88] Epoch  80/200 | LR 0.100000 | Train Loss 0.4869 | Train Acc 79.84% | GradNorm 1.84
[BalancedSoftmax seed=88] Epoch  90/200 | LR 0.100000 | Train Loss 0.3992 | Train Acc 83.33% | GradNorm 1.71
[BalancedSoftmax seed=88] Epoch 100/200 | LR 0.100000 | Train Loss 0.3489 | Train Acc 84.79% | GradNorm 1.69
[BalancedSoftmax seed=88] Epoch 110/200 | LR 0.100000 | Train Loss 0.2671 | Train Acc 88.00% | GradNorm 1.51
[BalancedSoftmax seed=88] Epoch 120/200 | LR 0.100000 | Train Loss 0.2680 | Train Acc 88.34% | GradNorm 1.55
[BalancedSoftmax seed=88] Epoch 130/200 | LR 0.100000 | Train Loss 0.2740 | Train Acc 88.17% | GradNorm 1.58
[BalancedSoftmax seed=88] Epoch 140/200 | LR 0.100000 | Train Loss 0.2494 | Train Acc 89.26% | GradNorm 1.56
[BalancedSoftmax seed=88] Epoch 150/200 | LR 0.100000 | Train Loss 0.2419 | Train Acc 89.77% | GradNorm 1.56
[BalancedSoftmax seed=88] Epoch 160/200 | LR 0.100000 | Train Loss 0.1673 | Train Acc 92.24% | GradNorm 1.30
[BalancedSoftmax seed=88] Epoch 170/200 | LR 0.001000 | Train Loss 0.0520 | Train Acc 98.06% | GradNorm 0.58
[BalancedSoftmax seed=88] Epoch 180/200 | LR 0.001000 | Train Loss 0.0424 | Train Acc 98.31% | GradNorm 0.52
[BalancedSoftmax seed=88] Epoch 190/200 | LR 0.000010 | Train Loss 0.0370 | Train Acc 98.60% | GradNorm 0.48
[BalancedSoftmax] checkpoint -> BalancedSoftmax_seed88_final.pt
[BalancedSoftmax seed=88] Epoch 200/200 | LR 0.000010 | Train Loss 0.0380 | Train Acc 98.59% | GradNorm 0.47
[BalancedSoftmax seed=88] done in 727s (200 epochs, final-epoch model is the reported model)
History saved to /kaggle/working/rs3/runs/ridge_sinkhorn_3seed_v1/attempts/inner/balanced_softmax/seed_88/outer_2/inner_3/20260927T071023.290791Z-c06d770f24f4/expert_BalancedSoftmax/seed_88/outer_2/inner_3/training_history.json
Loaded checkpoint from /kaggle/working/rs3/runs/ridge_sinkhorn_3seed_v1/attempts/inner/balanced_softmax/seed_88/outer_2/inner_3/20260927T071023.290791Z-c06d770f24f4/expert_BalancedSoftmax/seed_88/outer_2/inner_3/checkpoints/BalancedSoftmax_seed88_final.pt (epoch 200, seed 88)
[LongTailCIFAR100] Val set created:
  Total samples          : 2,169
  Head class (0) count   : 100
  Tail class (99) count  : 1
  Target imbalance ratio : 100.0
  Achieved IR            : 100.00
  Augmentations           : No
