[LongTailCIFAR100] Train set created:
  Total samples          : 6,508
  Head class (0) count   : 300
  Tail class (99) count  : 3
  Target imbalance ratio : 100.0
  Achieved IR            : 100.00
  Augmentations           : Yes
[BalancedSoftmax seed=88] Epoch   1/200 | LR 0.020000 | Train Loss 4.2292 | Train Acc 2.09% | GradNorm 2.79
[BalancedSoftmax seed=88] Epoch  10/200 | LR 0.100000 | Train Loss 2.8401 | Train Acc 23.49% | GradNorm 1.30
[BalancedSoftmax seed=88] Epoch  20/200 | LR 0.100000 | Train Loss 2.0819 | Train Acc 38.63% | GradNorm 1.48
[BalancedSoftmax seed=88] Epoch  30/200 | LR 0.100000 | Train Loss 1.5387 | Train Acc 50.18% | GradNorm 1.68
[BalancedSoftmax seed=88] Epoch  40/200 | LR 0.100000 | Train Loss 1.1647 | Train Acc 60.03% | GradNorm 1.75
[BalancedSoftmax seed=88] Epoch  50/200 | LR 0.100000 | Train Loss 0.8797 | Train Acc 66.92% | GradNorm 1.77
[BalancedSoftmax seed=88] Epoch  60/200 | LR 0.100000 | Train Loss 0.6771 | Train Acc 73.59% | GradNorm 1.77
[BalancedSoftmax seed=88] Epoch  70/200 | LR 0.100000 | Train Loss 0.5363 | Train Acc 78.03% | GradNorm 1.74
[BalancedSoftmax seed=88] Epoch  80/200 | LR 0.100000 | Train Loss 0.4395 | Train Acc 81.04% | GradNorm 1.67
[BalancedSoftmax seed=88] Epoch  90/200 | LR 0.100000 | Train Loss 0.3633 | Train Acc 83.88% | GradNorm 1.65
[BalancedSoftmax seed=88] Epoch 100/200 | LR 0.100000 | Train Loss 0.3091 | Train Acc 86.22% | GradNorm 1.59
[BalancedSoftmax seed=88] Epoch 110/200 | LR 0.100000 | Train Loss 0.3041 | Train Acc 86.68% | GradNorm 1.59
[BalancedSoftmax seed=88] Epoch 120/200 | LR 0.100000 | Train Loss 0.2571 | Train Acc 88.18% | GradNorm 1.49
[BalancedSoftmax seed=88] Epoch 130/200 | LR 0.100000 | Train Loss 0.2313 | Train Acc 90.00% | GradNorm 1.46
[BalancedSoftmax seed=88] Epoch 140/200 | LR 0.100000 | Train Loss 0.2727 | Train Acc 88.31% | GradNorm 1.58
[BalancedSoftmax seed=88] Epoch 150/200 | LR 0.100000 | Train Loss 0.2227 | Train Acc 89.87% | GradNorm 1.48
[BalancedSoftmax seed=88] Epoch 160/200 | LR 0.100000 | Train Loss 0.2389 | Train Acc 89.58% | GradNorm 1.48
[BalancedSoftmax seed=88] Epoch 170/200 | LR 0.001000 | Train Loss 0.0648 | Train Acc 97.19% | GradNorm 0.64
[BalancedSoftmax seed=88] Epoch 180/200 | LR 0.001000 | Train Loss 0.0501 | Train Acc 97.83% | GradNorm 0.52
[BalancedSoftmax seed=88] Epoch 190/200 | LR 0.000010 | Train Loss 0.0521 | Train Acc 97.88% | GradNorm 0.55
[BalancedSoftmax] checkpoint -> BalancedSoftmax_seed88_final.pt
[BalancedSoftmax seed=88] Epoch 200/200 | LR 0.000010 | Train Loss 0.0522 | Train Acc 97.83% | GradNorm 0.53
[BalancedSoftmax seed=88] done in 664s (200 epochs, final-epoch model is the reported model)
History saved to /kaggle/working/rs3/runs/ridge_sinkhorn_3seed_v1/attempts/inner/balanced_softmax/seed_88/outer_2/inner_1/20260929T032900.130505Z-235330c10239/expert_BalancedSoftmax/seed_88/outer_2/inner_1/training_history.json
Loaded checkpoint from /kaggle/working/rs3/runs/ridge_sinkhorn_3seed_v1/attempts/inner/balanced_softmax/seed_88/outer_2/inner_1/20260929T032900.130505Z-235330c10239/expert_BalancedSoftmax/seed_88/outer_2/inner_1/checkpoints/BalancedSoftmax_seed88_final.pt (epoch 200, seed 88)
[LongTailCIFAR100] Val set created:
  Total samples          : 2,170
  Head class (0) count   : 100
  Tail class (99) count  : 1
  Target imbalance ratio : 100.0
  Achieved IR            : 100.00
  Augmentations           : No
