[LongTailCIFAR100] Train set created:
  Total samples          : 6,509
  Head class (0) count   : 300
  Tail class (99) count  : 3
  Target imbalance ratio : 100.0
  Achieved IR            : 100.00
  Augmentations           : Yes
[BalancedSoftmax seed=1034] Epoch   1/200 | LR 0.020000 | Train Loss 4.2627 | Train Acc 2.83% | GradNorm 3.63
[BalancedSoftmax seed=1034] Epoch  10/200 | LR 0.100000 | Train Loss 2.6833 | Train Acc 26.61% | GradNorm 1.41
[BalancedSoftmax seed=1034] Epoch  20/200 | LR 0.100000 | Train Loss 1.9380 | Train Acc 40.70% | GradNorm 1.57
[BalancedSoftmax seed=1034] Epoch  30/200 | LR 0.100000 | Train Loss 1.4394 | Train Acc 52.05% | GradNorm 1.71
[BalancedSoftmax seed=1034] Epoch  40/200 | LR 0.100000 | Train Loss 1.0807 | Train Acc 60.59% | GradNorm 1.80
[BalancedSoftmax seed=1034] Epoch  50/200 | LR 0.100000 | Train Loss 0.8050 | Train Acc 68.67% | GradNorm 1.84
[BalancedSoftmax seed=1034] Epoch  60/200 | LR 0.100000 | Train Loss 0.6182 | Train Acc 75.65% | GradNorm 1.76
[BalancedSoftmax seed=1034] Epoch  70/200 | LR 0.100000 | Train Loss 0.5185 | Train Acc 78.21% | GradNorm 1.78
[BalancedSoftmax seed=1034] Epoch  80/200 | LR 0.100000 | Train Loss 0.4308 | Train Acc 81.24% | GradNorm 1.72
[BalancedSoftmax seed=1034] Epoch  90/200 | LR 0.100000 | Train Loss 0.3619 | Train Acc 84.02% | GradNorm 1.68
[BalancedSoftmax seed=1034] Epoch 100/200 | LR 0.100000 | Train Loss 0.3318 | Train Acc 85.07% | GradNorm 1.65
[BalancedSoftmax seed=1034] Epoch 110/200 | LR 0.100000 | Train Loss 0.2630 | Train Acc 88.05% | GradNorm 1.48
[BalancedSoftmax seed=1034] Epoch 120/200 | LR 0.100000 | Train Loss 0.3071 | Train Acc 86.99% | GradNorm 1.64
[BalancedSoftmax seed=1034] Epoch 130/200 | LR 0.100000 | Train Loss 0.2689 | Train Acc 88.51% | GradNorm 1.59
[BalancedSoftmax seed=1034] Epoch 140/200 | LR 0.100000 | Train Loss 0.1910 | Train Acc 91.21% | GradNorm 1.33
[BalancedSoftmax seed=1034] Epoch 150/200 | LR 0.100000 | Train Loss 0.2403 | Train Acc 89.29% | GradNorm 1.53
[BalancedSoftmax seed=1034] Epoch 160/200 | LR 0.100000 | Train Loss 0.1605 | Train Acc 92.73% | GradNorm 1.24
[BalancedSoftmax seed=1034] Epoch 170/200 | LR 0.001000 | Train Loss 0.0514 | Train Acc 97.91% | GradNorm 0.58
[BalancedSoftmax seed=1034] Epoch 180/200 | LR 0.001000 | Train Loss 0.0424 | Train Acc 98.05% | GradNorm 0.51
[BalancedSoftmax seed=1034] Epoch 190/200 | LR 0.000010 | Train Loss 0.0406 | Train Acc 98.17% | GradNorm 0.50
[BalancedSoftmax] checkpoint -> BalancedSoftmax_seed1034_final.pt
[BalancedSoftmax seed=1034] Epoch 200/200 | LR 0.000010 | Train Loss 0.0405 | Train Acc 98.28% | GradNorm 0.49
[BalancedSoftmax seed=1034] done in 674s (200 epochs, final-epoch model is the reported model)
History saved to /kaggle/working/rs3/runs/ridge_sinkhorn_3seed_v1/attempts/inner/balanced_softmax/seed_1034/outer_4/inner_2/20260929T013419.096747Z-2d9303ef8788/expert_BalancedSoftmax/seed_1034/outer_4/inner_2/training_history.json
Loaded checkpoint from /kaggle/working/rs3/runs/ridge_sinkhorn_3seed_v1/attempts/inner/balanced_softmax/seed_1034/outer_4/inner_2/20260929T013419.096747Z-2d9303ef8788/expert_BalancedSoftmax/seed_1034/outer_4/inner_2/checkpoints/BalancedSoftmax_seed1034_final.pt (epoch 200, seed 1034)
[LongTailCIFAR100] Val set created:
  Total samples          : 2,169
  Head class (0) count   : 100
  Tail class (99) count  : 1
  Target imbalance ratio : 100.0
  Achieved IR            : 100.00
  Augmentations           : No
