[LongTailCIFAR100] Train set created:
  Total samples          : 6,507
  Head class (0) count   : 300
  Tail class (99) count  : 3
  Target imbalance ratio : 100.0
  Achieved IR            : 100.00
  Augmentations           : Yes
[LAL seed=88] Epoch   1/200 | LR 0.020000 | Train Loss 4.2431 | Train Acc 3.20% | GradNorm 2.83
[LAL seed=88] Epoch  10/200 | LR 0.100000 | Train Loss 2.7714 | Train Acc 24.90% | GradNorm 1.37
[LAL seed=88] Epoch  20/200 | LR 0.100000 | Train Loss 2.0255 | Train Acc 40.53% | GradNorm 1.54
[LAL seed=88] Epoch  30/200 | LR 0.100000 | Train Loss 1.5268 | Train Acc 50.53% | GradNorm 1.71
[LAL seed=88] Epoch  40/200 | LR 0.100000 | Train Loss 1.1616 | Train Acc 59.86% | GradNorm 1.79
[LAL seed=88] Epoch  50/200 | LR 0.100000 | Train Loss 0.8734 | Train Acc 67.16% | GradNorm 1.79
[LAL seed=88] Epoch  60/200 | LR 0.100000 | Train Loss 0.6299 | Train Acc 74.86% | GradNorm 1.71
[LAL seed=88] Epoch  70/200 | LR 0.100000 | Train Loss 0.5481 | Train Acc 76.87% | GradNorm 1.78
[LAL seed=88] Epoch  80/200 | LR 0.100000 | Train Loss 0.4607 | Train Acc 80.62% | GradNorm 1.79
[LAL seed=88] Epoch  90/200 | LR 0.100000 | Train Loss 0.3334 | Train Acc 85.26% | GradNorm 1.64
[LAL seed=88] Epoch 100/200 | LR 0.100000 | Train Loss 0.2848 | Train Acc 87.23% | GradNorm 1.53
[LAL seed=88] Epoch 110/200 | LR 0.100000 | Train Loss 0.2721 | Train Acc 87.61% | GradNorm 1.56
[LAL seed=88] Epoch 120/200 | LR 0.100000 | Train Loss 0.2479 | Train Acc 88.78% | GradNorm 1.53
[LAL seed=88] Epoch 130/200 | LR 0.100000 | Train Loss 0.2435 | Train Acc 89.38% | GradNorm 1.52
[LAL seed=88] Epoch 140/200 | LR 0.100000 | Train Loss 0.2058 | Train Acc 90.49% | GradNorm 1.40
[LAL seed=88] Epoch 150/200 | LR 0.100000 | Train Loss 0.2562 | Train Acc 88.57% | GradNorm 1.61
[LAL seed=88] Epoch 160/200 | LR 0.100000 | Train Loss 0.2388 | Train Acc 89.44% | GradNorm 1.55
[LAL seed=88] Epoch 170/200 | LR 0.001000 | Train Loss 0.0626 | Train Acc 97.19% | GradNorm 0.64
[LAL seed=88] Epoch 180/200 | LR 0.001000 | Train Loss 0.0482 | Train Acc 97.93% | GradNorm 0.54
[LAL seed=88] Epoch 190/200 | LR 0.000010 | Train Loss 0.0441 | Train Acc 98.49% | GradNorm 0.51
[LAL] checkpoint -> LAL_seed88_final.pt
[LAL seed=88] Epoch 200/200 | LR 0.000010 | Train Loss 0.0452 | Train Acc 97.89% | GradNorm 0.51
[LAL seed=88] done in 689s (200 epochs, final-epoch model is the reported model)
History saved to /kaggle/working/rs3/runs/ridge_sinkhorn_3seed_v1/attempts/inner/logit_adjusted/seed_88/outer_0/inner_0/20260930T132015.420393Z-dad45bc0d97e/expert_LAL/seed_88/outer_0/inner_0/training_history.json
Loaded checkpoint from /kaggle/working/rs3/runs/ridge_sinkhorn_3seed_v1/attempts/inner/logit_adjusted/seed_88/outer_0/inner_0/20260930T132015.420393Z-dad45bc0d97e/expert_LAL/seed_88/outer_0/inner_0/checkpoints/LAL_seed88_final.pt (epoch 200, seed 88)
[LongTailCIFAR100] Val set created:
  Total samples          : 2,170
  Head class (0) count   : 100
  Tail class (99) count  : 1
  Target imbalance ratio : 100.0
  Achieved IR            : 100.00
  Augmentations           : No
