[LongTailCIFAR100] Train set created:
  Total samples          : 6,509
  Head class (0) count   : 300
  Tail class (99) count  : 3
  Target imbalance ratio : 100.0
  Achieved IR            : 100.00
  Augmentations           : Yes
[BalancedSoftmax seed=78] Epoch   1/200 | LR 0.020000 | Train Loss 4.2163 | Train Acc 4.06% | GradNorm 3.15
[BalancedSoftmax seed=78] Epoch  10/200 | LR 0.100000 | Train Loss 2.6705 | Train Acc 26.56% | GradNorm 1.36
[BalancedSoftmax seed=78] Epoch  20/200 | LR 0.100000 | Train Loss 1.9742 | Train Acc 40.08% | GradNorm 1.55
[BalancedSoftmax seed=78] Epoch  30/200 | LR 0.100000 | Train Loss 1.4763 | Train Acc 50.98% | GradNorm 1.69
[BalancedSoftmax seed=78] Epoch  40/200 | LR 0.100000 | Train Loss 1.1320 | Train Acc 59.49% | GradNorm 1.80
[BalancedSoftmax seed=78] Epoch  50/200 | LR 0.100000 | Train Loss 0.8719 | Train Acc 67.54% | GradNorm 1.82
[BalancedSoftmax seed=78] Epoch  60/200 | LR 0.100000 | Train Loss 0.6868 | Train Acc 72.71% | GradNorm 1.85
[BalancedSoftmax seed=78] Epoch  70/200 | LR 0.100000 | Train Loss 0.5284 | Train Acc 78.49% | GradNorm 1.78
[BalancedSoftmax seed=78] Epoch  80/200 | LR 0.100000 | Train Loss 0.4481 | Train Acc 81.58% | GradNorm 1.75
[BalancedSoftmax seed=78] Epoch  90/200 | LR 0.100000 | Train Loss 0.3506 | Train Acc 84.50% | GradNorm 1.60
[BalancedSoftmax seed=78] Epoch 100/200 | LR 0.100000 | Train Loss 0.3500 | Train Acc 84.97% | GradNorm 1.69
[BalancedSoftmax seed=78] Epoch 110/200 | LR 0.100000 | Train Loss 0.2912 | Train Acc 87.42% | GradNorm 1.59
[BalancedSoftmax seed=78] Epoch 120/200 | LR 0.100000 | Train Loss 0.2836 | Train Acc 88.05% | GradNorm 1.65
[BalancedSoftmax seed=78] Epoch 130/200 | LR 0.100000 | Train Loss 0.2647 | Train Acc 88.59% | GradNorm 1.60
[BalancedSoftmax seed=78] Epoch 140/200 | LR 0.100000 | Train Loss 0.2698 | Train Acc 88.68% | GradNorm 1.63
[BalancedSoftmax seed=78] Epoch 150/200 | LR 0.100000 | Train Loss 0.2540 | Train Acc 88.65% | GradNorm 1.56
[BalancedSoftmax seed=78] Epoch 160/200 | LR 0.100000 | Train Loss 0.2204 | Train Acc 90.37% | GradNorm 1.50
[BalancedSoftmax seed=78] Epoch 170/200 | LR 0.001000 | Train Loss 0.0609 | Train Acc 97.43% | GradNorm 0.65
[BalancedSoftmax seed=78] Epoch 180/200 | LR 0.001000 | Train Loss 0.0455 | Train Acc 98.36% | GradNorm 0.52
[BalancedSoftmax seed=78] Epoch 190/200 | LR 0.000010 | Train Loss 0.0443 | Train Acc 98.17% | GradNorm 0.49
[BalancedSoftmax] checkpoint -> BalancedSoftmax_seed78_final.pt
[BalancedSoftmax seed=78] Epoch 200/200 | LR 0.000010 | Train Loss 0.0419 | Train Acc 98.31% | GradNorm 0.48
[BalancedSoftmax seed=78] done in 730s (200 epochs, final-epoch model is the reported model)
History saved to /kaggle/working/rs3/runs/ridge_sinkhorn_3seed_v1/attempts/inner/balanced_softmax/seed_78/outer_4/inner_3/20260927T063924.925212Z-ccd808ded9c9/expert_BalancedSoftmax/seed_78/outer_4/inner_3/training_history.json
Loaded checkpoint from /kaggle/working/rs3/runs/ridge_sinkhorn_3seed_v1/attempts/inner/balanced_softmax/seed_78/outer_4/inner_3/20260927T063924.925212Z-ccd808ded9c9/expert_BalancedSoftmax/seed_78/outer_4/inner_3/checkpoints/BalancedSoftmax_seed78_final.pt (epoch 200, seed 78)
[LongTailCIFAR100] Val set created:
  Total samples          : 2,169
  Head class (0) count   : 100
  Tail class (99) count  : 1
  Target imbalance ratio : 100.0
  Achieved IR            : 100.00
  Augmentations           : No
