[LongTailCIFAR100] Train set created:
  Total samples          : 6,508
  Head class (0) count   : 300
  Tail class (99) count  : 3
  Target imbalance ratio : 100.0
  Achieved IR            : 100.00
  Augmentations           : Yes
[BalancedSoftmax seed=78] Epoch   1/200 | LR 0.020000 | Train Loss 4.2748 | Train Acc 3.53% | GradNorm 2.98
[BalancedSoftmax seed=78] Epoch  10/200 | LR 0.100000 | Train Loss 2.8349 | Train Acc 23.16% | GradNorm 1.30
[BalancedSoftmax seed=78] Epoch  20/200 | LR 0.100000 | Train Loss 2.0442 | Train Acc 38.71% | GradNorm 1.52
[BalancedSoftmax seed=78] Epoch  30/200 | LR 0.100000 | Train Loss 1.4946 | Train Acc 50.72% | GradNorm 1.67
[BalancedSoftmax seed=78] Epoch  40/200 | LR 0.100000 | Train Loss 1.0992 | Train Acc 60.42% | GradNorm 1.78
[BalancedSoftmax seed=78] Epoch  50/200 | LR 0.100000 | Train Loss 0.8382 | Train Acc 68.02% | GradNorm 1.80
[BalancedSoftmax seed=78] Epoch  60/200 | LR 0.100000 | Train Loss 0.6357 | Train Acc 74.95% | GradNorm 1.82
[BalancedSoftmax seed=78] Epoch  70/200 | LR 0.100000 | Train Loss 0.4982 | Train Acc 80.21% | GradNorm 1.70
[BalancedSoftmax seed=78] Epoch  80/200 | LR 0.100000 | Train Loss 0.3942 | Train Acc 82.97% | GradNorm 1.65
[BalancedSoftmax seed=78] Epoch  90/200 | LR 0.100000 | Train Loss 0.3313 | Train Acc 85.28% | GradNorm 1.59
[BalancedSoftmax seed=78] Epoch 100/200 | LR 0.100000 | Train Loss 0.2628 | Train Acc 88.29% | GradNorm 1.47
[BalancedSoftmax seed=78] Epoch 110/200 | LR 0.100000 | Train Loss 0.2830 | Train Acc 87.49% | GradNorm 1.59
[BalancedSoftmax seed=78] Epoch 120/200 | LR 0.100000 | Train Loss 0.3406 | Train Acc 85.08% | GradNorm 1.77
[BalancedSoftmax seed=78] Epoch 130/200 | LR 0.100000 | Train Loss 0.2745 | Train Acc 88.21% | GradNorm 1.61
[BalancedSoftmax seed=78] Epoch 140/200 | LR 0.100000 | Train Loss 0.2160 | Train Acc 90.09% | GradNorm 1.42
[BalancedSoftmax seed=78] Epoch 150/200 | LR 0.100000 | Train Loss 0.1732 | Train Acc 91.90% | GradNorm 1.36
[BalancedSoftmax seed=78] Epoch 160/200 | LR 0.100000 | Train Loss 0.2402 | Train Acc 89.00% | GradNorm 1.54
[BalancedSoftmax seed=78] Epoch 170/200 | LR 0.001000 | Train Loss 0.0672 | Train Acc 96.85% | GradNorm 0.68
[BalancedSoftmax seed=78] Epoch 180/200 | LR 0.001000 | Train Loss 0.0447 | Train Acc 98.25% | GradNorm 0.49
[BalancedSoftmax seed=78] Epoch 190/200 | LR 0.000010 | Train Loss 0.0441 | Train Acc 98.16% | GradNorm 0.50
[BalancedSoftmax] checkpoint -> BalancedSoftmax_seed78_final.pt
[BalancedSoftmax seed=78] Epoch 200/200 | LR 0.000010 | Train Loss 0.0443 | Train Acc 98.14% | GradNorm 0.50
[BalancedSoftmax seed=78] done in 693s (200 epochs, final-epoch model is the reported model)
History saved to /kaggle/working/rs3/runs/ridge_sinkhorn_3seed_v1/attempts/inner/balanced_softmax/seed_78/outer_2/inner_1/20260930T055524.559098Z-4e95ee520642/expert_BalancedSoftmax/seed_78/outer_2/inner_1/training_history.json
Loaded checkpoint from /kaggle/working/rs3/runs/ridge_sinkhorn_3seed_v1/attempts/inner/balanced_softmax/seed_78/outer_2/inner_1/20260930T055524.559098Z-4e95ee520642/expert_BalancedSoftmax/seed_78/outer_2/inner_1/checkpoints/BalancedSoftmax_seed78_final.pt (epoch 200, seed 78)
[LongTailCIFAR100] Val set created:
  Total samples          : 2,170
  Head class (0) count   : 100
  Tail class (99) count  : 1
  Target imbalance ratio : 100.0
  Achieved IR            : 100.00
  Augmentations           : No
