[LongTailCIFAR100] Train set created:
  Total samples          : 6,508
  Head class (0) count   : 300
  Tail class (99) count  : 3
  Target imbalance ratio : 100.0
  Achieved IR            : 100.00
  Augmentations           : Yes
[CE seed=78] Epoch   1/200 | LR 0.020000 | Train Loss 4.3162 | Train Acc 8.53% | GradNorm 3.03
[CE seed=78] Epoch  10/200 | LR 0.100000 | Train Loss 2.7600 | Train Acc 30.62% | GradNorm 1.35
[CE seed=78] Epoch  20/200 | LR 0.100000 | Train Loss 1.9961 | Train Acc 46.63% | GradNorm 1.57
[CE seed=78] Epoch  30/200 | LR 0.100000 | Train Loss 1.4715 | Train Acc 59.20% | GradNorm 1.68
[CE seed=78] Epoch  40/200 | LR 0.100000 | Train Loss 1.1422 | Train Acc 67.07% | GradNorm 1.80
[CE seed=78] Epoch  50/200 | LR 0.100000 | Train Loss 0.8015 | Train Acc 75.45% | GradNorm 1.79
[CE seed=78] Epoch  60/200 | LR 0.100000 | Train Loss 0.6287 | Train Acc 80.93% | GradNorm 1.77
[CE seed=78] Epoch  70/200 | LR 0.100000 | Train Loss 0.5537 | Train Acc 82.70% | GradNorm 1.87
[CE seed=78] Epoch  80/200 | LR 0.100000 | Train Loss 0.4650 | Train Acc 85.25% | GradNorm 1.78
[CE seed=78] Epoch  90/200 | LR 0.100000 | Train Loss 0.3498 | Train Acc 89.03% | GradNorm 1.61
[CE seed=78] Epoch 100/200 | LR 0.100000 | Train Loss 0.2962 | Train Acc 90.69% | GradNorm 1.62
[CE seed=78] Epoch 110/200 | LR 0.100000 | Train Loss 0.3147 | Train Acc 90.01% | GradNorm 1.70
[CE seed=78] Epoch 120/200 | LR 0.100000 | Train Loss 0.2217 | Train Acc 93.07% | GradNorm 1.46
[CE seed=78] Epoch 130/200 | LR 0.100000 | Train Loss 0.2238 | Train Acc 93.18% | GradNorm 1.41
[CE seed=78] Epoch 140/200 | LR 0.100000 | Train Loss 0.2172 | Train Acc 93.48% | GradNorm 1.48
[CE seed=78] Epoch 150/200 | LR 0.100000 | Train Loss 0.2518 | Train Acc 91.93% | GradNorm 1.59
[CE seed=78] Epoch 160/200 | LR 0.100000 | Train Loss 0.2283 | Train Acc 93.02% | GradNorm 1.50
[CE seed=78] Epoch 170/200 | LR 0.001000 | Train Loss 0.0579 | Train Acc 98.83% | GradNorm 0.63
[CE seed=78] Epoch 180/200 | LR 0.001000 | Train Loss 0.0423 | Train Acc 99.37% | GradNorm 0.50
[CE seed=78] Epoch 190/200 | LR 0.000010 | Train Loss 0.0406 | Train Acc 99.42% | GradNorm 0.49
[CE] checkpoint -> CE_seed78_final.pt
[CE seed=78] Epoch 200/200 | LR 0.000010 | Train Loss 0.0422 | Train Acc 99.39% | GradNorm 0.49
[CE seed=78] done in 668s (200 epochs, final-epoch model is the reported model)
History saved to /kaggle/working/rs3/runs/ridge_sinkhorn_3seed_v1/attempts/inner/ce/seed_78/outer_1/inner_3/20260928T141340.892349Z-c84eba7466f4/expert_CE/seed_78/outer_1/inner_3/training_history.json
Loaded checkpoint from /kaggle/working/rs3/runs/ridge_sinkhorn_3seed_v1/attempts/inner/ce/seed_78/outer_1/inner_3/20260928T141340.892349Z-c84eba7466f4/expert_CE/seed_78/outer_1/inner_3/checkpoints/CE_seed78_final.pt (epoch 200, seed 78)
[LongTailCIFAR100] Val set created:
  Total samples          : 2,169
  Head class (0) count   : 100
  Tail class (99) count  : 1
  Target imbalance ratio : 100.0
  Achieved IR            : 100.00
  Augmentations           : No
