[LongTailCIFAR100] Train set created:
  Total samples          : 6,508
  Head class (0) count   : 300
  Tail class (99) count  : 3
  Target imbalance ratio : 100.0
  Achieved IR            : 100.00
  Augmentations           : Yes
[LAL seed=88] Epoch   1/200 | LR 0.020000 | Train Loss 4.2556 | Train Acc 1.58% | GradNorm 2.83
[LAL seed=88] Epoch  10/200 | LR 0.100000 | Train Loss 2.7774 | Train Acc 23.65% | GradNorm 1.33
[LAL seed=88] Epoch  20/200 | LR 0.100000 | Train Loss 2.1056 | Train Acc 38.11% | GradNorm 1.50
[LAL seed=88] Epoch  30/200 | LR 0.100000 | Train Loss 1.5817 | Train Acc 48.74% | GradNorm 1.63
[LAL seed=88] Epoch  40/200 | LR 0.100000 | Train Loss 1.2207 | Train Acc 57.61% | GradNorm 1.76
[LAL seed=88] Epoch  50/200 | LR 0.100000 | Train Loss 0.9679 | Train Acc 64.37% | GradNorm 1.83
[LAL seed=88] Epoch  60/200 | LR 0.100000 | Train Loss 0.7336 | Train Acc 71.11% | GradNorm 1.79
[LAL seed=88] Epoch  70/200 | LR 0.100000 | Train Loss 0.6061 | Train Acc 75.26% | GradNorm 1.82
[LAL seed=88] Epoch  80/200 | LR 0.100000 | Train Loss 0.4737 | Train Acc 80.24% | GradNorm 1.74
[LAL seed=88] Epoch  90/200 | LR 0.100000 | Train Loss 0.4431 | Train Acc 80.87% | GradNorm 1.78
[LAL seed=88] Epoch 100/200 | LR 0.100000 | Train Loss 0.3229 | Train Acc 85.71% | GradNorm 1.55
[LAL seed=88] Epoch 110/200 | LR 0.100000 | Train Loss 0.2687 | Train Acc 88.52% | GradNorm 1.47
[LAL seed=88] Epoch 120/200 | LR 0.100000 | Train Loss 0.2372 | Train Acc 89.01% | GradNorm 1.47
[LAL seed=88] Epoch 130/200 | LR 0.100000 | Train Loss 0.2377 | Train Acc 88.91% | GradNorm 1.42
[LAL seed=88] Epoch 140/200 | LR 0.100000 | Train Loss 0.2444 | Train Acc 89.27% | GradNorm 1.52
[LAL seed=88] Epoch 150/200 | LR 0.100000 | Train Loss 0.2529 | Train Acc 88.92% | GradNorm 1.60
[LAL seed=88] Epoch 160/200 | LR 0.100000 | Train Loss 0.2601 | Train Acc 87.97% | GradNorm 1.59
[LAL seed=88] Epoch 170/200 | LR 0.001000 | Train Loss 0.0773 | Train Acc 96.25% | GradNorm 0.75
[LAL seed=88] Epoch 180/200 | LR 0.001000 | Train Loss 0.0540 | Train Acc 97.54% | GradNorm 0.57
[LAL seed=88] Epoch 190/200 | LR 0.000010 | Train Loss 0.0530 | Train Acc 97.56% | GradNorm 0.56
[LAL] checkpoint -> LAL_seed88_final.pt
[LAL seed=88] Epoch 200/200 | LR 0.000010 | Train Loss 0.0528 | Train Acc 97.76% | GradNorm 0.55
[LAL seed=88] done in 681s (200 epochs, final-epoch model is the reported model)
History saved to /kaggle/working/rs3/runs/ridge_sinkhorn_3seed_v1/attempts/inner/logit_adjusted/seed_88/outer_4/inner_0/20260930T164132.969656Z-cf9bd1b2fae0/expert_LAL/seed_88/outer_4/inner_0/training_history.json
Loaded checkpoint from /kaggle/working/rs3/runs/ridge_sinkhorn_3seed_v1/attempts/inner/logit_adjusted/seed_88/outer_4/inner_0/20260930T164132.969656Z-cf9bd1b2fae0/expert_LAL/seed_88/outer_4/inner_0/checkpoints/LAL_seed88_final.pt (epoch 200, seed 88)
[LongTailCIFAR100] Val set created:
  Total samples          : 2,170
  Head class (0) count   : 100
  Tail class (99) count  : 1
  Target imbalance ratio : 100.0
  Achieved IR            : 100.00
  Augmentations           : No
