[LongTailCIFAR100] Train set created:
  Total samples          : 6,507
  Head class (0) count   : 300
  Tail class (99) count  : 3
  Target imbalance ratio : 100.0
  Achieved IR            : 100.00
  Augmentations           : Yes
[BalancedSoftmax seed=1034] Epoch   1/200 | LR 0.020000 | Train Loss 4.2541 | Train Acc 2.17% | GradNorm 3.21
[BalancedSoftmax seed=1034] Epoch  10/200 | LR 0.100000 | Train Loss 2.7514 | Train Acc 24.47% | GradNorm 1.34
[BalancedSoftmax seed=1034] Epoch  20/200 | LR 0.100000 | Train Loss 1.9822 | Train Acc 40.22% | GradNorm 1.55
[BalancedSoftmax seed=1034] Epoch  30/200 | LR 0.100000 | Train Loss 1.4650 | Train Acc 50.85% | GradNorm 1.69
[BalancedSoftmax seed=1034] Epoch  40/200 | LR 0.100000 | Train Loss 1.0779 | Train Acc 61.00% | GradNorm 1.75
[BalancedSoftmax seed=1034] Epoch  50/200 | LR 0.100000 | Train Loss 0.8455 | Train Acc 67.62% | GradNorm 1.85
[BalancedSoftmax seed=1034] Epoch  60/200 | LR 0.100000 | Train Loss 0.6218 | Train Acc 74.40% | GradNorm 1.76
[BalancedSoftmax seed=1034] Epoch  70/200 | LR 0.100000 | Train Loss 0.5030 | Train Acc 79.11% | GradNorm 1.72
[BalancedSoftmax seed=1034] Epoch  80/200 | LR 0.100000 | Train Loss 0.4429 | Train Acc 81.10% | GradNorm 1.77
[BalancedSoftmax seed=1034] Epoch  90/200 | LR 0.100000 | Train Loss 0.3461 | Train Acc 84.88% | GradNorm 1.62
[BalancedSoftmax seed=1034] Epoch 100/200 | LR 0.100000 | Train Loss 0.3260 | Train Acc 85.46% | GradNorm 1.63
[BalancedSoftmax seed=1034] Epoch 110/200 | LR 0.100000 | Train Loss 0.2323 | Train Acc 89.15% | GradNorm 1.42
[BalancedSoftmax seed=1034] Epoch 120/200 | LR 0.100000 | Train Loss 0.2372 | Train Acc 89.63% | GradNorm 1.45
[BalancedSoftmax seed=1034] Epoch 130/200 | LR 0.100000 | Train Loss 0.2802 | Train Acc 87.84% | GradNorm 1.63
[BalancedSoftmax seed=1034] Epoch 140/200 | LR 0.100000 | Train Loss 0.2000 | Train Acc 90.43% | GradNorm 1.42
[BalancedSoftmax seed=1034] Epoch 150/200 | LR 0.100000 | Train Loss 0.2165 | Train Acc 90.67% | GradNorm 1.49
[BalancedSoftmax seed=1034] Epoch 160/200 | LR 0.100000 | Train Loss 0.2000 | Train Acc 90.95% | GradNorm 1.41
[BalancedSoftmax seed=1034] Epoch 170/200 | LR 0.001000 | Train Loss 0.0603 | Train Acc 97.40% | GradNorm 0.64
[BalancedSoftmax seed=1034] Epoch 180/200 | LR 0.001000 | Train Loss 0.0449 | Train Acc 97.94% | GradNorm 0.51
[BalancedSoftmax seed=1034] Epoch 190/200 | LR 0.000010 | Train Loss 0.0443 | Train Acc 98.20% | GradNorm 0.50
[BalancedSoftmax] checkpoint -> BalancedSoftmax_seed1034_final.pt
[BalancedSoftmax seed=1034] Epoch 200/200 | LR 0.000010 | Train Loss 0.0391 | Train Acc 98.32% | GradNorm 0.46
[BalancedSoftmax seed=1034] done in 690s (200 epochs, final-epoch model is the reported model)
History saved to /kaggle/working/rs3/runs/ridge_sinkhorn_3seed_v1/attempts/inner/balanced_softmax/seed_1034/outer_1/inner_0/20260930T052744.152134Z-93184101d7eb/expert_BalancedSoftmax/seed_1034/outer_1/inner_0/training_history.json
Loaded checkpoint from /kaggle/working/rs3/runs/ridge_sinkhorn_3seed_v1/attempts/inner/balanced_softmax/seed_1034/outer_1/inner_0/20260930T052744.152134Z-93184101d7eb/expert_BalancedSoftmax/seed_1034/outer_1/inner_0/checkpoints/BalancedSoftmax_seed1034_final.pt (epoch 200, seed 1034)
[LongTailCIFAR100] Val set created:
  Total samples          : 2,170
  Head class (0) count   : 100
  Tail class (99) count  : 1
  Target imbalance ratio : 100.0
  Achieved IR            : 100.00
  Augmentations           : No
