[LongTailCIFAR100] Train set created:
  Total samples          : 6,508
  Head class (0) count   : 300
  Tail class (99) count  : 3
  Target imbalance ratio : 100.0
  Achieved IR            : 100.00
  Augmentations           : Yes
[Mixup seed=78] Epoch   1/200 | LR 0.020000 | Train Loss 4.3971 | GradNorm 2.58
[Mixup seed=78] Epoch  10/200 | LR 0.100000 | Train Loss 3.4614 | GradNorm 0.88
[Mixup seed=78] Epoch  20/200 | LR 0.100000 | Train Loss 3.1713 | GradNorm 0.98
[Mixup seed=78] Epoch  30/200 | LR 0.100000 | Train Loss 2.8930 | GradNorm 1.04
[Mixup seed=78] Epoch  40/200 | LR 0.100000 | Train Loss 2.7388 | GradNorm 1.08
[Mixup seed=78] Epoch  50/200 | LR 0.100000 | Train Loss 2.5934 | GradNorm 1.14
[Mixup seed=78] Epoch  60/200 | LR 0.100000 | Train Loss 2.4781 | GradNorm 1.17
[Mixup seed=78] Epoch  70/200 | LR 0.100000 | Train Loss 2.3539 | GradNorm 1.18
[Mixup seed=78] Epoch  80/200 | LR 0.100000 | Train Loss 2.2018 | GradNorm 1.23
[Mixup seed=78] Epoch  90/200 | LR 0.100000 | Train Loss 2.2537 | GradNorm 1.22
[Mixup seed=78] Epoch 100/200 | LR 0.100000 | Train Loss 2.3054 | GradNorm 1.22
[Mixup seed=78] Epoch 110/200 | LR 0.100000 | Train Loss 2.2186 | GradNorm 1.25
[Mixup seed=78] Epoch 120/200 | LR 0.100000 | Train Loss 2.0650 | GradNorm 1.22
[Mixup seed=78] Epoch 130/200 | LR 0.100000 | Train Loss 2.2943 | GradNorm 1.27
[Mixup seed=78] Epoch 140/200 | LR 0.100000 | Train Loss 1.9159 | GradNorm 1.23
[Mixup seed=78] Epoch 150/200 | LR 0.100000 | Train Loss 2.1384 | GradNorm 1.23
[Mixup seed=78] Epoch 160/200 | LR 0.100000 | Train Loss 2.1489 | GradNorm 1.26
[Mixup seed=78] Epoch 170/200 | LR 0.001000 | Train Loss 1.7301 | GradNorm 1.03
[Mixup seed=78] Epoch 180/200 | LR 0.001000 | Train Loss 1.7071 | GradNorm 1.01
[Mixup seed=78] Epoch 190/200 | LR 0.000010 | Train Loss 1.7749 | GradNorm 1.01
[Mixup] checkpoint -> Mixup_seed78_final.pt
[Mixup seed=78] Epoch 200/200 | LR 0.000010 | Train Loss 1.8798 | GradNorm 1.06
[Mixup seed=78] done in 685s (200 epochs, final-epoch model is the reported model)
History saved to /kaggle/working/rs3/runs/ridge_sinkhorn_3seed_v1/attempts/inner/mixup/seed_78/outer_2/inner_1/20260930T193923.689493Z-8c667838bb5c/expert_Mixup/seed_78/outer_2/inner_1/training_history.json
Loaded checkpoint from /kaggle/working/rs3/runs/ridge_sinkhorn_3seed_v1/attempts/inner/mixup/seed_78/outer_2/inner_1/20260930T193923.689493Z-8c667838bb5c/expert_Mixup/seed_78/outer_2/inner_1/checkpoints/Mixup_seed78_final.pt (epoch 200, seed 78)
[LongTailCIFAR100] Val set created:
  Total samples          : 2,170
  Head class (0) count   : 100
  Tail class (99) count  : 1
  Target imbalance ratio : 100.0
  Achieved IR            : 100.00
  Augmentations           : No
