[LongTailCIFAR100] Train set created:
  Total samples          : 6,508
  Head class (0) count   : 300
  Tail class (99) count  : 3
  Target imbalance ratio : 100.0
  Achieved IR            : 100.00
  Augmentations           : Yes
[Mixup seed=88] Epoch   1/200 | LR 0.020000 | Train Loss 4.3356 | GradNorm 2.55
[Mixup seed=88] Epoch  10/200 | LR 0.100000 | Train Loss 3.4539 | GradNorm 0.89
[Mixup seed=88] Epoch  20/200 | LR 0.100000 | Train Loss 3.0860 | GradNorm 1.00
[Mixup seed=88] Epoch  30/200 | LR 0.100000 | Train Loss 2.8220 | GradNorm 1.09
[Mixup seed=88] Epoch  40/200 | LR 0.100000 | Train Loss 2.8007 | GradNorm 1.10
[Mixup seed=88] Epoch  50/200 | LR 0.100000 | Train Loss 2.5978 | GradNorm 1.16
[Mixup seed=88] Epoch  60/200 | LR 0.100000 | Train Loss 2.4861 | GradNorm 1.17
[Mixup seed=88] Epoch  70/200 | LR 0.100000 | Train Loss 2.1951 | GradNorm 1.21
[Mixup seed=88] Epoch  80/200 | LR 0.100000 | Train Loss 2.3244 | GradNorm 1.23
[Mixup seed=88] Epoch  90/200 | LR 0.100000 | Train Loss 2.2534 | GradNorm 1.22
[Mixup seed=88] Epoch 100/200 | LR 0.100000 | Train Loss 2.2804 | GradNorm 1.23
[Mixup seed=88] Epoch 110/200 | LR 0.100000 | Train Loss 2.1661 | GradNorm 1.29
[Mixup seed=88] Epoch 120/200 | LR 0.100000 | Train Loss 2.1088 | GradNorm 1.30
[Mixup seed=88] Epoch 130/200 | LR 0.100000 | Train Loss 2.0373 | GradNorm 1.24
[Mixup seed=88] Epoch 140/200 | LR 0.100000 | Train Loss 1.9704 | GradNorm 1.23
[Mixup seed=88] Epoch 150/200 | LR 0.100000 | Train Loss 2.1527 | GradNorm 1.30
[Mixup seed=88] Epoch 160/200 | LR 0.100000 | Train Loss 1.9504 | GradNorm 1.25
[Mixup seed=88] Epoch 170/200 | LR 0.001000 | Train Loss 1.9547 | GradNorm 1.10
[Mixup seed=88] Epoch 180/200 | LR 0.001000 | Train Loss 1.7890 | GradNorm 1.03
[Mixup seed=88] Epoch 190/200 | LR 0.000010 | Train Loss 1.8212 | GradNorm 1.08
[Mixup] checkpoint -> Mixup_seed88_final.pt
[Mixup seed=88] Epoch 200/200 | LR 0.000010 | Train Loss 1.8659 | GradNorm 1.07
[Mixup seed=88] done in 682s (200 epochs, final-epoch model is the reported model)
History saved to /kaggle/working/rs3/runs/ridge_sinkhorn_3seed_v1/attempts/inner/mixup/seed_88/outer_2/inner_0/20260928T225906.820528Z-3e105abebb47/expert_Mixup/seed_88/outer_2/inner_0/training_history.json
Loaded checkpoint from /kaggle/working/rs3/runs/ridge_sinkhorn_3seed_v1/attempts/inner/mixup/seed_88/outer_2/inner_0/20260928T225906.820528Z-3e105abebb47/expert_Mixup/seed_88/outer_2/inner_0/checkpoints/Mixup_seed88_final.pt (epoch 200, seed 88)
[LongTailCIFAR100] Val set created:
  Total samples          : 2,170
  Head class (0) count   : 100
  Tail class (99) count  : 1
  Target imbalance ratio : 100.0
  Achieved IR            : 100.00
  Augmentations           : No
