[LongTailCIFAR100] Train set created:
  Total samples          : 6,508
  Head class (0) count   : 300
  Tail class (99) count  : 3
  Target imbalance ratio : 100.0
  Achieved IR            : 100.00
  Augmentations           : Yes
[LAL seed=1034] Epoch   1/200 | LR 0.020000 | Train Loss 4.2559 | Train Acc 3.26% | GradNorm 3.08
[LAL seed=1034] Epoch  10/200 | LR 0.100000 | Train Loss 2.7500 | Train Acc 23.96% | GradNorm 1.35
[LAL seed=1034] Epoch  20/200 | LR 0.100000 | Train Loss 2.0148 | Train Acc 39.51% | GradNorm 1.55
[LAL seed=1034] Epoch  30/200 | LR 0.100000 | Train Loss 1.5006 | Train Acc 51.43% | GradNorm 1.70
[LAL seed=1034] Epoch  40/200 | LR 0.100000 | Train Loss 1.1479 | Train Acc 59.82% | GradNorm 1.84
[LAL seed=1034] Epoch  50/200 | LR 0.100000 | Train Loss 0.8743 | Train Acc 66.99% | GradNorm 1.88
[LAL seed=1034] Epoch  60/200 | LR 0.100000 | Train Loss 0.6222 | Train Acc 75.11% | GradNorm 1.74
[LAL seed=1034] Epoch  70/200 | LR 0.100000 | Train Loss 0.5123 | Train Acc 78.73% | GradNorm 1.75
[LAL seed=1034] Epoch  80/200 | LR 0.100000 | Train Loss 0.4580 | Train Acc 80.64% | GradNorm 1.74
[LAL seed=1034] Epoch  90/200 | LR 0.100000 | Train Loss 0.3450 | Train Acc 85.34% | GradNorm 1.66
[LAL seed=1034] Epoch 100/200 | LR 0.100000 | Train Loss 0.3250 | Train Acc 85.89% | GradNorm 1.61
[LAL seed=1034] Epoch 110/200 | LR 0.100000 | Train Loss 0.3175 | Train Acc 87.20% | GradNorm 1.68
[LAL seed=1034] Epoch 120/200 | LR 0.100000 | Train Loss 0.2656 | Train Acc 88.26% | GradNorm 1.57
[LAL seed=1034] Epoch 130/200 | LR 0.100000 | Train Loss 0.2515 | Train Acc 88.94% | GradNorm 1.52
[LAL seed=1034] Epoch 140/200 | LR 0.100000 | Train Loss 0.2400 | Train Acc 89.32% | GradNorm 1.55
[LAL seed=1034] Epoch 150/200 | LR 0.100000 | Train Loss 0.2612 | Train Acc 89.11% | GradNorm 1.63
[LAL seed=1034] Epoch 160/200 | LR 0.100000 | Train Loss 0.1814 | Train Acc 91.86% | GradNorm 1.34
[LAL seed=1034] Epoch 170/200 | LR 0.001000 | Train Loss 0.0567 | Train Acc 97.53% | GradNorm 0.63
[LAL seed=1034] Epoch 180/200 | LR 0.001000 | Train Loss 0.0392 | Train Acc 98.48% | GradNorm 0.49
[LAL seed=1034] Epoch 190/200 | LR 0.000010 | Train Loss 0.0357 | Train Acc 98.68% | GradNorm 0.44
[LAL] checkpoint -> LAL_seed1034_final.pt
[LAL seed=1034] Epoch 200/200 | LR 0.000010 | Train Loss 0.0378 | Train Acc 98.60% | GradNorm 0.48
[LAL seed=1034] done in 725s (200 epochs, final-epoch model is the reported model)
History saved to /kaggle/working/rs3/runs/ridge_sinkhorn_3seed_v1/attempts/inner/logit_adjusted/seed_1034/outer_1/inner_3/20260927T115821.849813Z-1f9285776b04/expert_LAL/seed_1034/outer_1/inner_3/training_history.json
Loaded checkpoint from /kaggle/working/rs3/runs/ridge_sinkhorn_3seed_v1/attempts/inner/logit_adjusted/seed_1034/outer_1/inner_3/20260927T115821.849813Z-1f9285776b04/expert_LAL/seed_1034/outer_1/inner_3/checkpoints/LAL_seed1034_final.pt (epoch 200, seed 1034)
[LongTailCIFAR100] Val set created:
  Total samples          : 2,169
  Head class (0) count   : 100
  Tail class (99) count  : 1
  Target imbalance ratio : 100.0
  Achieved IR            : 100.00
  Augmentations           : No
