[LongTailCIFAR100] Train set created:
  Total samples          : 6,508
  Head class (0) count   : 300
  Tail class (99) count  : 3
  Target imbalance ratio : 100.0
  Achieved IR            : 100.00
  Augmentations           : Yes
[BalancedSoftmax seed=1034] Epoch   1/200 | LR 0.020000 | Train Loss 4.2661 | Train Acc 2.89% | GradNorm 3.18
[BalancedSoftmax seed=1034] Epoch  10/200 | LR 0.100000 | Train Loss 2.7300 | Train Acc 24.91% | GradNorm 1.35
[BalancedSoftmax seed=1034] Epoch  20/200 | LR 0.100000 | Train Loss 1.9452 | Train Acc 40.00% | GradNorm 1.57
[BalancedSoftmax seed=1034] Epoch  30/200 | LR 0.100000 | Train Loss 1.3921 | Train Acc 53.49% | GradNorm 1.65
[BalancedSoftmax seed=1034] Epoch  40/200 | LR 0.100000 | Train Loss 1.0629 | Train Acc 61.08% | GradNorm 1.79
[BalancedSoftmax seed=1034] Epoch  50/200 | LR 0.100000 | Train Loss 0.8218 | Train Acc 69.24% | GradNorm 1.84
[BalancedSoftmax seed=1034] Epoch  60/200 | LR 0.100000 | Train Loss 0.5816 | Train Acc 76.71% | GradNorm 1.68
[BalancedSoftmax seed=1034] Epoch  70/200 | LR 0.100000 | Train Loss 0.5353 | Train Acc 77.69% | GradNorm 1.76
[BalancedSoftmax seed=1034] Epoch  80/200 | LR 0.100000 | Train Loss 0.4138 | Train Acc 81.42% | GradNorm 1.73
[BalancedSoftmax seed=1034] Epoch  90/200 | LR 0.100000 | Train Loss 0.3525 | Train Acc 85.08% | GradNorm 1.72
[BalancedSoftmax seed=1034] Epoch 100/200 | LR 0.100000 | Train Loss 0.2692 | Train Acc 88.51% | GradNorm 1.47
[BalancedSoftmax seed=1034] Epoch 110/200 | LR 0.100000 | Train Loss 0.3452 | Train Acc 85.80% | GradNorm 1.78
[BalancedSoftmax seed=1034] Epoch 120/200 | LR 0.100000 | Train Loss 0.3304 | Train Acc 85.71% | GradNorm 1.73
[BalancedSoftmax seed=1034] Epoch 130/200 | LR 0.100000 | Train Loss 0.1807 | Train Acc 91.83% | GradNorm 1.31
[BalancedSoftmax seed=1034] Epoch 140/200 | LR 0.100000 | Train Loss 0.2320 | Train Acc 89.47% | GradNorm 1.51
[BalancedSoftmax seed=1034] Epoch 150/200 | LR 0.100000 | Train Loss 0.2743 | Train Acc 88.23% | GradNorm 1.70
[BalancedSoftmax seed=1034] Epoch 160/200 | LR 0.100000 | Train Loss 0.2082 | Train Acc 90.87% | GradNorm 1.44
[BalancedSoftmax seed=1034] Epoch 170/200 | LR 0.001000 | Train Loss 0.0570 | Train Acc 97.65% | GradNorm 0.62
[BalancedSoftmax seed=1034] Epoch 180/200 | LR 0.001000 | Train Loss 0.0420 | Train Acc 98.39% | GradNorm 0.49
[BalancedSoftmax seed=1034] Epoch 190/200 | LR 0.000010 | Train Loss 0.0431 | Train Acc 98.37% | GradNorm 0.50
[BalancedSoftmax] checkpoint -> BalancedSoftmax_seed1034_final.pt
[BalancedSoftmax seed=1034] Epoch 200/200 | LR 0.000010 | Train Loss 0.0410 | Train Acc 98.34% | GradNorm 0.49
[BalancedSoftmax seed=1034] done in 727s (200 epochs, final-epoch model is the reported model)
History saved to /kaggle/working/rs3/runs/ridge_sinkhorn_3seed_v1/attempts/inner/balanced_softmax/seed_1034/outer_1/inner_1/20260927T051016.541296Z-0c537cd9eb66/expert_BalancedSoftmax/seed_1034/outer_1/inner_1/training_history.json
Loaded checkpoint from /kaggle/working/rs3/runs/ridge_sinkhorn_3seed_v1/attempts/inner/balanced_softmax/seed_1034/outer_1/inner_1/20260927T051016.541296Z-0c537cd9eb66/expert_BalancedSoftmax/seed_1034/outer_1/inner_1/checkpoints/BalancedSoftmax_seed1034_final.pt (epoch 200, seed 1034)
[LongTailCIFAR100] Val set created:
  Total samples          : 2,169
  Head class (0) count   : 100
  Tail class (99) count  : 1
  Target imbalance ratio : 100.0
  Achieved IR            : 100.00
  Augmentations           : No
