[LongTailCIFAR100] Train set created:
  Total samples          : 6,507
  Head class (0) count   : 300
  Tail class (99) count  : 3
  Target imbalance ratio : 100.0
  Achieved IR            : 100.00
  Augmentations           : Yes
[Mixup seed=1034] Epoch   1/200 | LR 0.020000 | Train Loss 4.3936 | GradNorm 2.96
[Mixup seed=1034] Epoch  10/200 | LR 0.100000 | Train Loss 3.3707 | GradNorm 0.93
[Mixup seed=1034] Epoch  20/200 | LR 0.100000 | Train Loss 3.0402 | GradNorm 1.05
[Mixup seed=1034] Epoch  30/200 | LR 0.100000 | Train Loss 2.9073 | GradNorm 1.07
[Mixup seed=1034] Epoch  40/200 | LR 0.100000 | Train Loss 2.7532 | GradNorm 1.10
[Mixup seed=1034] Epoch  50/200 | LR 0.100000 | Train Loss 2.6473 | GradNorm 1.10
[Mixup seed=1034] Epoch  60/200 | LR 0.100000 | Train Loss 2.4985 | GradNorm 1.24
[Mixup seed=1034] Epoch  70/200 | LR 0.100000 | Train Loss 2.2752 | GradNorm 1.28
[Mixup seed=1034] Epoch  80/200 | LR 0.100000 | Train Loss 2.2658 | GradNorm 1.21
[Mixup seed=1034] Epoch  90/200 | LR 0.100000 | Train Loss 2.1668 | GradNorm 1.24
[Mixup seed=1034] Epoch 100/200 | LR 0.100000 | Train Loss 2.1576 | GradNorm 1.27
[Mixup seed=1034] Epoch 110/200 | LR 0.100000 | Train Loss 2.1794 | GradNorm 1.25
[Mixup seed=1034] Epoch 120/200 | LR 0.100000 | Train Loss 2.0642 | GradNorm 1.24
[Mixup seed=1034] Epoch 130/200 | LR 0.100000 | Train Loss 2.2278 | GradNorm 1.29
[Mixup seed=1034] Epoch 140/200 | LR 0.100000 | Train Loss 2.0351 | GradNorm 1.29
[Mixup seed=1034] Epoch 150/200 | LR 0.100000 | Train Loss 1.9499 | GradNorm 1.26
[Mixup seed=1034] Epoch 160/200 | LR 0.100000 | Train Loss 1.7649 | GradNorm 1.26
[Mixup seed=1034] Epoch 170/200 | LR 0.001000 | Train Loss 1.8185 | GradNorm 1.10
[Mixup seed=1034] Epoch 180/200 | LR 0.001000 | Train Loss 1.8198 | GradNorm 1.09
[Mixup seed=1034] Epoch 190/200 | LR 0.000010 | Train Loss 1.8358 | GradNorm 1.10
[Mixup] checkpoint -> Mixup_seed1034_final.pt
[Mixup seed=1034] Epoch 200/200 | LR 0.000010 | Train Loss 1.7649 | GradNorm 1.05
[Mixup seed=1034] done in 688s (200 epochs, final-epoch model is the reported model)
History saved to /kaggle/working/rs3/runs/ridge_sinkhorn_3seed_v1/attempts/inner/mixup/seed_1034/outer_0/inner_0/20260929T215554.256805Z-57d640c23bd4/expert_Mixup/seed_1034/outer_0/inner_0/training_history.json
Loaded checkpoint from /kaggle/working/rs3/runs/ridge_sinkhorn_3seed_v1/attempts/inner/mixup/seed_1034/outer_0/inner_0/20260929T215554.256805Z-57d640c23bd4/expert_Mixup/seed_1034/outer_0/inner_0/checkpoints/Mixup_seed1034_final.pt (epoch 200, seed 1034)
[LongTailCIFAR100] Val set created:
  Total samples          : 2,170
  Head class (0) count   : 100
  Tail class (99) count  : 1
  Target imbalance ratio : 100.0
  Achieved IR            : 100.00
  Augmentations           : No
