[LongTailCIFAR100] Train set created:
  Total samples          : 6,508
  Head class (0) count   : 300
  Tail class (99) count  : 3
  Target imbalance ratio : 100.0
  Achieved IR            : 100.00
  Augmentations           : Yes
[LAL seed=88] Epoch   1/200 | LR 0.020000 | Train Loss 4.2299 | Train Acc 2.54% | GradNorm 2.85
[LAL seed=88] Epoch  10/200 | LR 0.100000 | Train Loss 2.7984 | Train Acc 24.37% | GradNorm 1.30
[LAL seed=88] Epoch  20/200 | LR 0.100000 | Train Loss 1.9964 | Train Acc 39.63% | GradNorm 1.48
[LAL seed=88] Epoch  30/200 | LR 0.100000 | Train Loss 1.4734 | Train Acc 51.46% | GradNorm 1.63
[LAL seed=88] Epoch  40/200 | LR 0.100000 | Train Loss 1.0922 | Train Acc 61.48% | GradNorm 1.74
[LAL seed=88] Epoch  50/200 | LR 0.100000 | Train Loss 0.8231 | Train Acc 68.73% | GradNorm 1.77
[LAL seed=88] Epoch  60/200 | LR 0.100000 | Train Loss 0.7151 | Train Acc 71.96% | GradNorm 1.90
[LAL seed=88] Epoch  70/200 | LR 0.100000 | Train Loss 0.4835 | Train Acc 79.23% | GradNorm 1.68
[LAL seed=88] Epoch  80/200 | LR 0.100000 | Train Loss 0.3747 | Train Acc 83.79% | GradNorm 1.61
[LAL seed=88] Epoch  90/200 | LR 0.100000 | Train Loss 0.3507 | Train Acc 84.50% | GradNorm 1.63
[LAL seed=88] Epoch 100/200 | LR 0.100000 | Train Loss 0.2713 | Train Acc 87.19% | GradNorm 1.47
[LAL seed=88] Epoch 110/200 | LR 0.100000 | Train Loss 0.2860 | Train Acc 87.34% | GradNorm 1.59
[LAL seed=88] Epoch 120/200 | LR 0.100000 | Train Loss 0.2231 | Train Acc 89.86% | GradNorm 1.41
[LAL seed=88] Epoch 130/200 | LR 0.100000 | Train Loss 0.2361 | Train Acc 89.55% | GradNorm 1.51
[LAL seed=88] Epoch 140/200 | LR 0.100000 | Train Loss 0.1877 | Train Acc 91.56% | GradNorm 1.33
[LAL seed=88] Epoch 150/200 | LR 0.100000 | Train Loss 0.1999 | Train Acc 91.26% | GradNorm 1.43
[LAL seed=88] Epoch 160/200 | LR 0.100000 | Train Loss 0.1783 | Train Acc 91.70% | GradNorm 1.37
[LAL seed=88] Epoch 170/200 | LR 0.001000 | Train Loss 0.0517 | Train Acc 98.03% | GradNorm 0.60
[LAL seed=88] Epoch 180/200 | LR 0.001000 | Train Loss 0.0391 | Train Acc 98.59% | GradNorm 0.48
[LAL seed=88] Epoch 190/200 | LR 0.000010 | Train Loss 0.0415 | Train Acc 98.49% | GradNorm 0.51
[LAL] checkpoint -> LAL_seed88_final.pt
[LAL seed=88] Epoch 200/200 | LR 0.000010 | Train Loss 0.0379 | Train Acc 98.57% | GradNorm 0.46
[LAL seed=88] done in 676s (200 epochs, final-epoch model is the reported model)
History saved to /kaggle/working/rs3/runs/ridge_sinkhorn_3seed_v1/attempts/inner/logit_adjusted/seed_88/outer_2/inner_1/20260930T152655.300848Z-182fe2ada8bb/expert_LAL/seed_88/outer_2/inner_1/training_history.json
Loaded checkpoint from /kaggle/working/rs3/runs/ridge_sinkhorn_3seed_v1/attempts/inner/logit_adjusted/seed_88/outer_2/inner_1/20260930T152655.300848Z-182fe2ada8bb/expert_LAL/seed_88/outer_2/inner_1/checkpoints/LAL_seed88_final.pt (epoch 200, seed 88)
[LongTailCIFAR100] Val set created:
  Total samples          : 2,170
  Head class (0) count   : 100
  Tail class (99) count  : 1
  Target imbalance ratio : 100.0
  Achieved IR            : 100.00
  Augmentations           : No
