[LongTailCIFAR100] Train set created:
  Total samples          : 6,508
  Head class (0) count   : 300
  Tail class (99) count  : 3
  Target imbalance ratio : 100.0
  Achieved IR            : 100.00
  Augmentations           : Yes
[Mixup seed=88] Epoch   1/200 | LR 0.020000 | Train Loss 4.3277 | GradNorm 2.65
[Mixup seed=88] Epoch  10/200 | LR 0.100000 | Train Loss 3.4582 | GradNorm 0.87
[Mixup seed=88] Epoch  20/200 | LR 0.100000 | Train Loss 3.0573 | GradNorm 0.99
[Mixup seed=88] Epoch  30/200 | LR 0.100000 | Train Loss 2.7942 | GradNorm 1.09
[Mixup seed=88] Epoch  40/200 | LR 0.100000 | Train Loss 2.7789 | GradNorm 1.08
[Mixup seed=88] Epoch  50/200 | LR 0.100000 | Train Loss 2.6120 | GradNorm 1.15
[Mixup seed=88] Epoch  60/200 | LR 0.100000 | Train Loss 2.4873 | GradNorm 1.17
[Mixup seed=88] Epoch  70/200 | LR 0.100000 | Train Loss 2.1816 | GradNorm 1.21
[Mixup seed=88] Epoch  80/200 | LR 0.100000 | Train Loss 2.3241 | GradNorm 1.24
[Mixup seed=88] Epoch  90/200 | LR 0.100000 | Train Loss 2.2518 | GradNorm 1.25
[Mixup seed=88] Epoch 100/200 | LR 0.100000 | Train Loss 2.2735 | GradNorm 1.26
[Mixup seed=88] Epoch 110/200 | LR 0.100000 | Train Loss 2.1589 | GradNorm 1.28
[Mixup seed=88] Epoch 120/200 | LR 0.100000 | Train Loss 2.1065 | GradNorm 1.30
[Mixup seed=88] Epoch 130/200 | LR 0.100000 | Train Loss 2.0446 | GradNorm 1.25
[Mixup seed=88] Epoch 140/200 | LR 0.100000 | Train Loss 1.9661 | GradNorm 1.25
[Mixup seed=88] Epoch 150/200 | LR 0.100000 | Train Loss 2.1618 | GradNorm 1.31
[Mixup seed=88] Epoch 160/200 | LR 0.100000 | Train Loss 1.9578 | GradNorm 1.25
[Mixup seed=88] Epoch 170/200 | LR 0.001000 | Train Loss 1.9465 | GradNorm 1.11
[Mixup seed=88] Epoch 180/200 | LR 0.001000 | Train Loss 1.7977 | GradNorm 1.05
[Mixup seed=88] Epoch 190/200 | LR 0.000010 | Train Loss 1.8176 | GradNorm 1.09
[Mixup] checkpoint -> Mixup_seed88_final.pt
[Mixup seed=88] Epoch 200/200 | LR 0.000010 | Train Loss 1.8762 | GradNorm 1.09
[Mixup seed=88] done in 687s (200 epochs, final-epoch model is the reported model)
History saved to /kaggle/working/rs3/runs/ridge_sinkhorn_3seed_v1/attempts/inner/mixup/seed_88/outer_0/inner_1/20260930T210247.225223Z-abcfb0ad610d/expert_Mixup/seed_88/outer_0/inner_1/training_history.json
Loaded checkpoint from /kaggle/working/rs3/runs/ridge_sinkhorn_3seed_v1/attempts/inner/mixup/seed_88/outer_0/inner_1/20260930T210247.225223Z-abcfb0ad610d/expert_Mixup/seed_88/outer_0/inner_1/checkpoints/Mixup_seed88_final.pt (epoch 200, seed 88)
[LongTailCIFAR100] Val set created:
  Total samples          : 2,169
  Head class (0) count   : 100
  Tail class (99) count  : 1
  Target imbalance ratio : 100.0
  Achieved IR            : 100.00
  Augmentations           : No
