[LongTailCIFAR100] Train set created:
  Total samples          : 6,508
  Head class (0) count   : 300
  Tail class (99) count  : 3
  Target imbalance ratio : 100.0
  Achieved IR            : 100.00
  Augmentations           : Yes
[CE seed=88] Epoch   1/200 | LR 0.020000 | Train Loss 4.3237 | Train Acc 6.98% | GradNorm 2.92
[CE seed=88] Epoch  10/200 | LR 0.100000 | Train Loss 2.7827 | Train Acc 30.24% | GradNorm 1.33
[CE seed=88] Epoch  20/200 | LR 0.100000 | Train Loss 2.0464 | Train Acc 45.81% | GradNorm 1.51
[CE seed=88] Epoch  30/200 | LR 0.100000 | Train Loss 1.5121 | Train Acc 57.67% | GradNorm 1.67
[CE seed=88] Epoch  40/200 | LR 0.100000 | Train Loss 1.1564 | Train Acc 66.26% | GradNorm 1.81
[CE seed=88] Epoch  50/200 | LR 0.100000 | Train Loss 0.9055 | Train Acc 73.17% | GradNorm 1.83
[CE seed=88] Epoch  60/200 | LR 0.100000 | Train Loss 0.7042 | Train Acc 78.60% | GradNorm 1.83
[CE seed=88] Epoch  70/200 | LR 0.100000 | Train Loss 0.5413 | Train Acc 82.90% | GradNorm 1.76
[CE seed=88] Epoch  80/200 | LR 0.100000 | Train Loss 0.4749 | Train Acc 84.88% | GradNorm 1.73
[CE seed=88] Epoch  90/200 | LR 0.100000 | Train Loss 0.3865 | Train Acc 87.65% | GradNorm 1.72
[CE seed=88] Epoch 100/200 | LR 0.100000 | Train Loss 0.3232 | Train Acc 90.01% | GradNorm 1.61
[CE seed=88] Epoch 110/200 | LR 0.100000 | Train Loss 0.3078 | Train Acc 90.14% | GradNorm 1.63
[CE seed=88] Epoch 120/200 | LR 0.100000 | Train Loss 0.2633 | Train Acc 91.76% | GradNorm 1.50
[CE seed=88] Epoch 130/200 | LR 0.100000 | Train Loss 0.2464 | Train Acc 92.15% | GradNorm 1.52
[CE seed=88] Epoch 140/200 | LR 0.100000 | Train Loss 0.2115 | Train Acc 93.64% | GradNorm 1.42
[CE seed=88] Epoch 150/200 | LR 0.100000 | Train Loss 0.2001 | Train Acc 93.88% | GradNorm 1.40
[CE seed=88] Epoch 160/200 | LR 0.100000 | Train Loss 0.2199 | Train Acc 93.38% | GradNorm 1.50
[CE seed=88] Epoch 170/200 | LR 0.001000 | Train Loss 0.0619 | Train Acc 98.74% | GradNorm 0.68
[CE seed=88] Epoch 180/200 | LR 0.001000 | Train Loss 0.0426 | Train Acc 99.37% | GradNorm 0.49
[CE seed=88] Epoch 190/200 | LR 0.000010 | Train Loss 0.0406 | Train Acc 99.43% | GradNorm 0.48
[CE] checkpoint -> CE_seed88_final.pt
[CE seed=88] Epoch 200/200 | LR 0.000010 | Train Loss 0.0427 | Train Acc 99.42% | GradNorm 0.49
[CE seed=88] done in 689s (200 epochs, final-epoch model is the reported model)
History saved to /kaggle/working/rs3/runs/ridge_sinkhorn_3seed_v1/attempts/inner/ce/seed_88/outer_4/inner_0/20260929T170858.341679Z-834567cdf037/expert_CE/seed_88/outer_4/inner_0/training_history.json
Loaded checkpoint from /kaggle/working/rs3/runs/ridge_sinkhorn_3seed_v1/attempts/inner/ce/seed_88/outer_4/inner_0/20260929T170858.341679Z-834567cdf037/expert_CE/seed_88/outer_4/inner_0/checkpoints/CE_seed88_final.pt (epoch 200, seed 88)
[LongTailCIFAR100] Val set created:
  Total samples          : 2,170
  Head class (0) count   : 100
  Tail class (99) count  : 1
  Target imbalance ratio : 100.0
  Achieved IR            : 100.00
  Augmentations           : No
