[LongTailCIFAR100] Train set created:
  Total samples          : 6,508
  Head class (0) count   : 300
  Tail class (99) count  : 3
  Target imbalance ratio : 100.0
  Achieved IR            : 100.00
  Augmentations           : Yes
[Mixup seed=1034] Epoch   1/200 | LR 0.020000 | Train Loss 4.4014 | GradNorm 2.74
[Mixup seed=1034] Epoch  10/200 | LR 0.100000 | Train Loss 3.3872 | GradNorm 0.91
[Mixup seed=1034] Epoch  20/200 | LR 0.100000 | Train Loss 3.0860 | GradNorm 1.01
[Mixup seed=1034] Epoch  30/200 | LR 0.100000 | Train Loss 2.9612 | GradNorm 1.06
[Mixup seed=1034] Epoch  40/200 | LR 0.100000 | Train Loss 2.8181 | GradNorm 1.09
[Mixup seed=1034] Epoch  50/200 | LR 0.100000 | Train Loss 2.7301 | GradNorm 1.12
[Mixup seed=1034] Epoch  60/200 | LR 0.100000 | Train Loss 2.5746 | GradNorm 1.21
[Mixup seed=1034] Epoch  70/200 | LR 0.100000 | Train Loss 2.3455 | GradNorm 1.26
[Mixup seed=1034] Epoch  80/200 | LR 0.100000 | Train Loss 2.3330 | GradNorm 1.21
[Mixup seed=1034] Epoch  90/200 | LR 0.100000 | Train Loss 2.2446 | GradNorm 1.23
[Mixup seed=1034] Epoch 100/200 | LR 0.100000 | Train Loss 2.2069 | GradNorm 1.25
[Mixup seed=1034] Epoch 110/200 | LR 0.100000 | Train Loss 2.2627 | GradNorm 1.25
[Mixup seed=1034] Epoch 120/200 | LR 0.100000 | Train Loss 2.1281 | GradNorm 1.26
[Mixup seed=1034] Epoch 130/200 | LR 0.100000 | Train Loss 2.2823 | GradNorm 1.28
[Mixup seed=1034] Epoch 140/200 | LR 0.100000 | Train Loss 2.0807 | GradNorm 1.29
[Mixup seed=1034] Epoch 150/200 | LR 0.100000 | Train Loss 1.9804 | GradNorm 1.24
[Mixup seed=1034] Epoch 160/200 | LR 0.100000 | Train Loss 1.7878 | GradNorm 1.25
[Mixup seed=1034] Epoch 170/200 | LR 0.001000 | Train Loss 1.8574 | GradNorm 1.10
[Mixup seed=1034] Epoch 180/200 | LR 0.001000 | Train Loss 1.8667 | GradNorm 1.11
[Mixup seed=1034] Epoch 190/200 | LR 0.000010 | Train Loss 1.8779 | GradNorm 1.11
[Mixup] checkpoint -> Mixup_seed1034_final.pt
[Mixup seed=1034] Epoch 200/200 | LR 0.000010 | Train Loss 1.7964 | GradNorm 1.06
[Mixup seed=1034] done in 685s (200 epochs, final-epoch model is the reported model)
History saved to /kaggle/working/rs3/runs/ridge_sinkhorn_3seed_v1/attempts/inner/mixup/seed_1034/outer_2/inner_1/20260928T203603.838489Z-7e1df4061e58/expert_Mixup/seed_1034/outer_2/inner_1/training_history.json
Loaded checkpoint from /kaggle/working/rs3/runs/ridge_sinkhorn_3seed_v1/attempts/inner/mixup/seed_1034/outer_2/inner_1/20260928T203603.838489Z-7e1df4061e58/expert_Mixup/seed_1034/outer_2/inner_1/checkpoints/Mixup_seed1034_final.pt (epoch 200, seed 1034)
[LongTailCIFAR100] Val set created:
  Total samples          : 2,170
  Head class (0) count   : 100
  Tail class (99) count  : 1
  Target imbalance ratio : 100.0
  Achieved IR            : 100.00
  Augmentations           : No
