[LongTailCIFAR100] Train set created:
  Total samples          : 6,508
  Head class (0) count   : 300
  Tail class (99) count  : 3
  Target imbalance ratio : 100.0
  Achieved IR            : 100.00
  Augmentations           : Yes
[Mixup seed=78] Epoch   1/200 | LR 0.020000 | Train Loss 4.4100 | GradNorm 2.64
[Mixup seed=78] Epoch  10/200 | LR 0.100000 | Train Loss 3.4669 | GradNorm 0.89
[Mixup seed=78] Epoch  20/200 | LR 0.100000 | Train Loss 3.1558 | GradNorm 0.99
[Mixup seed=78] Epoch  30/200 | LR 0.100000 | Train Loss 2.8882 | GradNorm 1.10
[Mixup seed=78] Epoch  40/200 | LR 0.100000 | Train Loss 2.7276 | GradNorm 1.09
[Mixup seed=78] Epoch  50/200 | LR 0.100000 | Train Loss 2.5918 | GradNorm 1.15
[Mixup seed=78] Epoch  60/200 | LR 0.100000 | Train Loss 2.4668 | GradNorm 1.16
[Mixup seed=78] Epoch  70/200 | LR 0.100000 | Train Loss 2.3654 | GradNorm 1.20
[Mixup seed=78] Epoch  80/200 | LR 0.100000 | Train Loss 2.1930 | GradNorm 1.26
[Mixup seed=78] Epoch  90/200 | LR 0.100000 | Train Loss 2.2616 | GradNorm 1.26
[Mixup seed=78] Epoch 100/200 | LR 0.100000 | Train Loss 2.3155 | GradNorm 1.25
[Mixup seed=78] Epoch 110/200 | LR 0.100000 | Train Loss 2.2093 | GradNorm 1.28
[Mixup seed=78] Epoch 120/200 | LR 0.100000 | Train Loss 2.0512 | GradNorm 1.20
[Mixup seed=78] Epoch 130/200 | LR 0.100000 | Train Loss 2.2816 | GradNorm 1.28
[Mixup seed=78] Epoch 140/200 | LR 0.100000 | Train Loss 1.9012 | GradNorm 1.23
[Mixup seed=78] Epoch 150/200 | LR 0.100000 | Train Loss 2.1159 | GradNorm 1.22
[Mixup seed=78] Epoch 160/200 | LR 0.100000 | Train Loss 2.1508 | GradNorm 1.26
[Mixup seed=78] Epoch 170/200 | LR 0.001000 | Train Loss 1.7064 | GradNorm 1.04
[Mixup seed=78] Epoch 180/200 | LR 0.001000 | Train Loss 1.7083 | GradNorm 1.02
[Mixup seed=78] Epoch 190/200 | LR 0.000010 | Train Loss 1.7578 | GradNorm 1.02
[Mixup] checkpoint -> Mixup_seed78_final.pt
[Mixup seed=78] Epoch 200/200 | LR 0.000010 | Train Loss 1.8744 | GradNorm 1.06
[Mixup seed=78] done in 688s (200 epochs, final-epoch model is the reported model)
History saved to /kaggle/working/rs3/runs/ridge_sinkhorn_3seed_v1/attempts/inner/mixup/seed_78/outer_4/inner_1/20260930T204143.791192Z-27f5044c452c/expert_Mixup/seed_78/outer_4/inner_1/training_history.json
Loaded checkpoint from /kaggle/working/rs3/runs/ridge_sinkhorn_3seed_v1/attempts/inner/mixup/seed_78/outer_4/inner_1/20260930T204143.791192Z-27f5044c452c/expert_Mixup/seed_78/outer_4/inner_1/checkpoints/Mixup_seed78_final.pt (epoch 200, seed 78)
[LongTailCIFAR100] Val set created:
  Total samples          : 2,170
  Head class (0) count   : 100
  Tail class (99) count  : 1
  Target imbalance ratio : 100.0
  Achieved IR            : 100.00
  Augmentations           : No
