[LongTailCIFAR100] Train set created:
  Total samples          : 6,508
  Head class (0) count   : 300
  Tail class (99) count  : 3
  Target imbalance ratio : 100.0
  Achieved IR            : 100.00
  Augmentations           : Yes
[Mixup seed=78] Epoch   1/200 | LR 0.020000 | Train Loss 4.4039 | GradNorm 2.66
[Mixup seed=78] Epoch  10/200 | LR 0.100000 | Train Loss 3.4459 | GradNorm 0.91
[Mixup seed=78] Epoch  20/200 | LR 0.100000 | Train Loss 3.1314 | GradNorm 1.01
[Mixup seed=78] Epoch  30/200 | LR 0.100000 | Train Loss 2.8638 | GradNorm 1.08
[Mixup seed=78] Epoch  40/200 | LR 0.100000 | Train Loss 2.6953 | GradNorm 1.12
[Mixup seed=78] Epoch  50/200 | LR 0.100000 | Train Loss 2.5468 | GradNorm 1.16
[Mixup seed=78] Epoch  60/200 | LR 0.100000 | Train Loss 2.4486 | GradNorm 1.18
[Mixup seed=78] Epoch  70/200 | LR 0.100000 | Train Loss 2.3339 | GradNorm 1.22
[Mixup seed=78] Epoch  80/200 | LR 0.100000 | Train Loss 2.1642 | GradNorm 1.24
[Mixup seed=78] Epoch  90/200 | LR 0.100000 | Train Loss 2.2496 | GradNorm 1.22
[Mixup seed=78] Epoch 100/200 | LR 0.100000 | Train Loss 2.3162 | GradNorm 1.24
[Mixup seed=78] Epoch 110/200 | LR 0.100000 | Train Loss 2.1998 | GradNorm 1.24
[Mixup seed=78] Epoch 120/200 | LR 0.100000 | Train Loss 2.0505 | GradNorm 1.22
[Mixup seed=78] Epoch 130/200 | LR 0.100000 | Train Loss 2.2894 | GradNorm 1.27
[Mixup seed=78] Epoch 140/200 | LR 0.100000 | Train Loss 1.8952 | GradNorm 1.23
[Mixup seed=78] Epoch 150/200 | LR 0.100000 | Train Loss 2.1097 | GradNorm 1.23
[Mixup seed=78] Epoch 160/200 | LR 0.100000 | Train Loss 2.1375 | GradNorm 1.26
[Mixup seed=78] Epoch 170/200 | LR 0.001000 | Train Loss 1.7121 | GradNorm 1.03
[Mixup seed=78] Epoch 180/200 | LR 0.001000 | Train Loss 1.6978 | GradNorm 1.00
[Mixup seed=78] Epoch 190/200 | LR 0.000010 | Train Loss 1.7600 | GradNorm 1.02
[Mixup] checkpoint -> Mixup_seed78_final.pt
[Mixup seed=78] Epoch 200/200 | LR 0.000010 | Train Loss 1.8755 | GradNorm 1.06
[Mixup seed=78] done in 689s (200 epochs, final-epoch model is the reported model)
History saved to /kaggle/working/rs3/runs/ridge_sinkhorn_3seed_v1/attempts/inner/mixup/seed_78/outer_1/inner_3/20260928T221755.735520Z-311965f63519/expert_Mixup/seed_78/outer_1/inner_3/training_history.json
Loaded checkpoint from /kaggle/working/rs3/runs/ridge_sinkhorn_3seed_v1/attempts/inner/mixup/seed_78/outer_1/inner_3/20260928T221755.735520Z-311965f63519/expert_Mixup/seed_78/outer_1/inner_3/checkpoints/Mixup_seed78_final.pt (epoch 200, seed 78)
[LongTailCIFAR100] Val set created:
  Total samples          : 2,169
  Head class (0) count   : 100
  Tail class (99) count  : 1
  Target imbalance ratio : 100.0
  Achieved IR            : 100.00
  Augmentations           : No
