[LongTailCIFAR100] Train set created:
  Total samples          : 6,509
  Head class (0) count   : 300
  Tail class (99) count  : 3
  Target imbalance ratio : 100.0
  Achieved IR            : 100.00
  Augmentations           : Yes
[BalancedSoftmax seed=88] Epoch   1/200 | LR 0.020000 | Train Loss 4.2593 | Train Acc 2.17% | GradNorm 3.03
[BalancedSoftmax seed=88] Epoch  10/200 | LR 0.100000 | Train Loss 2.7641 | Train Acc 24.75% | GradNorm 1.33
[BalancedSoftmax seed=88] Epoch  20/200 | LR 0.100000 | Train Loss 2.0365 | Train Acc 39.27% | GradNorm 1.49
[BalancedSoftmax seed=88] Epoch  30/200 | LR 0.100000 | Train Loss 1.4904 | Train Acc 51.28% | GradNorm 1.65
[BalancedSoftmax seed=88] Epoch  40/200 | LR 0.100000 | Train Loss 1.1307 | Train Acc 59.90% | GradNorm 1.74
[BalancedSoftmax seed=88] Epoch  50/200 | LR 0.100000 | Train Loss 0.8924 | Train Acc 66.37% | GradNorm 1.80
[BalancedSoftmax seed=88] Epoch  60/200 | LR 0.100000 | Train Loss 0.7193 | Train Acc 72.04% | GradNorm 1.84
[BalancedSoftmax seed=88] Epoch  70/200 | LR 0.100000 | Train Loss 0.5201 | Train Acc 78.91% | GradNorm 1.75
[BalancedSoftmax seed=88] Epoch  80/200 | LR 0.100000 | Train Loss 0.4168 | Train Acc 82.29% | GradNorm 1.64
[BalancedSoftmax seed=88] Epoch  90/200 | LR 0.100000 | Train Loss 0.3571 | Train Acc 84.34% | GradNorm 1.63
[BalancedSoftmax seed=88] Epoch 100/200 | LR 0.100000 | Train Loss 0.3115 | Train Acc 86.33% | GradNorm 1.57
[BalancedSoftmax seed=88] Epoch 110/200 | LR 0.100000 | Train Loss 0.2855 | Train Acc 87.52% | GradNorm 1.56
[BalancedSoftmax seed=88] Epoch 120/200 | LR 0.100000 | Train Loss 0.2877 | Train Acc 87.63% | GradNorm 1.62
[BalancedSoftmax seed=88] Epoch 130/200 | LR 0.100000 | Train Loss 0.2597 | Train Acc 88.68% | GradNorm 1.57
[BalancedSoftmax seed=88] Epoch 140/200 | LR 0.100000 | Train Loss 0.2184 | Train Acc 89.77% | GradNorm 1.42
[BalancedSoftmax seed=88] Epoch 150/200 | LR 0.100000 | Train Loss 0.2786 | Train Acc 87.82% | GradNorm 1.64
[BalancedSoftmax seed=88] Epoch 160/200 | LR 0.100000 | Train Loss 0.2312 | Train Acc 89.91% | GradNorm 1.54
[BalancedSoftmax seed=88] Epoch 170/200 | LR 0.001000 | Train Loss 0.0635 | Train Acc 97.59% | GradNorm 0.65
[BalancedSoftmax seed=88] Epoch 180/200 | LR 0.001000 | Train Loss 0.0451 | Train Acc 98.08% | GradNorm 0.52
[BalancedSoftmax seed=88] Epoch 190/200 | LR 0.000010 | Train Loss 0.0424 | Train Acc 98.22% | GradNorm 0.49
[BalancedSoftmax] checkpoint -> BalancedSoftmax_seed88_final.pt
[BalancedSoftmax seed=88] Epoch 200/200 | LR 0.000010 | Train Loss 0.0422 | Train Acc 98.59% | GradNorm 0.48
[BalancedSoftmax seed=88] done in 726s (200 epochs, final-epoch model is the reported model)
History saved to /kaggle/working/rs3/runs/ridge_sinkhorn_3seed_v1/attempts/inner/balanced_softmax/seed_88/outer_4/inner_2/20260927T075754.338749Z-ea0de5713a7b/expert_BalancedSoftmax/seed_88/outer_4/inner_2/training_history.json
Loaded checkpoint from /kaggle/working/rs3/runs/ridge_sinkhorn_3seed_v1/attempts/inner/balanced_softmax/seed_88/outer_4/inner_2/20260927T075754.338749Z-ea0de5713a7b/expert_BalancedSoftmax/seed_88/outer_4/inner_2/checkpoints/BalancedSoftmax_seed88_final.pt (epoch 200, seed 88)
[LongTailCIFAR100] Val set created:
  Total samples          : 2,169
  Head class (0) count   : 100
  Tail class (99) count  : 1
  Target imbalance ratio : 100.0
  Achieved IR            : 100.00
  Augmentations           : No
