[LongTailCIFAR100] Train set created:
  Total samples          : 6,508
  Head class (0) count   : 300
  Tail class (99) count  : 3
  Target imbalance ratio : 100.0
  Achieved IR            : 100.00
  Augmentations           : Yes
[LAL seed=88] Epoch   1/200 | LR 0.020000 | Train Loss 4.2757 | Train Acc 1.98% | GradNorm 2.88
[LAL seed=88] Epoch  10/200 | LR 0.100000 | Train Loss 2.7819 | Train Acc 23.89% | GradNorm 1.33
[LAL seed=88] Epoch  20/200 | LR 0.100000 | Train Loss 2.0306 | Train Acc 39.66% | GradNorm 1.51
[LAL seed=88] Epoch  30/200 | LR 0.100000 | Train Loss 1.5169 | Train Acc 50.58% | GradNorm 1.64
[LAL seed=88] Epoch  40/200 | LR 0.100000 | Train Loss 1.1401 | Train Acc 59.28% | GradNorm 1.77
[LAL seed=88] Epoch  50/200 | LR 0.100000 | Train Loss 0.8775 | Train Acc 66.03% | GradNorm 1.81
[LAL seed=88] Epoch  60/200 | LR 0.100000 | Train Loss 0.6913 | Train Acc 72.02% | GradNorm 1.84
[LAL seed=88] Epoch  70/200 | LR 0.100000 | Train Loss 0.5389 | Train Acc 78.24% | GradNorm 1.77
[LAL seed=88] Epoch  80/200 | LR 0.100000 | Train Loss 0.4208 | Train Acc 82.11% | GradNorm 1.66
[LAL seed=88] Epoch  90/200 | LR 0.100000 | Train Loss 0.3648 | Train Acc 84.34% | GradNorm 1.61
[LAL seed=88] Epoch 100/200 | LR 0.100000 | Train Loss 0.3156 | Train Acc 85.96% | GradNorm 1.58
[LAL seed=88] Epoch 110/200 | LR 0.100000 | Train Loss 0.3087 | Train Acc 86.46% | GradNorm 1.66
[LAL seed=88] Epoch 120/200 | LR 0.100000 | Train Loss 0.2604 | Train Acc 88.55% | GradNorm 1.50
[LAL seed=88] Epoch 130/200 | LR 0.100000 | Train Loss 0.3080 | Train Acc 87.08% | GradNorm 1.70
[LAL seed=88] Epoch 140/200 | LR 0.100000 | Train Loss 0.2695 | Train Acc 88.41% | GradNorm 1.62
[LAL seed=88] Epoch 150/200 | LR 0.100000 | Train Loss 0.2302 | Train Acc 90.35% | GradNorm 1.55
[LAL seed=88] Epoch 160/200 | LR 0.100000 | Train Loss 0.2179 | Train Acc 90.50% | GradNorm 1.43
[LAL seed=88] Epoch 170/200 | LR 0.001000 | Train Loss 0.0603 | Train Acc 97.53% | GradNorm 0.62
[LAL seed=88] Epoch 180/200 | LR 0.001000 | Train Loss 0.0471 | Train Acc 98.09% | GradNorm 0.54
[LAL seed=88] Epoch 190/200 | LR 0.000010 | Train Loss 0.0452 | Train Acc 98.43% | GradNorm 0.51
[LAL] checkpoint -> LAL_seed88_final.pt
[LAL seed=88] Epoch 200/200 | LR 0.000010 | Train Loss 0.0435 | Train Acc 98.56% | GradNorm 0.51
[LAL seed=88] done in 689s (200 epochs, final-epoch model is the reported model)
History saved to /kaggle/working/rs3/runs/ridge_sinkhorn_3seed_v1/attempts/inner/logit_adjusted/seed_88/outer_0/inner_2/20260930T133815.173157Z-f82515089fd4/expert_LAL/seed_88/outer_0/inner_2/training_history.json
Loaded checkpoint from /kaggle/working/rs3/runs/ridge_sinkhorn_3seed_v1/attempts/inner/logit_adjusted/seed_88/outer_0/inner_2/20260930T133815.173157Z-f82515089fd4/expert_LAL/seed_88/outer_0/inner_2/checkpoints/LAL_seed88_final.pt (epoch 200, seed 88)
[LongTailCIFAR100] Val set created:
  Total samples          : 2,169
  Head class (0) count   : 100
  Tail class (99) count  : 1
  Target imbalance ratio : 100.0
  Achieved IR            : 100.00
  Augmentations           : No
