[LongTailCIFAR100] Train set created:
  Total samples          : 6,509
  Head class (0) count   : 300
  Tail class (99) count  : 3
  Target imbalance ratio : 100.0
  Achieved IR            : 100.00
  Augmentations           : Yes
[Mixup seed=78] Epoch   1/200 | LR 0.020000 | Train Loss 4.4002 | GradNorm 2.70
[Mixup seed=78] Epoch  10/200 | LR 0.100000 | Train Loss 3.4683 | GradNorm 0.88
[Mixup seed=78] Epoch  20/200 | LR 0.100000 | Train Loss 3.1465 | GradNorm 0.97
[Mixup seed=78] Epoch  30/200 | LR 0.100000 | Train Loss 2.9221 | GradNorm 1.07
[Mixup seed=78] Epoch  40/200 | LR 0.100000 | Train Loss 2.7506 | GradNorm 1.10
[Mixup seed=78] Epoch  50/200 | LR 0.100000 | Train Loss 2.5944 | GradNorm 1.14
[Mixup seed=78] Epoch  60/200 | LR 0.100000 | Train Loss 2.4922 | GradNorm 1.16
[Mixup seed=78] Epoch  70/200 | LR 0.100000 | Train Loss 2.3724 | GradNorm 1.22
[Mixup seed=78] Epoch  80/200 | LR 0.100000 | Train Loss 2.1862 | GradNorm 1.23
[Mixup seed=78] Epoch  90/200 | LR 0.100000 | Train Loss 2.2642 | GradNorm 1.24
[Mixup seed=78] Epoch 100/200 | LR 0.100000 | Train Loss 2.3308 | GradNorm 1.22
[Mixup seed=78] Epoch 110/200 | LR 0.100000 | Train Loss 2.1879 | GradNorm 1.25
[Mixup seed=78] Epoch 120/200 | LR 0.100000 | Train Loss 2.0737 | GradNorm 1.22
[Mixup seed=78] Epoch 130/200 | LR 0.100000 | Train Loss 2.2697 | GradNorm 1.27
[Mixup seed=78] Epoch 140/200 | LR 0.100000 | Train Loss 1.9350 | GradNorm 1.26
[Mixup seed=78] Epoch 150/200 | LR 0.100000 | Train Loss 2.1288 | GradNorm 1.26
[Mixup seed=78] Epoch 160/200 | LR 0.100000 | Train Loss 2.1559 | GradNorm 1.26
[Mixup seed=78] Epoch 170/200 | LR 0.001000 | Train Loss 1.7282 | GradNorm 1.04
[Mixup seed=78] Epoch 180/200 | LR 0.001000 | Train Loss 1.7203 | GradNorm 1.01
[Mixup seed=78] Epoch 190/200 | LR 0.000010 | Train Loss 1.7738 | GradNorm 1.03
[Mixup] checkpoint -> Mixup_seed78_final.pt
[Mixup seed=78] Epoch 200/200 | LR 0.000010 | Train Loss 1.8836 | GradNorm 1.05
[Mixup seed=78] done in 677s (200 epochs, final-epoch model is the reported model)
History saved to /kaggle/working/rs3/runs/ridge_sinkhorn_3seed_v1/attempts/inner/mixup/seed_78/outer_2/inner_3/20260928T061115.730163Z-4e10a60b8346/expert_Mixup/seed_78/outer_2/inner_3/training_history.json
Loaded checkpoint from /kaggle/working/rs3/runs/ridge_sinkhorn_3seed_v1/attempts/inner/mixup/seed_78/outer_2/inner_3/20260928T061115.730163Z-4e10a60b8346/expert_Mixup/seed_78/outer_2/inner_3/checkpoints/Mixup_seed78_final.pt (epoch 200, seed 78)
[LongTailCIFAR100] Val set created:
  Total samples          : 2,169
  Head class (0) count   : 100
  Tail class (99) count  : 1
  Target imbalance ratio : 100.0
  Achieved IR            : 100.00
  Augmentations           : No
