[LongTailCIFAR100] Train set created:
  Total samples          : 6,507
  Head class (0) count   : 300
  Tail class (99) count  : 3
  Target imbalance ratio : 100.0
  Achieved IR            : 100.00
  Augmentations           : Yes
[CE seed=88] Epoch   1/200 | LR 0.020000 | Train Loss 4.2719 | Train Acc 8.41% | GradNorm 2.99
[CE seed=88] Epoch  10/200 | LR 0.100000 | Train Loss 2.7089 | Train Acc 32.35% | GradNorm 1.35
[CE seed=88] Epoch  20/200 | LR 0.100000 | Train Loss 1.9890 | Train Acc 47.18% | GradNorm 1.58
[CE seed=88] Epoch  30/200 | LR 0.100000 | Train Loss 1.4553 | Train Acc 58.89% | GradNorm 1.71
[CE seed=88] Epoch  40/200 | LR 0.100000 | Train Loss 1.0939 | Train Acc 67.48% | GradNorm 1.78
[CE seed=88] Epoch  50/200 | LR 0.100000 | Train Loss 0.8329 | Train Acc 74.52% | GradNorm 1.85
[CE seed=88] Epoch  60/200 | LR 0.100000 | Train Loss 0.6498 | Train Acc 79.71% | GradNorm 1.76
[CE seed=88] Epoch  70/200 | LR 0.100000 | Train Loss 0.4728 | Train Acc 85.00% | GradNorm 1.68
[CE seed=88] Epoch  80/200 | LR 0.100000 | Train Loss 0.4288 | Train Acc 86.41% | GradNorm 1.71
[CE seed=88] Epoch  90/200 | LR 0.100000 | Train Loss 0.3762 | Train Acc 88.20% | GradNorm 1.72
[CE seed=88] Epoch 100/200 | LR 0.100000 | Train Loss 0.3306 | Train Acc 89.29% | GradNorm 1.68
[CE seed=88] Epoch 110/200 | LR 0.100000 | Train Loss 0.2730 | Train Acc 91.44% | GradNorm 1.54
[CE seed=88] Epoch 120/200 | LR 0.100000 | Train Loss 0.2912 | Train Acc 91.06% | GradNorm 1.61
[CE seed=88] Epoch 130/200 | LR 0.100000 | Train Loss 0.2258 | Train Acc 93.13% | GradNorm 1.48
[CE seed=88] Epoch 140/200 | LR 0.100000 | Train Loss 0.2236 | Train Acc 93.19% | GradNorm 1.50
[CE seed=88] Epoch 150/200 | LR 0.100000 | Train Loss 0.2243 | Train Acc 93.12% | GradNorm 1.47
[CE seed=88] Epoch 160/200 | LR 0.100000 | Train Loss 0.1800 | Train Acc 94.50% | GradNorm 1.32
[CE seed=88] Epoch 170/200 | LR 0.001000 | Train Loss 0.0494 | Train Acc 99.05% | GradNorm 0.58
[CE seed=88] Epoch 180/200 | LR 0.001000 | Train Loss 0.0420 | Train Acc 99.34% | GradNorm 0.51
[CE seed=88] Epoch 190/200 | LR 0.000010 | Train Loss 0.0386 | Train Acc 99.37% | GradNorm 0.48
[CE] checkpoint -> CE_seed88_final.pt
[CE seed=88] Epoch 200/200 | LR 0.000010 | Train Loss 0.0362 | Train Acc 99.45% | GradNorm 0.44
[CE seed=88] done in 727s (200 epochs, final-epoch model is the reported model)
History saved to /kaggle/working/rs3/runs/ridge_sinkhorn_3seed_v1/attempts/inner/ce/seed_88/outer_1/inner_0/20260927T101139.858555Z-efa7d647a896/expert_CE/seed_88/outer_1/inner_0/training_history.json
Loaded checkpoint from /kaggle/working/rs3/runs/ridge_sinkhorn_3seed_v1/attempts/inner/ce/seed_88/outer_1/inner_0/20260927T101139.858555Z-efa7d647a896/expert_CE/seed_88/outer_1/inner_0/checkpoints/CE_seed88_final.pt (epoch 200, seed 88)
[LongTailCIFAR100] Val set created:
  Total samples          : 2,170
  Head class (0) count   : 100
  Tail class (99) count  : 1
  Target imbalance ratio : 100.0
  Achieved IR            : 100.00
  Augmentations           : No
