[LongTailCIFAR100] Train set created:
  Total samples          : 6,509
  Head class (0) count   : 300
  Tail class (99) count  : 3
  Target imbalance ratio : 100.0
  Achieved IR            : 100.00
  Augmentations           : Yes
[BalancedSoftmax seed=78] Epoch   1/200 | LR 0.020000 | Train Loss 4.2942 | Train Acc 3.79% | GradNorm 3.06
[BalancedSoftmax seed=78] Epoch  10/200 | LR 0.100000 | Train Loss 2.7927 | Train Acc 24.00% | GradNorm 1.32
[BalancedSoftmax seed=78] Epoch  20/200 | LR 0.100000 | Train Loss 2.0504 | Train Acc 39.15% | GradNorm 1.51
[BalancedSoftmax seed=78] Epoch  30/200 | LR 0.100000 | Train Loss 1.5316 | Train Acc 50.48% | GradNorm 1.71
[BalancedSoftmax seed=78] Epoch  40/200 | LR 0.100000 | Train Loss 1.1539 | Train Acc 59.76% | GradNorm 1.84
[BalancedSoftmax seed=78] Epoch  50/200 | LR 0.100000 | Train Loss 0.8515 | Train Acc 67.88% | GradNorm 1.80
[BalancedSoftmax seed=78] Epoch  60/200 | LR 0.100000 | Train Loss 0.6727 | Train Acc 73.14% | GradNorm 1.83
[BalancedSoftmax seed=78] Epoch  70/200 | LR 0.100000 | Train Loss 0.5206 | Train Acc 78.15% | GradNorm 1.79
[BalancedSoftmax seed=78] Epoch  80/200 | LR 0.100000 | Train Loss 0.4289 | Train Acc 82.33% | GradNorm 1.72
[BalancedSoftmax seed=78] Epoch  90/200 | LR 0.100000 | Train Loss 0.3542 | Train Acc 84.67% | GradNorm 1.65
[BalancedSoftmax seed=78] Epoch 100/200 | LR 0.100000 | Train Loss 0.2876 | Train Acc 86.97% | GradNorm 1.49
[BalancedSoftmax seed=78] Epoch 110/200 | LR 0.100000 | Train Loss 0.2783 | Train Acc 87.17% | GradNorm 1.54
[BalancedSoftmax seed=78] Epoch 120/200 | LR 0.100000 | Train Loss 0.2897 | Train Acc 87.45% | GradNorm 1.67
[BalancedSoftmax seed=78] Epoch 130/200 | LR 0.100000 | Train Loss 0.2139 | Train Acc 90.55% | GradNorm 1.37
[BalancedSoftmax seed=78] Epoch 140/200 | LR 0.100000 | Train Loss 0.2636 | Train Acc 88.45% | GradNorm 1.58
[BalancedSoftmax seed=78] Epoch 150/200 | LR 0.100000 | Train Loss 0.2642 | Train Acc 88.46% | GradNorm 1.59
[BalancedSoftmax seed=78] Epoch 160/200 | LR 0.100000 | Train Loss 0.2307 | Train Acc 89.75% | GradNorm 1.55
[BalancedSoftmax seed=78] Epoch 170/200 | LR 0.001000 | Train Loss 0.0649 | Train Acc 96.88% | GradNorm 0.68
[BalancedSoftmax seed=78] Epoch 180/200 | LR 0.001000 | Train Loss 0.0445 | Train Acc 98.17% | GradNorm 0.49
[BalancedSoftmax seed=78] Epoch 190/200 | LR 0.000010 | Train Loss 0.0426 | Train Acc 98.37% | GradNorm 0.50
[BalancedSoftmax] checkpoint -> BalancedSoftmax_seed78_final.pt
[BalancedSoftmax seed=78] Epoch 200/200 | LR 0.000010 | Train Loss 0.0440 | Train Acc 98.36% | GradNorm 0.51
[BalancedSoftmax seed=78] done in 691s (200 epochs, final-epoch model is the reported model)
History saved to /kaggle/working/rs3/runs/ridge_sinkhorn_3seed_v1/attempts/inner/balanced_softmax/seed_78/outer_3/inner_3/20260930T062325.992360Z-5fd72f55055c/expert_BalancedSoftmax/seed_78/outer_3/inner_3/training_history.json
Loaded checkpoint from /kaggle/working/rs3/runs/ridge_sinkhorn_3seed_v1/attempts/inner/balanced_softmax/seed_78/outer_3/inner_3/20260930T062325.992360Z-5fd72f55055c/expert_BalancedSoftmax/seed_78/outer_3/inner_3/checkpoints/BalancedSoftmax_seed78_final.pt (epoch 200, seed 78)
[LongTailCIFAR100] Val set created:
  Total samples          : 2,169
  Head class (0) count   : 100
  Tail class (99) count  : 1
  Target imbalance ratio : 100.0
  Achieved IR            : 100.00
  Augmentations           : No
