[LongTailCIFAR100] Train set created:
  Total samples          : 6,508
  Head class (0) count   : 300
  Tail class (99) count  : 3
  Target imbalance ratio : 100.0
  Achieved IR            : 100.00
  Augmentations           : Yes
[CE seed=1034] Epoch   1/200 | LR 0.020000 | Train Loss 4.3543 | Train Acc 7.05% | GradNorm 3.08
[CE seed=1034] Epoch  10/200 | LR 0.100000 | Train Loss 2.7734 | Train Acc 31.21% | GradNorm 1.37
[CE seed=1034] Epoch  20/200 | LR 0.100000 | Train Loss 2.0519 | Train Acc 45.99% | GradNorm 1.53
[CE seed=1034] Epoch  30/200 | LR 0.100000 | Train Loss 1.5500 | Train Acc 56.85% | GradNorm 1.71
[CE seed=1034] Epoch  40/200 | LR 0.100000 | Train Loss 1.1771 | Train Acc 66.10% | GradNorm 1.83
[CE seed=1034] Epoch  50/200 | LR 0.100000 | Train Loss 0.8588 | Train Acc 74.25% | GradNorm 1.81
[CE seed=1034] Epoch  60/200 | LR 0.100000 | Train Loss 0.6853 | Train Acc 79.12% | GradNorm 1.80
[CE seed=1034] Epoch  70/200 | LR 0.100000 | Train Loss 0.5513 | Train Acc 82.47% | GradNorm 1.83
[CE seed=1034] Epoch  80/200 | LR 0.100000 | Train Loss 0.4162 | Train Acc 87.08% | GradNorm 1.68
[CE seed=1034] Epoch  90/200 | LR 0.100000 | Train Loss 0.3358 | Train Acc 89.11% | GradNorm 1.60
[CE seed=1034] Epoch 100/200 | LR 0.100000 | Train Loss 0.3592 | Train Acc 88.83% | GradNorm 1.68
[CE seed=1034] Epoch 110/200 | LR 0.100000 | Train Loss 0.2947 | Train Acc 90.80% | GradNorm 1.60
[CE seed=1034] Epoch 120/200 | LR 0.100000 | Train Loss 0.2462 | Train Acc 93.02% | GradNorm 1.42
[CE seed=1034] Epoch 130/200 | LR 0.100000 | Train Loss 0.2909 | Train Acc 90.41% | GradNorm 1.70
[CE seed=1034] Epoch 140/200 | LR 0.100000 | Train Loss 0.1850 | Train Acc 94.36% | GradNorm 1.32
[CE seed=1034] Epoch 150/200 | LR 0.100000 | Train Loss 0.2077 | Train Acc 93.41% | GradNorm 1.41
[CE seed=1034] Epoch 160/200 | LR 0.100000 | Train Loss 0.2085 | Train Acc 93.78% | GradNorm 1.40
[CE seed=1034] Epoch 170/200 | LR 0.001000 | Train Loss 0.0593 | Train Acc 98.71% | GradNorm 0.64
[CE seed=1034] Epoch 180/200 | LR 0.001000 | Train Loss 0.0437 | Train Acc 99.28% | GradNorm 0.51
[CE seed=1034] Epoch 190/200 | LR 0.000010 | Train Loss 0.0430 | Train Acc 99.22% | GradNorm 0.51
[CE] checkpoint -> CE_seed1034_final.pt
[CE seed=1034] Epoch 200/200 | LR 0.000010 | Train Loss 0.0430 | Train Acc 99.35% | GradNorm 0.50
[CE seed=1034] done in 683s (200 epochs, final-epoch model is the reported model)
History saved to /kaggle/working/rs3/runs/ridge_sinkhorn_3seed_v1/attempts/inner/ce/seed_1034/outer_2/inner_1/20260929T132707.665296Z-21f53754670b/expert_CE/seed_1034/outer_2/inner_1/training_history.json
Loaded checkpoint from /kaggle/working/rs3/runs/ridge_sinkhorn_3seed_v1/attempts/inner/ce/seed_1034/outer_2/inner_1/20260929T132707.665296Z-21f53754670b/expert_CE/seed_1034/outer_2/inner_1/checkpoints/CE_seed1034_final.pt (epoch 200, seed 1034)
[LongTailCIFAR100] Val set created:
  Total samples          : 2,170
  Head class (0) count   : 100
  Tail class (99) count  : 1
  Target imbalance ratio : 100.0
  Achieved IR            : 100.00
  Augmentations           : No
