[LongTailCIFAR100] Train set created:
  Total samples          : 6,508
  Head class (0) count   : 300
  Tail class (99) count  : 3
  Target imbalance ratio : 100.0
  Achieved IR            : 100.00
  Augmentations           : Yes
[CE seed=78] Epoch   1/200 | LR 0.020000 | Train Loss 4.3155 | Train Acc 9.00% | GradNorm 2.87
[CE seed=78] Epoch  10/200 | LR 0.100000 | Train Loss 2.7838 | Train Acc 30.49% | GradNorm 1.33
[CE seed=78] Epoch  20/200 | LR 0.100000 | Train Loss 2.0034 | Train Acc 46.68% | GradNorm 1.49
[CE seed=78] Epoch  30/200 | LR 0.100000 | Train Loss 1.5009 | Train Acc 59.07% | GradNorm 1.70
[CE seed=78] Epoch  40/200 | LR 0.100000 | Train Loss 1.1404 | Train Acc 66.59% | GradNorm 1.82
[CE seed=78] Epoch  50/200 | LR 0.100000 | Train Loss 0.8657 | Train Acc 74.11% | GradNorm 1.78
[CE seed=78] Epoch  60/200 | LR 0.100000 | Train Loss 0.6389 | Train Acc 80.35% | GradNorm 1.78
[CE seed=78] Epoch  70/200 | LR 0.100000 | Train Loss 0.5151 | Train Acc 83.64% | GradNorm 1.77
[CE seed=78] Epoch  80/200 | LR 0.100000 | Train Loss 0.3946 | Train Acc 87.89% | GradNorm 1.58
[CE seed=78] Epoch  90/200 | LR 0.100000 | Train Loss 0.3432 | Train Acc 89.26% | GradNorm 1.62
[CE seed=78] Epoch 100/200 | LR 0.100000 | Train Loss 0.3020 | Train Acc 90.46% | GradNorm 1.59
[CE seed=78] Epoch 110/200 | LR 0.100000 | Train Loss 0.2901 | Train Acc 90.87% | GradNorm 1.60
[CE seed=78] Epoch 120/200 | LR 0.100000 | Train Loss 0.2689 | Train Acc 91.16% | GradNorm 1.60
[CE seed=78] Epoch 130/200 | LR 0.100000 | Train Loss 0.2106 | Train Acc 93.61% | GradNorm 1.44
[CE seed=78] Epoch 140/200 | LR 0.100000 | Train Loss 0.2276 | Train Acc 92.78% | GradNorm 1.41
[CE seed=78] Epoch 150/200 | LR 0.100000 | Train Loss 0.2158 | Train Acc 93.38% | GradNorm 1.50
[CE seed=78] Epoch 160/200 | LR 0.100000 | Train Loss 0.2306 | Train Acc 92.93% | GradNorm 1.51
[CE seed=78] Epoch 170/200 | LR 0.001000 | Train Loss 0.0630 | Train Acc 98.96% | GradNorm 0.63
[CE seed=78] Epoch 180/200 | LR 0.001000 | Train Loss 0.0470 | Train Acc 99.15% | GradNorm 0.53
[CE seed=78] Epoch 190/200 | LR 0.000010 | Train Loss 0.0463 | Train Acc 99.28% | GradNorm 0.51
[CE] checkpoint -> CE_seed78_final.pt
[CE seed=78] Epoch 200/200 | LR 0.000010 | Train Loss 0.0448 | Train Acc 99.32% | GradNorm 0.49
[CE seed=78] done in 665s (200 epochs, final-epoch model is the reported model)
History saved to /kaggle/working/rs3/runs/ridge_sinkhorn_3seed_v1/attempts/inner/ce/seed_78/outer_1/inner_1/20260928T135724.720038Z-46081c74066a/expert_CE/seed_78/outer_1/inner_1/training_history.json
Loaded checkpoint from /kaggle/working/rs3/runs/ridge_sinkhorn_3seed_v1/attempts/inner/ce/seed_78/outer_1/inner_1/20260928T135724.720038Z-46081c74066a/expert_CE/seed_78/outer_1/inner_1/checkpoints/CE_seed78_final.pt (epoch 200, seed 78)
[LongTailCIFAR100] Val set created:
  Total samples          : 2,169
  Head class (0) count   : 100
  Tail class (99) count  : 1
  Target imbalance ratio : 100.0
  Achieved IR            : 100.00
  Augmentations           : No
