[LongTailCIFAR100] Train set created:
  Total samples          : 6,509
  Head class (0) count   : 300
  Tail class (99) count  : 3
  Target imbalance ratio : 100.0
  Achieved IR            : 100.00
  Augmentations           : Yes
[Mixup seed=78] Epoch   1/200 | LR 0.020000 | Train Loss 4.4073 | GradNorm 2.75
[Mixup seed=78] Epoch  10/200 | LR 0.100000 | Train Loss 3.4440 | GradNorm 0.93
[Mixup seed=78] Epoch  20/200 | LR 0.100000 | Train Loss 3.0986 | GradNorm 1.00
[Mixup seed=78] Epoch  30/200 | LR 0.100000 | Train Loss 2.8408 | GradNorm 1.08
[Mixup seed=78] Epoch  40/200 | LR 0.100000 | Train Loss 2.6911 | GradNorm 1.11
[Mixup seed=78] Epoch  50/200 | LR 0.100000 | Train Loss 2.5728 | GradNorm 1.13
[Mixup seed=78] Epoch  60/200 | LR 0.100000 | Train Loss 2.4909 | GradNorm 1.16
[Mixup seed=78] Epoch  70/200 | LR 0.100000 | Train Loss 2.3534 | GradNorm 1.21
[Mixup seed=78] Epoch  80/200 | LR 0.100000 | Train Loss 2.2013 | GradNorm 1.24
[Mixup seed=78] Epoch  90/200 | LR 0.100000 | Train Loss 2.2609 | GradNorm 1.21
[Mixup seed=78] Epoch 100/200 | LR 0.100000 | Train Loss 2.3217 | GradNorm 1.24
[Mixup seed=78] Epoch 110/200 | LR 0.100000 | Train Loss 2.2116 | GradNorm 1.27
[Mixup seed=78] Epoch 120/200 | LR 0.100000 | Train Loss 2.0538 | GradNorm 1.20
[Mixup seed=78] Epoch 130/200 | LR 0.100000 | Train Loss 2.2645 | GradNorm 1.26
[Mixup seed=78] Epoch 140/200 | LR 0.100000 | Train Loss 1.9202 | GradNorm 1.24
[Mixup seed=78] Epoch 150/200 | LR 0.100000 | Train Loss 2.1191 | GradNorm 1.23
[Mixup seed=78] Epoch 160/200 | LR 0.100000 | Train Loss 2.1549 | GradNorm 1.26
[Mixup seed=78] Epoch 170/200 | LR 0.001000 | Train Loss 1.7300 | GradNorm 1.04
[Mixup seed=78] Epoch 180/200 | LR 0.001000 | Train Loss 1.7198 | GradNorm 1.01
[Mixup seed=78] Epoch 190/200 | LR 0.000010 | Train Loss 1.7703 | GradNorm 1.02
[Mixup] checkpoint -> Mixup_seed78_final.pt
[Mixup seed=78] Epoch 200/200 | LR 0.000010 | Train Loss 1.8720 | GradNorm 1.06
[Mixup seed=78] done in 685s (200 epochs, final-epoch model is the reported model)
History saved to /kaggle/working/rs3/runs/ridge_sinkhorn_3seed_v1/attempts/inner/mixup/seed_78/outer_2/inner_2/20260930T000016.059505Z-ebb6452d1c4b/expert_Mixup/seed_78/outer_2/inner_2/training_history.json
Loaded checkpoint from /kaggle/working/rs3/runs/ridge_sinkhorn_3seed_v1/attempts/inner/mixup/seed_78/outer_2/inner_2/20260930T000016.059505Z-ebb6452d1c4b/expert_Mixup/seed_78/outer_2/inner_2/checkpoints/Mixup_seed78_final.pt (epoch 200, seed 78)
[LongTailCIFAR100] Val set created:
  Total samples          : 2,169
  Head class (0) count   : 100
  Tail class (99) count  : 1
  Target imbalance ratio : 100.0
  Achieved IR            : 100.00
  Augmentations           : No
