[LongTailCIFAR100] Train set created:
  Total samples          : 6,508
  Head class (0) count   : 300
  Tail class (99) count  : 3
  Target imbalance ratio : 100.0
  Achieved IR            : 100.00
  Augmentations           : Yes
[LAL seed=78] Epoch   1/200 | LR 0.020000 | Train Loss 4.2782 | Train Acc 4.16% | GradNorm 2.97
[LAL seed=78] Epoch  10/200 | LR 0.100000 | Train Loss 2.8114 | Train Acc 23.09% | GradNorm 1.31
[LAL seed=78] Epoch  20/200 | LR 0.100000 | Train Loss 2.0445 | Train Acc 37.98% | GradNorm 1.52
[LAL seed=78] Epoch  30/200 | LR 0.100000 | Train Loss 1.5224 | Train Acc 50.68% | GradNorm 1.64
[LAL seed=78] Epoch  40/200 | LR 0.100000 | Train Loss 1.1337 | Train Acc 59.56% | GradNorm 1.76
[LAL seed=78] Epoch  50/200 | LR 0.100000 | Train Loss 0.8508 | Train Acc 67.24% | GradNorm 1.77
[LAL seed=78] Epoch  60/200 | LR 0.100000 | Train Loss 0.6718 | Train Acc 73.22% | GradNorm 1.84
[LAL seed=78] Epoch  70/200 | LR 0.100000 | Train Loss 0.4834 | Train Acc 79.59% | GradNorm 1.69
[LAL seed=78] Epoch  80/200 | LR 0.100000 | Train Loss 0.4078 | Train Acc 82.34% | GradNorm 1.67
[LAL seed=78] Epoch  90/200 | LR 0.100000 | Train Loss 0.3688 | Train Acc 84.19% | GradNorm 1.69
[LAL seed=78] Epoch 100/200 | LR 0.100000 | Train Loss 0.3129 | Train Acc 86.25% | GradNorm 1.56
[LAL seed=78] Epoch 110/200 | LR 0.100000 | Train Loss 0.2848 | Train Acc 87.43% | GradNorm 1.56
[LAL seed=78] Epoch 120/200 | LR 0.100000 | Train Loss 0.2580 | Train Acc 88.49% | GradNorm 1.52
[LAL seed=78] Epoch 130/200 | LR 0.100000 | Train Loss 0.2830 | Train Acc 88.09% | GradNorm 1.64
[LAL seed=78] Epoch 140/200 | LR 0.100000 | Train Loss 0.2605 | Train Acc 88.61% | GradNorm 1.60
[LAL seed=78] Epoch 150/200 | LR 0.100000 | Train Loss 0.2601 | Train Acc 89.18% | GradNorm 1.64
[LAL seed=78] Epoch 160/200 | LR 0.100000 | Train Loss 0.2098 | Train Acc 90.73% | GradNorm 1.44
[LAL seed=78] Epoch 170/200 | LR 0.001000 | Train Loss 0.0562 | Train Acc 97.82% | GradNorm 0.62
[LAL seed=78] Epoch 180/200 | LR 0.001000 | Train Loss 0.0464 | Train Acc 98.19% | GradNorm 0.52
[LAL seed=78] Epoch 190/200 | LR 0.000010 | Train Loss 0.0410 | Train Acc 98.42% | GradNorm 0.49
[LAL] checkpoint -> LAL_seed78_final.pt
[LAL seed=78] Epoch 200/200 | LR 0.000010 | Train Loss 0.0396 | Train Acc 98.65% | GradNorm 0.47
[LAL seed=78] done in 687s (200 epochs, final-epoch model is the reported model)
History saved to /kaggle/working/rs3/runs/ridge_sinkhorn_3seed_v1/attempts/inner/logit_adjusted/seed_78/outer_2/inner_1/20260930T122706.793324Z-2cc6ccc99280/expert_LAL/seed_78/outer_2/inner_1/training_history.json
Loaded checkpoint from /kaggle/working/rs3/runs/ridge_sinkhorn_3seed_v1/attempts/inner/logit_adjusted/seed_78/outer_2/inner_1/20260930T122706.793324Z-2cc6ccc99280/expert_LAL/seed_78/outer_2/inner_1/checkpoints/LAL_seed78_final.pt (epoch 200, seed 78)
[LongTailCIFAR100] Val set created:
  Total samples          : 2,170
  Head class (0) count   : 100
  Tail class (99) count  : 1
  Target imbalance ratio : 100.0
  Achieved IR            : 100.00
  Augmentations           : No
