[LongTailCIFAR100] Train set created:
  Total samples          : 6,509
  Head class (0) count   : 300
  Tail class (99) count  : 3
  Target imbalance ratio : 100.0
  Achieved IR            : 100.00
  Augmentations           : Yes
[CE seed=78] Epoch   1/200 | LR 0.020000 | Train Loss 4.3564 | Train Acc 8.45% | GradNorm 2.95
[CE seed=78] Epoch  10/200 | LR 0.100000 | Train Loss 2.7316 | Train Acc 31.46% | GradNorm 1.36
[CE seed=78] Epoch  20/200 | LR 0.100000 | Train Loss 1.9547 | Train Acc 47.27% | GradNorm 1.56
[CE seed=78] Epoch  30/200 | LR 0.100000 | Train Loss 1.5193 | Train Acc 56.74% | GradNorm 1.71
[CE seed=78] Epoch  40/200 | LR 0.100000 | Train Loss 1.0821 | Train Acc 68.69% | GradNorm 1.75
[CE seed=78] Epoch  50/200 | LR 0.100000 | Train Loss 0.8053 | Train Acc 75.57% | GradNorm 1.75
[CE seed=78] Epoch  60/200 | LR 0.100000 | Train Loss 0.6125 | Train Acc 80.98% | GradNorm 1.80
[CE seed=78] Epoch  70/200 | LR 0.100000 | Train Loss 0.5026 | Train Acc 84.05% | GradNorm 1.74
[CE seed=78] Epoch  80/200 | LR 0.100000 | Train Loss 0.4136 | Train Acc 86.59% | GradNorm 1.67
[CE seed=78] Epoch  90/200 | LR 0.100000 | Train Loss 0.3422 | Train Acc 89.41% | GradNorm 1.62
[CE seed=78] Epoch 100/200 | LR 0.100000 | Train Loss 0.3201 | Train Acc 90.14% | GradNorm 1.62
[CE seed=78] Epoch 110/200 | LR 0.100000 | Train Loss 0.2940 | Train Acc 90.83% | GradNorm 1.58
[CE seed=78] Epoch 120/200 | LR 0.100000 | Train Loss 0.2999 | Train Acc 90.38% | GradNorm 1.65
[CE seed=78] Epoch 130/200 | LR 0.100000 | Train Loss 0.2721 | Train Acc 91.69% | GradNorm 1.61
[CE seed=78] Epoch 140/200 | LR 0.100000 | Train Loss 0.2246 | Train Acc 93.15% | GradNorm 1.50
[CE seed=78] Epoch 150/200 | LR 0.100000 | Train Loss 0.1698 | Train Acc 95.08% | GradNorm 1.26
[CE seed=78] Epoch 160/200 | LR 0.100000 | Train Loss 0.2553 | Train Acc 92.01% | GradNorm 1.60
[CE seed=78] Epoch 170/200 | LR 0.001000 | Train Loss 0.0665 | Train Acc 98.43% | GradNorm 0.70
[CE seed=78] Epoch 180/200 | LR 0.001000 | Train Loss 0.0464 | Train Acc 99.11% | GradNorm 0.52
[CE seed=78] Epoch 190/200 | LR 0.000010 | Train Loss 0.0433 | Train Acc 99.34% | GradNorm 0.51
[CE] checkpoint -> CE_seed78_final.pt
[CE seed=78] Epoch 200/200 | LR 0.000010 | Train Loss 0.0470 | Train Acc 99.17% | GradNorm 0.52
[CE seed=78] done in 685s (200 epochs, final-epoch model is the reported model)
History saved to /kaggle/working/rs3/runs/ridge_sinkhorn_3seed_v1/attempts/inner/ce/seed_78/outer_3/inner_3/20260929T155755.611888Z-d37a92323ddb/expert_CE/seed_78/outer_3/inner_3/training_history.json
Loaded checkpoint from /kaggle/working/rs3/runs/ridge_sinkhorn_3seed_v1/attempts/inner/ce/seed_78/outer_3/inner_3/20260929T155755.611888Z-d37a92323ddb/expert_CE/seed_78/outer_3/inner_3/checkpoints/CE_seed78_final.pt (epoch 200, seed 78)
[LongTailCIFAR100] Val set created:
  Total samples          : 2,169
  Head class (0) count   : 100
  Tail class (99) count  : 1
  Target imbalance ratio : 100.0
  Achieved IR            : 100.00
  Augmentations           : No
